9-10-2026 13:30:27 - log: Load engine in /Applications/Cocos/Creator/3.8.8/CocosCreator.app/Contents/Resources/resources/3d/engine
9-10-2026 13:30:27 - log: Register native engine in /Applications/Cocos/Creator/3.8.8/CocosCreator.app/Contents/Resources/resources/3d/engine/native
9-10-2026 13:30:27 - log: Request namespace: device-list
9-10-2026 13:30:29 - warn: [Package] Skip fix-device: Require the editor version 3.8.3
9-10-2026 13:30:31 - log: [Scene] meshopt wasm decoder initialized
9-10-2026 13:30:31 - log: [Scene] [bullet]:bullet wasm lib loaded.
9-10-2026 13:30:31 - log: [Scene] [box2d]:box2d wasm lib loaded.
9-10-2026 13:30:31 - log: [Scene] [PHYSICS]: using builtin.
9-10-2026 13:30:31 - log: [Scene] Cocos Creator v3.8.8
9-10-2026 13:30:31 - log: [Scene] Using custom pipeline: Builtin
9-10-2026 13:30:31 - log: [Scene] [PHYSICS]: switch from builtin to bullet.
9-10-2026 13:30:31 - log: [Scene] [PHYSICS2D]: switch from builtin to box2d.
9-10-2026 13:30:32 - warn: Request timeout, aborting...
9-10-2026 13:30:32 - warn: Failed to connect to login server: socket hang up
9-10-2026 19:33:36 - warn: [Window] 当前引擎模块配置内有部分模块 gfx-webgl 在当前平台 android 不支持，将会自动移除或者回退成其他模块Error: [Window] 当前引擎模块配置内有部分模块 gfx-webgl 在当前平台 android 不支持，将会自动移除或者回退成其他模块
    at console.warn (/Applications/Cocos/Creator/3.8.8/CocosCreator.app/Contents/Resources/app.asar/node_modules/@sentry/core/build/cjs/utils-hoist/instrument/console.js:38:14)
    at warnModuleFallBack (/Applications/Cocos/Creator/3.8.8/CocosCreator.app/Contents/Resources/app.asar/builtin/builder/dist/share/utils.ccc:1:3336)
    at VueComponent.refreshEngineConfig (/Applications/Cocos/Creator/3.8.8/CocosCreator.app/Contents/Resources/app.asar/builtin/builder/dist/panels/components/settings/index.ccc:1:17919)
    at async VueComponent.mounted (/Applications/Cocos/Creator/3.8.8/CocosCreator.app/Contents/Resources/app.asar/builtin/builder/dist/panels/components/settings/index.ccc:1:3892)
9-10-2026 19:33:36 - info: [Window] Download the Vue Devtools extension for a better development experience:
https://github.com/vuejs/vue-devtools
9-10-2026 19:33:36 - info: [Window] You are running Vue in development mode.
Make sure to turn on production mode when deploying for production.
See more tips at https://vuejs.org/guide/deployment.html
9-10-2026 19:34:33 - warn: [Window] 当前引擎模块配置内有部分模块 gfx-webgl 在当前平台 android 不支持，将会自动移除或者回退成其他模块Error: [Window] 当前引擎模块配置内有部分模块 gfx-webgl 在当前平台 android 不支持，将会自动移除或者回退成其他模块
    at console.warn (/Applications/Cocos/Creator/3.8.8/CocosCreator.app/Contents/Resources/app.asar/node_modules/@sentry/core/build/cjs/utils-hoist/instrument/console.js:38:14)
    at warnModuleFallBack (/Applications/Cocos/Creator/3.8.8/CocosCreator.app/Contents/Resources/app.asar/builtin/builder/dist/share/utils.ccc:1:3336)
    at VueComponent.refreshEngineConfig (/Applications/Cocos/Creator/3.8.8/CocosCreator.app/Contents/Resources/app.asar/builtin/builder/dist/panels/components/settings/index.ccc:1:17919)
    at async VueComponent.mounted (/Applications/Cocos/Creator/3.8.8/CocosCreator.app/Contents/Resources/app.asar/builtin/builder/dist/panels/components/settings/index.ccc:1:3892)
9-10-2026 19:34:33 - info: [Window] Download the Vue Devtools extension for a better development experience:
https://github.com/vuejs/vue-devtools
9-10-2026 19:34:33 - info: [Window] You are running Vue in development mode.
Make sure to turn on production mode when deploying for production.
See more tips at https://vuejs.org/guide/deployment.html
9-10-2026 19:35:24 - info: [Window] Download the Vue Devtools extension for a better development experience:
https://github.com/vuejs/vue-devtools
9-10-2026 19:35:24 - info: [Window] You are running Vue in development mode.
Make sure to turn on production mode when deploying for production.
See more tips at https://vuejs.org/guide/deployment.html
9-10-2026 19:36:15 - info: [Window] Download the Vue Devtools extension for a better development experience:
https://github.com/vuejs/vue-devtools
9-10-2026 19:36:15 - info: [Window] You are running Vue in development mode.
Make sure to turn on production mode when deploying for production.
See more tips at https://vuejs.org/guide/deployment.html
9-10-2026 19:36:45 - warn: [Window] query AFPHostPropertyCodeList failed!Error: [Window] query AFPHostPropertyCodeList failed!
    at console.warn (/Applications/Cocos/Creator/3.8.8/CocosCreator.app/Contents/Resources/app.asar/node_modules/@sentry/core/build/cjs/utils-hoist/instrument/console.js:38:14)
    at Vue.init (/Applications/Cocos/Creator/3.8.8/CocosCreator.app/Contents/Resources/app.asar/modules/platform-extensions/extensions/adsense-h5g-plugin/dist/panel.ccc:1:1477)
    at async Vue.mounted (/Applications/Cocos/Creator/3.8.8/CocosCreator.app/Contents/Resources/app.asar/modules/platform-extensions/extensions/adsense-h5g-plugin/dist/panel.ccc:1:2839)
9-10-2026 19:36:45 - warn: [Window] timeout exceededError: [Window] timeout exceeded
    at console.warn (/Applications/Cocos/Creator/3.8.8/CocosCreator.app/Contents/Resources/app.asar/node_modules/@sentry/core/build/cjs/utils-hoist/instrument/console.js:38:14)
    at Vue.init (/Applications/Cocos/Creator/3.8.8/CocosCreator.app/Contents/Resources/app.asar/modules/platform-extensions/extensions/adsense-h5g-plugin/dist/panel.ccc:1:1531)
    at async Vue.mounted (/Applications/Cocos/Creator/3.8.8/CocosCreator.app/Contents/Resources/app.asar/modules/platform-extensions/extensions/adsense-h5g-plugin/dist/panel.ccc:1:2839)
9-10-2026 19:38:06 - info: [Window] Download the Vue Devtools extension for a better development experience:
https://github.com/vuejs/vue-devtools
9-10-2026 19:38:06 - info: [Window] You are running Vue in development mode.
Make sure to turn on production mode when deploying for production.
See more tips at https://vuejs.org/guide/deployment.html
9-10-2026 19:38:26 - warn: [Window] 当前引擎模块配置内有部分模块 gfx-webgl 在当前平台 android 不支持，将会自动移除或者回退成其他模块Error: [Window] 当前引擎模块配置内有部分模块 gfx-webgl 在当前平台 android 不支持，将会自动移除或者回退成其他模块
    at console.warn (/Applications/Cocos/Creator/3.8.8/CocosCreator.app/Contents/Resources/app.asar/node_modules/@sentry/core/build/cjs/utils-hoist/instrument/console.js:38:14)
    at warnModuleFallBack (/Applications/Cocos/Creator/3.8.8/CocosCreator.app/Contents/Resources/app.asar/builtin/builder/dist/share/utils.ccc:1:3336)
    at VueComponent.refreshEngineConfig (/Applications/Cocos/Creator/3.8.8/CocosCreator.app/Contents/Resources/app.asar/builtin/builder/dist/panels/components/settings/index.ccc:1:17919)
    at async VueComponent.mounted (/Applications/Cocos/Creator/3.8.8/CocosCreator.app/Contents/Resources/app.asar/builtin/builder/dist/panels/components/settings/index.ccc:1:3892)
9-10-2026 19:38:26 - info: [Window] Download the Vue Devtools extension for a better development experience:
https://github.com/vuejs/vue-devtools
9-10-2026 19:38:26 - info: [Window] You are running Vue in development mode.
Make sure to turn on production mode when deploying for production.
See more tips at https://vuejs.org/guide/deployment.html
9-10-2026 19:39:36 - warn: [Window] 当前引擎模块配置内有部分模块 gfx-webgl 在当前平台 android 不支持，将会自动移除或者回退成其他模块Error: [Window] 当前引擎模块配置内有部分模块 gfx-webgl 在当前平台 android 不支持，将会自动移除或者回退成其他模块
    at console.warn (/Applications/Cocos/Creator/3.8.8/CocosCreator.app/Contents/Resources/app.asar/node_modules/@sentry/core/build/cjs/utils-hoist/instrument/console.js:38:14)
    at warnModuleFallBack (/Applications/Cocos/Creator/3.8.8/CocosCreator.app/Contents/Resources/app.asar/builtin/builder/dist/share/utils.ccc:1:3336)
    at VueComponent.refreshEngineConfig (/Applications/Cocos/Creator/3.8.8/CocosCreator.app/Contents/Resources/app.asar/builtin/builder/dist/panels/components/settings/index.ccc:1:17919)
    at async VueComponent.mounted (/Applications/Cocos/Creator/3.8.8/CocosCreator.app/Contents/Resources/app.asar/builtin/builder/dist/panels/components/settings/index.ccc:1:3892)
9-10-2026 19:39:36 - info: [Window] Download the Vue Devtools extension for a better development experience:
https://github.com/vuejs/vue-devtools
9-10-2026 19:39:36 - info: [Window] You are running Vue in development mode.
Make sure to turn on production mode when deploying for production.
See more tips at https://vuejs.org/guide/deployment.html
9-10-2026 19:39:53 - warn: [Window] 当前引擎模块配置内有部分模块 gfx-webgl 在当前平台 android 不支持，将会自动移除或者回退成其他模块Error: [Window] 当前引擎模块配置内有部分模块 gfx-webgl 在当前平台 android 不支持，将会自动移除或者回退成其他模块
    at console.warn (/Applications/Cocos/Creator/3.8.8/CocosCreator.app/Contents/Resources/app.asar/node_modules/@sentry/core/build/cjs/utils-hoist/instrument/console.js:38:14)
    at warnModuleFallBack (/Applications/Cocos/Creator/3.8.8/CocosCreator.app/Contents/Resources/app.asar/builtin/builder/dist/share/utils.ccc:1:3336)
    at VueComponent.refreshEngineConfig (/Applications/Cocos/Creator/3.8.8/CocosCreator.app/Contents/Resources/app.asar/builtin/builder/dist/panels/components/settings/index.ccc:1:17919)
    at async VueComponent.mounted (/Applications/Cocos/Creator/3.8.8/CocosCreator.app/Contents/Resources/app.asar/builtin/builder/dist/panels/components/settings/index.ccc:1:3892)
9-10-2026 19:39:53 - info: [Window] Download the Vue Devtools extension for a better development experience:
https://github.com/vuejs/vue-devtools
9-10-2026 19:39:53 - info: [Window] You are running Vue in development mode.
Make sure to turn on production mode when deploying for production.
See more tips at https://vuejs.org/guide/deployment.html
9-10-2026 19:40:05 - warn: [Window] 当前引擎模块配置内有部分模块 gfx-webgl 在当前平台 android 不支持，将会自动移除或者回退成其他模块Error: [Window] 当前引擎模块配置内有部分模块 gfx-webgl 在当前平台 android 不支持，将会自动移除或者回退成其他模块
    at console.warn (/Applications/Cocos/Creator/3.8.8/CocosCreator.app/Contents/Resources/app.asar/node_modules/@sentry/core/build/cjs/utils-hoist/instrument/console.js:38:14)
    at warnModuleFallBack (/Applications/Cocos/Creator/3.8.8/CocosCreator.app/Contents/Resources/app.asar/builtin/builder/dist/share/utils.ccc:1:3336)
    at VueComponent.refreshEngineConfig (/Applications/Cocos/Creator/3.8.8/CocosCreator.app/Contents/Resources/app.asar/builtin/builder/dist/panels/components/settings/index.ccc:1:17919)
    at async VueComponent.mounted (/Applications/Cocos/Creator/3.8.8/CocosCreator.app/Contents/Resources/app.asar/builtin/builder/dist/panels/components/settings/index.ccc:1:3892)
9-10-2026 19:40:05 - info: [Window] Download the Vue Devtools extension for a better development experience:
https://github.com/vuejs/vue-devtools
9-10-2026 19:40:05 - info: [Window] You are running Vue in development mode.
Make sure to turn on production mode when deploying for production.
See more tips at https://vuejs.org/guide/deployment.html
9-10-2026 19:40:19 - warn: [Window] 当前引擎模块配置内有部分模块 gfx-webgl 在当前平台 android 不支持，将会自动移除或者回退成其他模块Error: [Window] 当前引擎模块配置内有部分模块 gfx-webgl 在当前平台 android 不支持，将会自动移除或者回退成其他模块
    at console.warn (/Applications/Cocos/Creator/3.8.8/CocosCreator.app/Contents/Resources/app.asar/node_modules/@sentry/core/build/cjs/utils-hoist/instrument/console.js:38:14)
    at warnModuleFallBack (/Applications/Cocos/Creator/3.8.8/CocosCreator.app/Contents/Resources/app.asar/builtin/builder/dist/share/utils.ccc:1:3336)
    at VueComponent.refreshEngineConfig (/Applications/Cocos/Creator/3.8.8/CocosCreator.app/Contents/Resources/app.asar/builtin/builder/dist/panels/components/settings/index.ccc:1:17919)
    at async VueComponent.mounted (/Applications/Cocos/Creator/3.8.8/CocosCreator.app/Contents/Resources/app.asar/builtin/builder/dist/panels/components/settings/index.ccc:1:3892)
9-10-2026 19:40:19 - info: [Window] Download the Vue Devtools extension for a better development experience:
https://github.com/vuejs/vue-devtools
9-10-2026 19:40:19 - info: [Window] You are running Vue in development mode.
Make sure to turn on production mode when deploying for production.
See more tips at https://vuejs.org/guide/deployment.html
9-10-2026 19:40:34 - warn: [Window] 当前引擎模块配置内有部分模块 gfx-webgl 在当前平台 android 不支持，将会自动移除或者回退成其他模块Error: [Window] 当前引擎模块配置内有部分模块 gfx-webgl 在当前平台 android 不支持，将会自动移除或者回退成其他模块
    at console.warn (/Applications/Cocos/Creator/3.8.8/CocosCreator.app/Contents/Resources/app.asar/node_modules/@sentry/core/build/cjs/utils-hoist/instrument/console.js:38:14)
    at warnModuleFallBack (/Applications/Cocos/Creator/3.8.8/CocosCreator.app/Contents/Resources/app.asar/builtin/builder/dist/share/utils.ccc:1:3336)
    at VueComponent.refreshEngineConfig (/Applications/Cocos/Creator/3.8.8/CocosCreator.app/Contents/Resources/app.asar/builtin/builder/dist/panels/components/settings/index.ccc:1:17919)
    at async VueComponent.mounted (/Applications/Cocos/Creator/3.8.8/CocosCreator.app/Contents/Resources/app.asar/builtin/builder/dist/panels/components/settings/index.ccc:1:3892)
9-10-2026 19:40:34 - info: [Window] Download the Vue Devtools extension for a better development experience:
https://github.com/vuejs/vue-devtools
9-10-2026 19:40:34 - info: [Window] You are running Vue in development mode.
Make sure to turn on production mode when deploying for production.
See more tips at https://vuejs.org/guide/deployment.html
9-10-2026 19:40:44 - error: [Assets] Cannot find module '/Users/byron/custom-proj/GameBox/extensions/hotfix-builder/dist/hooks'
Require stack:
- /Applications/Cocos/Creator/3.8.8/CocosCreator.app/Contents/Resources/app.asar/node_modules/@editor/creator/dist/module/protected/public.ccc
- /Applications/Cocos/Creator/3.8.8/CocosCreator.app/Contents/Resources/app.asar/node_modules/@editor/creator/dist/module/protected/index.ccc
- /Applications/Cocos/Creator/3.8.8/CocosCreator.app/Contents/Resources/app.asar/node_modules/@editor/creator/dist/module/index.ccc
- /Applications/Cocos/Creator/3.8.8/CocosCreator.app/Contents/Resources/app.asar/node_modules/editor/preload.js
- /Applications/Cocos/Creator/3.8.8/CocosCreator.app/Contents/Resources/app.asar/builtin/asset-db/dist/worker/index.ccc
- /Applications/Cocos/Creator/3.8.8/CocosCreator.app/Contents/Resources/app.asar/node_modules/@base/electron-worker/static/script.ccc
- /Applications/Cocos/Creator/3.8.8/CocosCreator.app/Contents/Resources/app.asar/node_modules/@base/electron-worker/static/worker.htmlError: Cannot find module '/Users/byron/custom-proj/GameBox/extensions/hotfix-builder/dist/hooks'
Require stack:
- /Applications/Cocos/Creator/3.8.8/CocosCreator.app/Contents/Resources/app.asar/node_modules/@editor/creator/dist/module/protected/public.ccc
- /Applications/Cocos/Creator/3.8.8/CocosCreator.app/Contents/Resources/app.asar/node_modules/@editor/creator/dist/module/protected/index.ccc
- /Applications/Cocos/Creator/3.8.8/CocosCreator.app/Contents/Resources/app.asar/node_modules/@editor/creator/dist/module/index.ccc
- /Applications/Cocos/Creator/3.8.8/CocosCreator.app/Contents/Resources/app.asar/node_modules/editor/preload.js
- /Applications/Cocos/Creator/3.8.8/CocosCreator.app/Contents/Resources/app.asar/builtin/asset-db/dist/worker/index.ccc
- /Applications/Cocos/Creator/3.8.8/CocosCreator.app/Contents/Resources/app.asar/node_modules/@base/electron-worker/static/script.ccc
- /Applications/Cocos/Creator/3.8.8/CocosCreator.app/Contents/Resources/app.asar/node_modules/@base/electron-worker/static/worker.html
    at Module._resolveFilename (node:internal/modules/cjs/loader:1152:15)
    at Function.a._resolveFilename (node:electron/js2c/renderer_init:2:2669)
    at Function._resolveFilename (/Applications/Cocos/Creator/3.8.8/CocosCreator.app/Contents/Resources/app.asar/node_modules/cc/preload.ts:109:46)
    at Function.n.resolve (/Applications/Cocos/Creator/3.8.8/CocosCreator.app/Contents/Resources/app.asar/node_modules/@editor/creator/dist/require.js:1:2896)
    at Object.requireFile (/Applications/Cocos/Creator/3.8.8/CocosCreator.app/Contents/Resources/app.asar/node_modules/@editor/creator/dist/module/protected/public.ccc:1:455)
    at PluginManager.register (/Applications/Cocos/Creator/3.8.8/CocosCreator.app/Contents/Resources/app.asar/builtin/builder/dist/worker/plugin.ccc:1:1138)
    at updatePlugin (/Applications/Cocos/Creator/3.8.8/CocosCreator.app/Contents/Resources/app.asar/builtin/builder/dist/worker/index.ccc:1:9734)
    at Ipc.<anonymous> (/Applications/Cocos/Creator/3.8.8/CocosCreator.app/Contents/Resources/app.asar/builtin/builder/dist/worker/msg-util.ccc:1:216)
    at Ipc.emit (node:events:519:28)
    at EventEmitter.<anonymous> (/Applications/Cocos/Creator/3.8.8/CocosCreator.app/Contents/Resources/app.asar/node_modules/@base/electron-worker/static/script.ccc:1:1664)
    at EventEmitter.emit (node:events:519:28)
    at IpcRenderer.<anonymous> (/Applications/Cocos/Creator/3.8.8/CocosCreator.app/Contents/Resources/app.asar/node_modules/@base/electron-base-ipc/dist/renderer.ccc:1:3858)
    at IpcRenderer.emit (node:events:519:28)
    at Object.onMessage (node:electron/js2c/renderer_init:2:8837)
9-10-2026 19:40:44 - error: [Assets] register plugin hotfix-builder in build worker failed!Error: [Assets] register plugin hotfix-builder in build worker failed!
    at console.error (/Applications/Cocos/Creator/3.8.8/CocosCreator.app/Contents/Resources/app.asar/node_modules/@sentry/core/src/utils-hoist/instrument/console.ts:40:14)
    at NewConsole.error (/Applications/Cocos/Creator/3.8.8/CocosCreator.app/Contents/Resources/app.asar/builtin/asset-db/dist/worker/console.ccc:1:1536)
    at PluginManager.register (/Applications/Cocos/Creator/3.8.8/CocosCreator.app/Contents/Resources/app.asar/builtin/builder/dist/worker/plugin.ccc:1:1450)
    at updatePlugin (/Applications/Cocos/Creator/3.8.8/CocosCreator.app/Contents/Resources/app.asar/builtin/builder/dist/worker/index.ccc:1:9734)
    at Ipc.<anonymous> (/Applications/Cocos/Creator/3.8.8/CocosCreator.app/Contents/Resources/app.asar/builtin/builder/dist/worker/msg-util.ccc:1:216)
    at Ipc.emit (node:events:519:28)
    at EventEmitter.<anonymous> (/Applications/Cocos/Creator/3.8.8/CocosCreator.app/Contents/Resources/app.asar/node_modules/@base/electron-worker/static/script.ccc:1:1664)
    at EventEmitter.emit (node:events:519:28)
    at IpcRenderer.<anonymous> (/Applications/Cocos/Creator/3.8.8/CocosCreator.app/Contents/Resources/app.asar/node_modules/@base/electron-base-ipc/dist/renderer.ccc:1:3858)
    at IpcRenderer.emit (node:events:519:28)
    at Object.onMessage (node:electron/js2c/renderer_init:2:8837)
9-10-2026 19:41:05 - warn: [Window] 当前引擎模块配置内有部分模块 gfx-webgl 在当前平台 android 不支持，将会自动移除或者回退成其他模块Error: [Window] 当前引擎模块配置内有部分模块 gfx-webgl 在当前平台 android 不支持，将会自动移除或者回退成其他模块
    at console.warn (/Applications/Cocos/Creator/3.8.8/CocosCreator.app/Contents/Resources/app.asar/node_modules/@sentry/core/build/cjs/utils-hoist/instrument/console.js:38:14)
    at warnModuleFallBack (/Applications/Cocos/Creator/3.8.8/CocosCreator.app/Contents/Resources/app.asar/builtin/builder/dist/share/utils.ccc:1:3336)
    at VueComponent.refreshEngineConfig (/Applications/Cocos/Creator/3.8.8/CocosCreator.app/Contents/Resources/app.asar/builtin/builder/dist/panels/components/settings/index.ccc:1:17919)
    at async VueComponent.mounted (/Applications/Cocos/Creator/3.8.8/CocosCreator.app/Contents/Resources/app.asar/builtin/builder/dist/panels/components/settings/index.ccc:1:3892)
9-10-2026 19:41:05 - info: [Window] Download the Vue Devtools extension for a better development experience:
https://github.com/vuejs/vue-devtools
9-10-2026 19:41:05 - info: [Window] You are running Vue in development mode.
Make sure to turn on production mode when deploying for production.
See more tips at https://vuejs.org/guide/deployment.html
9-10-2026 19:42:27 - warn: [Window] 当前引擎模块配置内有部分模块 gfx-webgl 在当前平台 android 不支持，将会自动移除或者回退成其他模块Error: [Window] 当前引擎模块配置内有部分模块 gfx-webgl 在当前平台 android 不支持，将会自动移除或者回退成其他模块
    at console.warn (/Applications/Cocos/Creator/3.8.8/CocosCreator.app/Contents/Resources/app.asar/node_modules/@sentry/core/build/cjs/utils-hoist/instrument/console.js:38:14)
    at warnModuleFallBack (/Applications/Cocos/Creator/3.8.8/CocosCreator.app/Contents/Resources/app.asar/builtin/builder/dist/share/utils.ccc:1:3336)
    at VueComponent.refreshEngineConfig (/Applications/Cocos/Creator/3.8.8/CocosCreator.app/Contents/Resources/app.asar/builtin/builder/dist/panels/components/settings/index.ccc:1:17919)
    at async VueComponent.mounted (/Applications/Cocos/Creator/3.8.8/CocosCreator.app/Contents/Resources/app.asar/builtin/builder/dist/panels/components/settings/index.ccc:1:3892)
9-10-2026 19:42:27 - info: [Window] Download the Vue Devtools extension for a better development experience:
https://github.com/vuejs/vue-devtools
9-10-2026 19:42:27 - info: [Window] You are running Vue in development mode.
Make sure to turn on production mode when deploying for production.
See more tips at https://vuejs.org/guide/deployment.html
9-10-2026 19:42:38 - warn: [Assets] 当前引擎模块配置内有部分模块 gfx-webgl 在当前平台 android 不支持，将会自动移除或者回退成其他模块Warn: [Assets] 当前引擎模块配置内有部分模块 gfx-webgl 在当前平台 android 不支持，将会自动移除或者回退成其他模块
    at console.warn (/Applications/Cocos/Creator/3.8.8/CocosCreator.app/Contents/Resources/app.asar/node_modules/@sentry/core/src/utils-hoist/instrument/console.ts:40:14)
    at NewConsole.warn (/Applications/Cocos/Creator/3.8.8/CocosCreator.app/Contents/Resources/app.asar/builtin/asset-db/dist/worker/console.ccc:1:1637)
    at NewConsole.warn (/Applications/Cocos/Creator/3.8.8/CocosCreator.app/Contents/Resources/app.asar/builtin/builder/dist/worker/console.ccc:1:2358)
    at warnModuleFallBack (/Applications/Cocos/Creator/3.8.8/CocosCreator.app/Contents/Resources/app.asar/builtin/builder/dist/share/utils.ccc:1:3336)
    at checkProjectSetting (/Applications/Cocos/Creator/3.8.8/CocosCreator.app/Contents/Resources/app.asar/builtin/builder/dist/share/common-options-validator.ccc:1:8200)
    at BuildTask.initOptions (/Applications/Cocos/Creator/3.8.8/CocosCreator.app/Contents/Resources/app.asar/builtin/builder/dist/worker/builder/index.ccc:1:9952)
    at BuildTask.init (/Applications/Cocos/Creator/3.8.8/CocosCreator.app/Contents/Resources/app.asar/builtin/builder/dist/worker/builder/index.ccc:1:3382)
    at BuildTask.run (/Applications/Cocos/Creator/3.8.8/CocosCreator.app/Contents/Resources/app.asar/builtin/builder/dist/worker/builder/index.ccc:1:3885)
    at build (/Applications/Cocos/Creator/3.8.8/CocosCreator.app/Contents/Resources/app.asar/builtin/builder/dist/worker/index.ccc:1:4763)
    at Ipc.<anonymous> (/Applications/Cocos/Creator/3.8.8/CocosCreator.app/Contents/Resources/app.asar/builtin/builder/dist/worker/msg-util.ccc:1:210)
9-10-2026 19:56:12 - warn: [Assets] 当前引擎模块配置内有部分模块 gfx-webgl 在当前平台 android 不支持，将会自动移除或者回退成其他模块Warn: [Assets] 当前引擎模块配置内有部分模块 gfx-webgl 在当前平台 android 不支持，将会自动移除或者回退成其他模块
    at console.warn (/Applications/Cocos/Creator/3.8.8/CocosCreator.app/Contents/Resources/app.asar/node_modules/@sentry/core/src/utils-hoist/instrument/console.ts:40:14)
    at NewConsole.warn (/Applications/Cocos/Creator/3.8.8/CocosCreator.app/Contents/Resources/app.asar/builtin/asset-db/dist/worker/console.ccc:1:1637)
    at NewConsole.warn (/Applications/Cocos/Creator/3.8.8/CocosCreator.app/Contents/Resources/app.asar/builtin/builder/dist/worker/console.ccc:1:2358)
    at warnModuleFallBack (/Applications/Cocos/Creator/3.8.8/CocosCreator.app/Contents/Resources/app.asar/builtin/builder/dist/share/utils.ccc:1:3336)
    at checkProjectSetting (/Applications/Cocos/Creator/3.8.8/CocosCreator.app/Contents/Resources/app.asar/builtin/builder/dist/share/common-options-validator.ccc:1:8200)
    at BuildTask.initOptions (/Applications/Cocos/Creator/3.8.8/CocosCreator.app/Contents/Resources/app.asar/builtin/builder/dist/worker/builder/index.ccc:1:9952)
    at BuildTask.init (/Applications/Cocos/Creator/3.8.8/CocosCreator.app/Contents/Resources/app.asar/builtin/builder/dist/worker/builder/index.ccc:1:3382)
    at BuildTask.run (/Applications/Cocos/Creator/3.8.8/CocosCreator.app/Contents/Resources/app.asar/builtin/builder/dist/worker/builder/index.ccc:1:3885)
    at build (/Applications/Cocos/Creator/3.8.8/CocosCreator.app/Contents/Resources/app.asar/builtin/builder/dist/worker/index.ccc:1:4763)
    at Ipc.<anonymous> (/Applications/Cocos/Creator/3.8.8/CocosCreator.app/Contents/Resources/app.asar/builtin/builder/dist/worker/msg-util.ccc:1:210)
9-10-2026 19:56:17 - warn: [Assets] 当前引擎模块配置内有部分模块 gfx-webgl 在当前平台 android 不支持，将会自动移除或者回退成其他模块Warn: [Assets] 当前引擎模块配置内有部分模块 gfx-webgl 在当前平台 android 不支持，将会自动移除或者回退成其他模块
    at console.warn (/Applications/Cocos/Creator/3.8.8/CocosCreator.app/Contents/Resources/app.asar/node_modules/@sentry/core/src/utils-hoist/instrument/console.ts:40:14)
    at NewConsole.warn (/Applications/Cocos/Creator/3.8.8/CocosCreator.app/Contents/Resources/app.asar/builtin/asset-db/dist/worker/console.ccc:1:1637)
    at NewConsole.warn (/Applications/Cocos/Creator/3.8.8/CocosCreator.app/Contents/Resources/app.asar/builtin/builder/dist/worker/console.ccc:1:2358)
    at warnModuleFallBack (/Applications/Cocos/Creator/3.8.8/CocosCreator.app/Contents/Resources/app.asar/builtin/builder/dist/share/utils.ccc:1:3336)
    at checkProjectSetting (/Applications/Cocos/Creator/3.8.8/CocosCreator.app/Contents/Resources/app.asar/builtin/builder/dist/share/common-options-validator.ccc:1:8200)
    at BuildTask.initOptions (/Applications/Cocos/Creator/3.8.8/CocosCreator.app/Contents/Resources/app.asar/builtin/builder/dist/worker/builder/index.ccc:1:9952)
    at BuildTask.init (/Applications/Cocos/Creator/3.8.8/CocosCreator.app/Contents/Resources/app.asar/builtin/builder/dist/worker/builder/index.ccc:1:3382)
    at BuildTask.run (/Applications/Cocos/Creator/3.8.8/CocosCreator.app/Contents/Resources/app.asar/builtin/builder/dist/worker/builder/index.ccc:1:3885)
    at build (/Applications/Cocos/Creator/3.8.8/CocosCreator.app/Contents/Resources/app.asar/builtin/builder/dist/worker/index.ccc:1:4763)
    at Ipc.<anonymous> (/Applications/Cocos/Creator/3.8.8/CocosCreator.app/Contents/Resources/app.asar/builtin/builder/dist/worker/msg-util.ccc:1:210)
9-10-2026 20:05:21 - error: [Assets] Cannot find module '/Users/byron/custom-proj/GameBox/extensions/hotfix-builder/dist/hooks'
Require stack:
- /Applications/Cocos/Creator/3.8.8/CocosCreator.app/Contents/Resources/app.asar/node_modules/@editor/creator/dist/module/protected/public.ccc
- /Applications/Cocos/Creator/3.8.8/CocosCreator.app/Contents/Resources/app.asar/node_modules/@editor/creator/dist/module/protected/index.ccc
- /Applications/Cocos/Creator/3.8.8/CocosCreator.app/Contents/Resources/app.asar/node_modules/@editor/creator/dist/module/index.ccc
- /Applications/Cocos/Creator/3.8.8/CocosCreator.app/Contents/Resources/app.asar/node_modules/editor/preload.js
- /Applications/Cocos/Creator/3.8.8/CocosCreator.app/Contents/Resources/app.asar/builtin/asset-db/dist/worker/index.ccc
- /Applications/Cocos/Creator/3.8.8/CocosCreator.app/Contents/Resources/app.asar/node_modules/@base/electron-worker/static/script.ccc
- /Applications/Cocos/Creator/3.8.8/CocosCreator.app/Contents/Resources/app.asar/node_modules/@base/electron-worker/static/worker.htmlError: Cannot find module '/Users/byron/custom-proj/GameBox/extensions/hotfix-builder/dist/hooks'
Require stack:
- /Applications/Cocos/Creator/3.8.8/CocosCreator.app/Contents/Resources/app.asar/node_modules/@editor/creator/dist/module/protected/public.ccc
- /Applications/Cocos/Creator/3.8.8/CocosCreator.app/Contents/Resources/app.asar/node_modules/@editor/creator/dist/module/protected/index.ccc
- /Applications/Cocos/Creator/3.8.8/CocosCreator.app/Contents/Resources/app.asar/node_modules/@editor/creator/dist/module/index.ccc
- /Applications/Cocos/Creator/3.8.8/CocosCreator.app/Contents/Resources/app.asar/node_modules/editor/preload.js
- /Applications/Cocos/Creator/3.8.8/CocosCreator.app/Contents/Resources/app.asar/builtin/asset-db/dist/worker/index.ccc
- /Applications/Cocos/Creator/3.8.8/CocosCreator.app/Contents/Resources/app.asar/node_modules/@base/electron-worker/static/script.ccc
- /Applications/Cocos/Creator/3.8.8/CocosCreator.app/Contents/Resources/app.asar/node_modules/@base/electron-worker/static/worker.html
    at Module._resolveFilename (node:internal/modules/cjs/loader:1152:15)
    at Function.a._resolveFilename (node:electron/js2c/renderer_init:2:2669)
    at Function._resolveFilename (/Applications/Cocos/Creator/3.8.8/CocosCreator.app/Contents/Resources/app.asar/node_modules/cc/preload.ts:109:46)
    at Function.n.resolve (/Applications/Cocos/Creator/3.8.8/CocosCreator.app/Contents/Resources/app.asar/node_modules/@editor/creator/dist/require.js:1:2896)
    at Object.requireFile (/Applications/Cocos/Creator/3.8.8/CocosCreator.app/Contents/Resources/app.asar/node_modules/@editor/creator/dist/module/protected/public.ccc:1:455)
    at PluginManager.unregister (/Applications/Cocos/Creator/3.8.8/CocosCreator.app/Contents/Resources/app.asar/builtin/builder/dist/worker/plugin.ccc:1:1960)
    at updatePlugin (/Applications/Cocos/Creator/3.8.8/CocosCreator.app/Contents/Resources/app.asar/builtin/builder/dist/worker/index.ccc:1:9734)
    at Ipc.<anonymous> (/Applications/Cocos/Creator/3.8.8/CocosCreator.app/Contents/Resources/app.asar/builtin/builder/dist/worker/msg-util.ccc:1:216)
    at Ipc.emit (node:events:519:28)
    at EventEmitter.<anonymous> (/Applications/Cocos/Creator/3.8.8/CocosCreator.app/Contents/Resources/app.asar/node_modules/@base/electron-worker/static/script.ccc:1:1664)
    at EventEmitter.emit (node:events:519:28)
    at IpcRenderer.<anonymous> (/Applications/Cocos/Creator/3.8.8/CocosCreator.app/Contents/Resources/app.asar/node_modules/@base/electron-base-ipc/dist/renderer.ccc:1:3858)
    at IpcRenderer.emit (node:events:519:28)
    at Object.onMessage (node:electron/js2c/renderer_init:2:8837)
9-10-2026 20:05:21 - error: [Assets] unregister plugin hotfix-builder in build worker failed!Error: [Assets] unregister plugin hotfix-builder in build worker failed!
    at console.error (/Applications/Cocos/Creator/3.8.8/CocosCreator.app/Contents/Resources/app.asar/node_modules/@sentry/core/src/utils-hoist/instrument/console.ts:40:14)
    at NewConsole.error (/Applications/Cocos/Creator/3.8.8/CocosCreator.app/Contents/Resources/app.asar/builtin/asset-db/dist/worker/console.ccc:1:1536)
    at PluginManager.unregister (/Applications/Cocos/Creator/3.8.8/CocosCreator.app/Contents/Resources/app.asar/builtin/builder/dist/worker/plugin.ccc:1:2217)
    at updatePlugin (/Applications/Cocos/Creator/3.8.8/CocosCreator.app/Contents/Resources/app.asar/builtin/builder/dist/worker/index.ccc:1:9734)
    at Ipc.<anonymous> (/Applications/Cocos/Creator/3.8.8/CocosCreator.app/Contents/Resources/app.asar/builtin/builder/dist/worker/msg-util.ccc:1:216)
    at Ipc.emit (node:events:519:28)
    at EventEmitter.<anonymous> (/Applications/Cocos/Creator/3.8.8/CocosCreator.app/Contents/Resources/app.asar/node_modules/@base/electron-worker/static/script.ccc:1:1664)
    at EventEmitter.emit (node:events:519:28)
    at IpcRenderer.<anonymous> (/Applications/Cocos/Creator/3.8.8/CocosCreator.app/Contents/Resources/app.asar/node_modules/@base/electron-base-ipc/dist/renderer.ccc:1:3858)
    at IpcRenderer.emit (node:events:519:28)
    at Object.onMessage (node:electron/js2c/renderer_init:2:8837)
9-10-2026 20:06:23 - warn: [Window] 当前引擎模块配置内有部分模块 gfx-webgl 在当前平台 android 不支持，将会自动移除或者回退成其他模块Error: [Window] 当前引擎模块配置内有部分模块 gfx-webgl 在当前平台 android 不支持，将会自动移除或者回退成其他模块
    at console.warn (/Applications/Cocos/Creator/3.8.8/CocosCreator.app/Contents/Resources/app.asar/node_modules/@sentry/core/build/cjs/utils-hoist/instrument/console.js:38:14)
    at warnModuleFallBack (/Applications/Cocos/Creator/3.8.8/CocosCreator.app/Contents/Resources/app.asar/builtin/builder/dist/share/utils.ccc:1:3336)
    at VueComponent.refreshEngineConfig (/Applications/Cocos/Creator/3.8.8/CocosCreator.app/Contents/Resources/app.asar/builtin/builder/dist/panels/components/settings/index.ccc:1:17919)
    at async VueComponent.mounted (/Applications/Cocos/Creator/3.8.8/CocosCreator.app/Contents/Resources/app.asar/builtin/builder/dist/panels/components/settings/index.ccc:1:3892)
9-10-2026 20:06:23 - info: [Window] Download the Vue Devtools extension for a better development experience:
https://github.com/vuejs/vue-devtools
9-10-2026 20:06:23 - info: [Window] You are running Vue in development mode.
Make sure to turn on production mode when deploying for production.
See more tips at https://vuejs.org/guide/deployment.html
9-10-2026 20:07:09 - warn: [Assets] 当前引擎模块配置内有部分模块 gfx-webgl 在当前平台 android 不支持，将会自动移除或者回退成其他模块Warn: [Assets] 当前引擎模块配置内有部分模块 gfx-webgl 在当前平台 android 不支持，将会自动移除或者回退成其他模块
    at console.warn (/Applications/Cocos/Creator/3.8.8/CocosCreator.app/Contents/Resources/app.asar/node_modules/@sentry/core/src/utils-hoist/instrument/console.ts:40:14)
    at NewConsole.warn (/Applications/Cocos/Creator/3.8.8/CocosCreator.app/Contents/Resources/app.asar/builtin/asset-db/dist/worker/console.ccc:1:1637)
    at NewConsole.warn (/Applications/Cocos/Creator/3.8.8/CocosCreator.app/Contents/Resources/app.asar/builtin/builder/dist/worker/console.ccc:1:2358)
    at warnModuleFallBack (/Applications/Cocos/Creator/3.8.8/CocosCreator.app/Contents/Resources/app.asar/builtin/builder/dist/share/utils.ccc:1:3336)
    at checkProjectSetting (/Applications/Cocos/Creator/3.8.8/CocosCreator.app/Contents/Resources/app.asar/builtin/builder/dist/share/common-options-validator.ccc:1:8200)
    at BuildTask.initOptions (/Applications/Cocos/Creator/3.8.8/CocosCreator.app/Contents/Resources/app.asar/builtin/builder/dist/worker/builder/index.ccc:1:9952)
    at BuildTask.init (/Applications/Cocos/Creator/3.8.8/CocosCreator.app/Contents/Resources/app.asar/builtin/builder/dist/worker/builder/index.ccc:1:3382)
    at BuildTask.run (/Applications/Cocos/Creator/3.8.8/CocosCreator.app/Contents/Resources/app.asar/builtin/builder/dist/worker/builder/index.ccc:1:3885)
    at build (/Applications/Cocos/Creator/3.8.8/CocosCreator.app/Contents/Resources/app.asar/builtin/builder/dist/worker/index.ccc:1:4763)
    at Ipc.<anonymous> (/Applications/Cocos/Creator/3.8.8/CocosCreator.app/Contents/Resources/app.asar/builtin/builder/dist/worker/msg-util.ccc:1:210)
9-10-2026 20:08:51 - info: [Window] Download the Vue Devtools extension for a better development experience:
https://github.com/vuejs/vue-devtools
9-10-2026 20:08:51 - info: [Window] You are running Vue in development mode.
Make sure to turn on production mode when deploying for production.
See more tips at https://vuejs.org/guide/deployment.html
9-10-2026 20:11:54 - warn: [Window] 当前引擎模块配置内有部分模块 gfx-webgl 在当前平台 ios 不支持，将会自动移除或者回退成其他模块Error: [Window] 当前引擎模块配置内有部分模块 gfx-webgl 在当前平台 ios 不支持，将会自动移除或者回退成其他模块
    at console.warn (/Applications/Cocos/Creator/3.8.8/CocosCreator.app/Contents/Resources/app.asar/node_modules/@sentry/core/build/cjs/utils-hoist/instrument/console.js:38:14)
    at warnModuleFallBack (/Applications/Cocos/Creator/3.8.8/CocosCreator.app/Contents/Resources/app.asar/builtin/builder/dist/share/utils.ccc:1:3336)
    at VueComponent.refreshEngineConfig (/Applications/Cocos/Creator/3.8.8/CocosCreator.app/Contents/Resources/app.asar/builtin/builder/dist/panels/components/settings/index.ccc:1:17919)
    at async VueComponent.mounted (/Applications/Cocos/Creator/3.8.8/CocosCreator.app/Contents/Resources/app.asar/builtin/builder/dist/panels/components/settings/index.ccc:1:3892)
9-10-2026 20:11:54 - info: [Window] Download the Vue Devtools extension for a better development experience:
https://github.com/vuejs/vue-devtools
9-10-2026 20:11:54 - info: [Window] You are running Vue in development mode.
Make sure to turn on production mode when deploying for production.
See more tips at https://vuejs.org/guide/deployment.html
9-10-2026 20:12:04 - warn: [Assets] 当前引擎模块配置内有部分模块 gfx-webgl 在当前平台 ios 不支持，将会自动移除或者回退成其他模块Warn: [Assets] 当前引擎模块配置内有部分模块 gfx-webgl 在当前平台 ios 不支持，将会自动移除或者回退成其他模块
    at console.warn (/Applications/Cocos/Creator/3.8.8/CocosCreator.app/Contents/Resources/app.asar/node_modules/@sentry/core/src/utils-hoist/instrument/console.ts:40:14)
    at NewConsole.warn (/Applications/Cocos/Creator/3.8.8/CocosCreator.app/Contents/Resources/app.asar/builtin/asset-db/dist/worker/console.ccc:1:1637)
    at NewConsole.warn (/Applications/Cocos/Creator/3.8.8/CocosCreator.app/Contents/Resources/app.asar/builtin/builder/dist/worker/console.ccc:1:2358)
    at warnModuleFallBack (/Applications/Cocos/Creator/3.8.8/CocosCreator.app/Contents/Resources/app.asar/builtin/builder/dist/share/utils.ccc:1:3336)
    at checkProjectSetting (/Applications/Cocos/Creator/3.8.8/CocosCreator.app/Contents/Resources/app.asar/builtin/builder/dist/share/common-options-validator.ccc:1:8200)
    at BuildTask.initOptions (/Applications/Cocos/Creator/3.8.8/CocosCreator.app/Contents/Resources/app.asar/builtin/builder/dist/worker/builder/index.ccc:1:9952)
    at BuildTask.init (/Applications/Cocos/Creator/3.8.8/CocosCreator.app/Contents/Resources/app.asar/builtin/builder/dist/worker/builder/index.ccc:1:3382)
    at BuildTask.run (/Applications/Cocos/Creator/3.8.8/CocosCreator.app/Contents/Resources/app.asar/builtin/builder/dist/worker/builder/index.ccc:1:3885)
    at build (/Applications/Cocos/Creator/3.8.8/CocosCreator.app/Contents/Resources/app.asar/builtin/builder/dist/worker/index.ccc:1:4763)
    at Ipc.<anonymous> (/Applications/Cocos/Creator/3.8.8/CocosCreator.app/Contents/Resources/app.asar/builtin/builder/dist/worker/msg-util.ccc:1:210)
9-10-2026 20:14:19 - warn: [Assets] 当前引擎模块配置内有部分模块 gfx-webgl 在当前平台 android 不支持，将会自动移除或者回退成其他模块Warn: [Assets] 当前引擎模块配置内有部分模块 gfx-webgl 在当前平台 android 不支持，将会自动移除或者回退成其他模块
    at console.warn (/Applications/Cocos/Creator/3.8.8/CocosCreator.app/Contents/Resources/app.asar/node_modules/@sentry/core/src/utils-hoist/instrument/console.ts:40:14)
    at NewConsole.warn (/Applications/Cocos/Creator/3.8.8/CocosCreator.app/Contents/Resources/app.asar/builtin/asset-db/dist/worker/console.ccc:1:1637)
    at NewConsole.warn (/Applications/Cocos/Creator/3.8.8/CocosCreator.app/Contents/Resources/app.asar/builtin/builder/dist/worker/console.ccc:1:2358)
    at warnModuleFallBack (/Applications/Cocos/Creator/3.8.8/CocosCreator.app/Contents/Resources/app.asar/builtin/builder/dist/share/utils.ccc:1:3336)
    at checkProjectSetting (/Applications/Cocos/Creator/3.8.8/CocosCreator.app/Contents/Resources/app.asar/builtin/builder/dist/share/common-options-validator.ccc:1:8200)
    at BuildTask.initOptions (/Applications/Cocos/Creator/3.8.8/CocosCreator.app/Contents/Resources/app.asar/builtin/builder/dist/worker/builder/index.ccc:1:9952)
    at BuildTask.init (/Applications/Cocos/Creator/3.8.8/CocosCreator.app/Contents/Resources/app.asar/builtin/builder/dist/worker/builder/index.ccc:1:3382)
    at BuildTask.run (/Applications/Cocos/Creator/3.8.8/CocosCreator.app/Contents/Resources/app.asar/builtin/builder/dist/worker/builder/index.ccc:1:3885)
    at build (/Applications/Cocos/Creator/3.8.8/CocosCreator.app/Contents/Resources/app.asar/builtin/builder/dist/worker/index.ccc:1:4763)
    at Ipc.<anonymous> (/Applications/Cocos/Creator/3.8.8/CocosCreator.app/Contents/Resources/app.asar/builtin/builder/dist/worker/msg-util.ccc:1:210)
9-10-2026 20:14:24 - error: [Assets] Bundle directory not found:Error: [Assets] Bundle directory not found:
    at console.error (/Applications/Cocos/Creator/3.8.8/CocosCreator.app/Contents/Resources/app.asar/node_modules/@sentry/core/src/utils-hoist/instrument/console.ts:40:14)
    at NewConsole.error (/Applications/Cocos/Creator/3.8.8/CocosCreator.app/Contents/Resources/app.asar/builtin/asset-db/dist/worker/console.ccc:1:1536)
    at NewConsole.error (/Applications/Cocos/Creator/3.8.8/CocosCreator.app/Contents/Resources/app.asar/builtin/builder/dist/worker/console.ccc:1:2258)
    at main (/Users/byron/custom-proj/GameBox/extensions/hotfix-builder/source/hotfix.ts:54:17)
    at hotfix (/Users/byron/custom-proj/GameBox/extensions/hotfix-builder/source/hotfix.ts:86:9)
    at onAfterBuild (/Users/byron/custom-proj/GameBox/extensions/hotfix-builder/source/hooks.ts:35:11)
    at BuildTask.handleHook (/Applications/Cocos/Creator/3.8.8/CocosCreator.app/Contents/Resources/app.asar/builtin/builder/dist/worker/builder/index.ccc:1:14160)
    at BuildTask.runPluginTask (/Applications/Cocos/Creator/3.8.8/CocosCreator.app/Contents/Resources/app.asar/builtin/builder/dist/worker/builder/manager/task-base.ccc:1:1244)
    at BuildTask.run (/Applications/Cocos/Creator/3.8.8/CocosCreator.app/Contents/Resources/app.asar/builtin/builder/dist/worker/builder/index.ccc:1:5460)
    at build (/Applications/Cocos/Creator/3.8.8/CocosCreator.app/Contents/Resources/app.asar/builtin/builder/dist/worker/index.ccc:1:4763)
    at Ipc.<anonymous> (/Applications/Cocos/Creator/3.8.8/CocosCreator.app/Contents/Resources/app.asar/builtin/builder/dist/worker/msg-util.ccc:1:210)
9-10-2026 20:22:57 - warn: [Assets] 当前引擎模块配置内有部分模块 gfx-webgl 在当前平台 android 不支持，将会自动移除或者回退成其他模块Warn: [Assets] 当前引擎模块配置内有部分模块 gfx-webgl 在当前平台 android 不支持，将会自动移除或者回退成其他模块
    at console.warn (/Applications/Cocos/Creator/3.8.8/CocosCreator.app/Contents/Resources/app.asar/node_modules/@sentry/core/src/utils-hoist/instrument/console.ts:40:14)
    at NewConsole.warn (/Applications/Cocos/Creator/3.8.8/CocosCreator.app/Contents/Resources/app.asar/builtin/asset-db/dist/worker/console.ccc:1:1637)
    at NewConsole.warn (/Applications/Cocos/Creator/3.8.8/CocosCreator.app/Contents/Resources/app.asar/builtin/builder/dist/worker/console.ccc:1:2358)
    at warnModuleFallBack (/Applications/Cocos/Creator/3.8.8/CocosCreator.app/Contents/Resources/app.asar/builtin/builder/dist/share/utils.ccc:1:3336)
    at checkProjectSetting (/Applications/Cocos/Creator/3.8.8/CocosCreator.app/Contents/Resources/app.asar/builtin/builder/dist/share/common-options-validator.ccc:1:8200)
    at BuildTask.initOptions (/Applications/Cocos/Creator/3.8.8/CocosCreator.app/Contents/Resources/app.asar/builtin/builder/dist/worker/builder/index.ccc:1:9952)
    at BuildTask.init (/Applications/Cocos/Creator/3.8.8/CocosCreator.app/Contents/Resources/app.asar/builtin/builder/dist/worker/builder/index.ccc:1:3382)
    at BuildTask.run (/Applications/Cocos/Creator/3.8.8/CocosCreator.app/Contents/Resources/app.asar/builtin/builder/dist/worker/builder/index.ccc:1:3885)
    at build (/Applications/Cocos/Creator/3.8.8/CocosCreator.app/Contents/Resources/app.asar/builtin/builder/dist/worker/index.ccc:1:4763)
    at Ipc.<anonymous> (/Applications/Cocos/Creator/3.8.8/CocosCreator.app/Contents/Resources/app.asar/builtin/builder/dist/worker/msg-util.ccc:1:210)
9-10-2026 20:27:49 - info: [Window] Download the Vue Devtools extension for a better development experience:
https://github.com/vuejs/vue-devtools
9-10-2026 20:27:49 - info: [Window] You are running Vue in development mode.
Make sure to turn on production mode when deploying for production.
See more tips at https://vuejs.org/guide/deployment.html
