13:30:30.164 debug: 2026/9/10 13:30:30
13:30:30.165 debug: Project: /Users/byron/custom-proj/GameBox
13:30:30.165 debug: Targets: editor,preview
13:30:30.166 debug: Incremental file seems great.
13:30:30.166 debug: Engine path: /Applications/Cocos/Creator/3.8.8/CocosCreator.app/Contents/Resources/resources/3d/engine
13:30:30.170 debug: Initializing target [Editor]
13:30:30.170 debug: Loading cache
13:30:30.171 debug: Loading cache costs 0.9093330000000606ms.
13:30:30.171 debug: Engine features shipped in editor: base,gfx-webgl,gfx-webgl2,gfx-empty,gfx-webgpu,3d,animation,skeletal-animation,2d,rich-text,mask,graphics,ui-skew,ui,affine-transform,sorting-2d,particle,particle-2d,physics-framework,physics-cannon,physics-physx,physics-ammo,physics-builtin,physics-2d-framework,physics-2d-box2d-jsb,physics-2d-box2d,physics-2d-builtin,physics-2d-box2d-wasm,intersection-2d,primitive,profiler,occlusion-query,geometry-renderer,debug-renderer,audio,video,xr,light-probe,terrain,webview,tween,tiled-map,vendor-google,spine-3.8,spine-4.2,dragon-bones,marionette,procedural-animation,custom-pipeline,custom-pipeline-builtin-scripts,custom-pipeline-post-process,legacy-pipeline,websocket,websocket-server,meshopt
13:30:30.172 debug: Our import map(foo:/bar): {
  "imports": {
    "cc": "cce:/internal/x/cc"
  }
}
13:30:30.172 debug: Initializing target [Preview]
13:30:30.172 debug: Loading cache
13:30:30.173 debug: Loading cache costs 0.7741249999999127ms.
13:30:30.173 debug: Our import map(foo:/bar): {
  "imports": {
    "cc": "cce:/internal/x/cc"
  }
}
13:30:30.191 debug: Sync engine features: 2d,3d,affine-transform,animation,audio,base,custom-pipeline,dragon-bones,gfx-webgl,graphics,intersection-2d,light-probe,marionette,mask,particle,particle-2d,physics-2d-box2d,physics-ammo,primitive,profiler,rich-text,skeletal-animation,spine-3.8,terrain,tiled-map,tween,ui,ui-skew,video,websocket,webview
13:30:30.192 debug: Reset databases. Enumerated domains: [
  {
    "root": "db://internal/",
    "physical": "/Applications/Cocos/Creator/3.8.8/CocosCreator.app/Contents/Resources/resources/3d/engine/editor/assets"
  },
  {
    "root": "db://assets/",
    "physical": "/Users/byron/custom-proj/GameBox/assets"
  }
]
13:30:30.192 debug: Our import map(foo:/bar): {
  "imports": {
    "cc": "cce:/internal/x/cc",
    "db://internal/": "file:///Applications/Cocos/Creator/3.8.8/CocosCreator.app/Contents/Resources/resources/3d/engine/editor/assets/",
    "db://assets/": "file:///Users/byron/custom-proj/GameBox/assets/"
  }
}
13:30:30.192 debug: Our import map(foo:/bar): {
  "imports": {
    "cc": "cce:/internal/x/cc",
    "db://internal/": "file:///Applications/Cocos/Creator/3.8.8/CocosCreator.app/Contents/Resources/resources/3d/engine/editor/assets/",
    "db://assets/": "file:///Users/byron/custom-proj/GameBox/assets/"
  }
}
13:30:30.192 debug: Pulling asset-db.
13:30:30.194 debug: Fetch asset-db cost: 1.900666000000001ms.
13:30:30.194 debug: Build iteration starts.
Number of accumulated asset changes: 28
Feature changed: false
13:30:30.195 debug: Target(editor) build started.
13:30:30.196 debug: Detected change: cce:/internal/x/cc. Last mtime: Thu Jan 01 1970 09:00:03 GMT+0900 (日本标准时间), Current mtime: Thu Jan 01 1970 09:00:02 GMT+0900 (日本标准时间)
13:30:30.196 debug: Inspect cce:/internal/x/cc
13:30:30.212 debug: transform url: 'cce:/internal/x/cc' costs: 16.70 ms
13:30:30.213 debug: Resolve cce:/internal/x/cc-fu/base from cce:/internal/x/cc as external dependency cce:/internal/x/cc-fu/base.
13:30:30.213 debug: Resolve cce:/internal/x/cc-fu/gfx-webgl from cce:/internal/x/cc as external dependency cce:/internal/x/cc-fu/gfx-webgl.
13:30:30.213 debug: Resolve cce:/internal/x/cc-fu/gfx-webgl2 from cce:/internal/x/cc as external dependency cce:/internal/x/cc-fu/gfx-webgl2.
13:30:30.213 debug: Resolve cce:/internal/x/cc-fu/gfx-empty from cce:/internal/x/cc as external dependency cce:/internal/x/cc-fu/gfx-empty.
13:30:30.213 debug: Resolve cce:/internal/x/cc-fu/gfx-webgpu from cce:/internal/x/cc as external dependency cce:/internal/x/cc-fu/gfx-webgpu.
13:30:30.213 debug: Resolve cce:/internal/x/cc-fu/3d from cce:/internal/x/cc as external dependency cce:/internal/x/cc-fu/3d.
13:30:30.213 debug: Resolve cce:/internal/x/cc-fu/animation from cce:/internal/x/cc as external dependency cce:/internal/x/cc-fu/animation.
13:30:30.213 debug: Resolve cce:/internal/x/cc-fu/skeletal-animation from cce:/internal/x/cc as external dependency cce:/internal/x/cc-fu/skeletal-animation.
13:30:30.213 debug: Resolve cce:/internal/x/cc-fu/2d from cce:/internal/x/cc as external dependency cce:/internal/x/cc-fu/2d.
13:30:30.213 debug: Resolve cce:/internal/x/cc-fu/sorting from cce:/internal/x/cc as external dependency cce:/internal/x/cc-fu/sorting.
13:30:30.213 debug: Resolve cce:/internal/x/cc-fu/rich-text from cce:/internal/x/cc as external dependency cce:/internal/x/cc-fu/rich-text.
13:30:30.213 debug: Resolve cce:/internal/x/cc-fu/mask from cce:/internal/x/cc as external dependency cce:/internal/x/cc-fu/mask.
13:30:30.213 debug: Resolve cce:/internal/x/cc-fu/graphics from cce:/internal/x/cc as external dependency cce:/internal/x/cc-fu/graphics.
13:30:30.213 debug: Resolve cce:/internal/x/cc-fu/ui-skew from cce:/internal/x/cc as external dependency cce:/internal/x/cc-fu/ui-skew.
13:30:30.213 debug: Resolve cce:/internal/x/cc-fu/ui from cce:/internal/x/cc as external dependency cce:/internal/x/cc-fu/ui.
13:30:30.213 debug: Resolve cce:/internal/x/cc-fu/affine-transform from cce:/internal/x/cc as external dependency cce:/internal/x/cc-fu/affine-transform.
13:30:30.213 debug: Resolve cce:/internal/x/cc-fu/sorting-2d from cce:/internal/x/cc as external dependency cce:/internal/x/cc-fu/sorting-2d.
13:30:30.213 debug: Resolve cce:/internal/x/cc-fu/particle from cce:/internal/x/cc as external dependency cce:/internal/x/cc-fu/particle.
13:30:30.213 debug: Resolve cce:/internal/x/cc-fu/particle-2d from cce:/internal/x/cc as external dependency cce:/internal/x/cc-fu/particle-2d.
13:30:30.213 debug: Resolve cce:/internal/x/cc-fu/physics-framework from cce:/internal/x/cc as external dependency cce:/internal/x/cc-fu/physics-framework.
13:30:30.213 debug: Resolve cce:/internal/x/cc-fu/physics-cannon from cce:/internal/x/cc as external dependency cce:/internal/x/cc-fu/physics-cannon.
13:30:30.213 debug: Resolve cce:/internal/x/cc-fu/physics-physx from cce:/internal/x/cc as external dependency cce:/internal/x/cc-fu/physics-physx.
13:30:30.213 debug: Resolve cce:/internal/x/cc-fu/physics-ammo from cce:/internal/x/cc as external dependency cce:/internal/x/cc-fu/physics-ammo.
13:30:30.213 debug: Resolve cce:/internal/x/cc-fu/physics-builtin from cce:/internal/x/cc as external dependency cce:/internal/x/cc-fu/physics-builtin.
13:30:30.213 debug: Resolve cce:/internal/x/cc-fu/physics-2d-framework from cce:/internal/x/cc as external dependency cce:/internal/x/cc-fu/physics-2d-framework.
13:30:30.213 debug: Resolve cce:/internal/x/cc-fu/physics-2d-box2d-jsb from cce:/internal/x/cc as external dependency cce:/internal/x/cc-fu/physics-2d-box2d-jsb.
13:30:30.213 debug: Resolve cce:/internal/x/cc-fu/physics-2d-box2d from cce:/internal/x/cc as external dependency cce:/internal/x/cc-fu/physics-2d-box2d.
13:30:30.213 debug: Resolve cce:/internal/x/cc-fu/physics-2d-builtin from cce:/internal/x/cc as external dependency cce:/internal/x/cc-fu/physics-2d-builtin.
13:30:30.213 debug: Resolve cce:/internal/x/cc-fu/physics-2d-box2d-wasm from cce:/internal/x/cc as external dependency cce:/internal/x/cc-fu/physics-2d-box2d-wasm.
13:30:30.213 debug: Resolve cce:/internal/x/cc-fu/intersection-2d from cce:/internal/x/cc as external dependency cce:/internal/x/cc-fu/intersection-2d.
13:30:30.213 debug: Resolve cce:/internal/x/cc-fu/primitive from cce:/internal/x/cc as external dependency cce:/internal/x/cc-fu/primitive.
13:30:30.213 debug: Resolve cce:/internal/x/cc-fu/profiler from cce:/internal/x/cc as external dependency cce:/internal/x/cc-fu/profiler.
13:30:30.213 debug: Resolve cce:/internal/x/cc-fu/geometry-renderer from cce:/internal/x/cc as external dependency cce:/internal/x/cc-fu/geometry-renderer.
13:30:30.213 debug: Resolve cce:/internal/x/cc-fu/audio from cce:/internal/x/cc as external dependency cce:/internal/x/cc-fu/audio.
13:30:30.213 debug: Resolve cce:/internal/x/cc-fu/video from cce:/internal/x/cc as external dependency cce:/internal/x/cc-fu/video.
13:30:30.213 debug: Resolve cce:/internal/x/cc-fu/xr from cce:/internal/x/cc as external dependency cce:/internal/x/cc-fu/xr.
13:30:30.213 debug: Resolve cce:/internal/x/cc-fu/light-probe from cce:/internal/x/cc as external dependency cce:/internal/x/cc-fu/light-probe.
13:30:30.213 debug: Resolve cce:/internal/x/cc-fu/terrain from cce:/internal/x/cc as external dependency cce:/internal/x/cc-fu/terrain.
13:30:30.213 debug: Resolve cce:/internal/x/cc-fu/webview from cce:/internal/x/cc as external dependency cce:/internal/x/cc-fu/webview.
13:30:30.213 debug: Resolve cce:/internal/x/cc-fu/tween from cce:/internal/x/cc as external dependency cce:/internal/x/cc-fu/tween.
13:30:30.213 debug: Resolve cce:/internal/x/cc-fu/tiled-map from cce:/internal/x/cc as external dependency cce:/internal/x/cc-fu/tiled-map.
13:30:30.213 debug: Resolve cce:/internal/x/cc-fu/vendor-google from cce:/internal/x/cc as external dependency cce:/internal/x/cc-fu/vendor-google.
13:30:30.213 debug: Resolve cce:/internal/x/cc-fu/spine from cce:/internal/x/cc as external dependency cce:/internal/x/cc-fu/spine.
13:30:30.213 debug: Resolve cce:/internal/x/cc-fu/dragon-bones from cce:/internal/x/cc as external dependency cce:/internal/x/cc-fu/dragon-bones.
13:30:30.213 debug: Resolve cce:/internal/x/cc-fu/custom-pipeline from cce:/internal/x/cc as external dependency cce:/internal/x/cc-fu/custom-pipeline.
13:30:30.214 debug: Resolve cce:/internal/x/cc-fu/custom-pipeline-post-process from cce:/internal/x/cc as external dependency cce:/internal/x/cc-fu/custom-pipeline-post-process.
13:30:30.214 debug: Resolve cce:/internal/x/cc-fu/legacy-pipeline from cce:/internal/x/cc as external dependency cce:/internal/x/cc-fu/legacy-pipeline.
13:30:30.214 debug: Detected change: cce:/internal/x/prerequisite-imports. Last mtime: Thu Jan 01 1970 09:00:04 GMT+0900 (日本标准时间), Current mtime: Thu Jan 01 1970 09:00:03 GMT+0900 (日本标准时间)
13:30:30.214 debug: Inspect cce:/internal/x/prerequisite-imports
13:30:30.220 debug: transform url: 'cce:/internal/x/prerequisite-imports' costs: 6.40 ms
13:30:30.221 debug: Resolve file:///Applications/Cocos/Creator/3.8.8/CocosCreator.app/Contents/Resources/resources/3d/engine/editor/assets/default_renderpipeline/builtin-dof-pass.ts from cce:/internal/x/prerequisite-imports as file:///Applications/Cocos/Creator/3.8.8/CocosCreator.app/Contents/Resources/resources/3d/engine/editor/assets/default_renderpipeline/builtin-dof-pass.ts.
13:30:30.221 debug: Resolve file:///Applications/Cocos/Creator/3.8.8/CocosCreator.app/Contents/Resources/resources/3d/engine/editor/assets/default_renderpipeline/builtin-pipeline-pass.ts from cce:/internal/x/prerequisite-imports as file:///Applications/Cocos/Creator/3.8.8/CocosCreator.app/Contents/Resources/resources/3d/engine/editor/assets/default_renderpipeline/builtin-pipeline-pass.ts.
13:30:30.221 debug: Resolve file:///Applications/Cocos/Creator/3.8.8/CocosCreator.app/Contents/Resources/resources/3d/engine/editor/assets/default_renderpipeline/builtin-pipeline-settings.ts from cce:/internal/x/prerequisite-imports as file:///Applications/Cocos/Creator/3.8.8/CocosCreator.app/Contents/Resources/resources/3d/engine/editor/assets/default_renderpipeline/builtin-pipeline-settings.ts.
13:30:30.221 debug: Resolve file:///Applications/Cocos/Creator/3.8.8/CocosCreator.app/Contents/Resources/resources/3d/engine/editor/assets/default_renderpipeline/builtin-pipeline-types.ts from cce:/internal/x/prerequisite-imports as file:///Applications/Cocos/Creator/3.8.8/CocosCreator.app/Contents/Resources/resources/3d/engine/editor/assets/default_renderpipeline/builtin-pipeline-types.ts.
13:30:30.221 debug: Resolve file:///Applications/Cocos/Creator/3.8.8/CocosCreator.app/Contents/Resources/resources/3d/engine/editor/assets/default_renderpipeline/builtin-pipeline.ts from cce:/internal/x/prerequisite-imports as file:///Applications/Cocos/Creator/3.8.8/CocosCreator.app/Contents/Resources/resources/3d/engine/editor/assets/default_renderpipeline/builtin-pipeline.ts.
13:30:30.221 debug: Resolve file:///Applications/Cocos/Creator/3.8.8/CocosCreator.app/Contents/Resources/resources/3d/engine/editor/assets/tools/debug-view-runtime-control.ts from cce:/internal/x/prerequisite-imports as file:///Applications/Cocos/Creator/3.8.8/CocosCreator.app/Contents/Resources/resources/3d/engine/editor/assets/tools/debug-view-runtime-control.ts.
13:30:30.221 debug: Resolve file:///Users/byron/custom-proj/GameBox/assets/Hall/scripts/HallView.ts from cce:/internal/x/prerequisite-imports as file:///Users/byron/custom-proj/GameBox/assets/Hall/scripts/HallView.ts.
13:30:30.221 debug: Resolve file:///Users/byron/custom-proj/GameBox/assets/scripts/GameController.ts from cce:/internal/x/prerequisite-imports as file:///Users/byron/custom-proj/GameBox/assets/scripts/GameController.ts.
13:30:30.221 debug: Resolve file:///Users/byron/custom-proj/GameBox/assets/scripts/Tea/Conn/ReqHttp.ts from cce:/internal/x/prerequisite-imports as file:///Users/byron/custom-proj/GameBox/assets/scripts/Tea/Conn/ReqHttp.ts.
13:30:30.222 debug: Resolve file:///Users/byron/custom-proj/GameBox/assets/scripts/Tea/Preset/Preset.ts from cce:/internal/x/prerequisite-imports as file:///Users/byron/custom-proj/GameBox/assets/scripts/Tea/Preset/Preset.ts.
13:30:30.222 debug: Resolve file:///Users/byron/custom-proj/GameBox/assets/scripts/Tea/UI/GameItem.ts from cce:/internal/x/prerequisite-imports as file:///Users/byron/custom-proj/GameBox/assets/scripts/Tea/UI/GameItem.ts.
13:30:30.222 debug: Resolve file:///Users/byron/custom-proj/GameBox/assets/scripts/Tea/UI/UIPage.ts from cce:/internal/x/prerequisite-imports as file:///Users/byron/custom-proj/GameBox/assets/scripts/Tea/UI/UIPage.ts.
13:30:30.222 debug: Resolve file:///Users/byron/custom-proj/GameBox/assets/scripts/Tea/UI/UIView.ts from cce:/internal/x/prerequisite-imports as file:///Users/byron/custom-proj/GameBox/assets/scripts/Tea/UI/UIView.ts.
13:30:30.222 debug: Resolve file:///Users/byron/custom-proj/GameBox/assets/scripts/Tea/Util/AssetsManager.ts from cce:/internal/x/prerequisite-imports as file:///Users/byron/custom-proj/GameBox/assets/scripts/Tea/Util/AssetsManager.ts.
13:30:30.222 debug: Resolve file:///Users/byron/custom-proj/GameBox/assets/scripts/Tea/Util/Base64Ts.ts from cce:/internal/x/prerequisite-imports as file:///Users/byron/custom-proj/GameBox/assets/scripts/Tea/Util/Base64Ts.ts.
13:30:30.222 debug: Resolve file:///Users/byron/custom-proj/GameBox/assets/scripts/Tea/Util/BranchStrategy.ts from cce:/internal/x/prerequisite-imports as file:///Users/byron/custom-proj/GameBox/assets/scripts/Tea/Util/BranchStrategy.ts.
13:30:30.222 debug: Resolve file:///Users/byron/custom-proj/GameBox/assets/scripts/Tea/Util/EventBase.ts from cce:/internal/x/prerequisite-imports as file:///Users/byron/custom-proj/GameBox/assets/scripts/Tea/Util/EventBase.ts.
13:30:30.222 debug: Resolve file:///Users/byron/custom-proj/GameBox/assets/scripts/Tea/Util/EventManager.ts from cce:/internal/x/prerequisite-imports as file:///Users/byron/custom-proj/GameBox/assets/scripts/Tea/Util/EventManager.ts.
13:30:30.222 debug: Resolve file:///Users/byron/custom-proj/GameBox/assets/scripts/Tea/Util/LogApi.ts from cce:/internal/x/prerequisite-imports as file:///Users/byron/custom-proj/GameBox/assets/scripts/Tea/Util/LogApi.ts.
13:30:30.222 debug: Resolve file:///Users/byron/custom-proj/GameBox/assets/scripts/Tea/Util/ObjPoolManager.ts from cce:/internal/x/prerequisite-imports as file:///Users/byron/custom-proj/GameBox/assets/scripts/Tea/Util/ObjPoolManager.ts.
13:30:30.222 debug: Resolve file:///Users/byron/custom-proj/GameBox/assets/scripts/Tea/Util/SingletonFactory.ts from cce:/internal/x/prerequisite-imports as file:///Users/byron/custom-proj/GameBox/assets/scripts/Tea/Util/SingletonFactory.ts.
13:30:30.222 debug: Resolve file:///Users/byron/custom-proj/GameBox/assets/scripts/Tea/Util/UUID.ts from cce:/internal/x/prerequisite-imports as file:///Users/byron/custom-proj/GameBox/assets/scripts/Tea/Util/UUID.ts.
13:30:30.222 debug: Resolve file:///Users/byron/custom-proj/GameBox/assets/scripts/Tea/components/Palette.ts from cce:/internal/x/prerequisite-imports as file:///Users/byron/custom-proj/GameBox/assets/scripts/Tea/components/Palette.ts.
13:30:30.222 debug: Resolve file:///Users/byron/custom-proj/GameBox/assets/scripts/Tea/data/LocallyData.ts from cce:/internal/x/prerequisite-imports as file:///Users/byron/custom-proj/GameBox/assets/scripts/Tea/data/LocallyData.ts.
13:30:30.222 debug: Resolve file:///Users/byron/custom-proj/GameBox/assets/scripts/Tea/data/ProxyData.ts from cce:/internal/x/prerequisite-imports as file:///Users/byron/custom-proj/GameBox/assets/scripts/Tea/data/ProxyData.ts.
13:30:30.222 debug: Resolve file:///Users/byron/custom-proj/GameBox/assets/scripts/Tea/decorators/tea.decorators.ts from cce:/internal/x/prerequisite-imports as file:///Users/byron/custom-proj/GameBox/assets/scripts/Tea/decorators/tea.decorators.ts.
13:30:30.222 debug: Resolve file:///Users/byron/custom-proj/GameBox/assets/scripts/tools/Tools.ts from cce:/internal/x/prerequisite-imports as file:///Users/byron/custom-proj/GameBox/assets/scripts/tools/Tools.ts.
13:30:30.222 debug: Resolve cce:/internal/code-quality/cr.mjs from file:///Applications/Cocos/Creator/3.8.8/CocosCreator.app/Contents/Resources/resources/3d/engine/editor/assets/default_renderpipeline/builtin-dof-pass.ts as cce:/internal/code-quality/cr.mjs.
13:30:30.222 debug: Detected change: cce:/internal/code-quality/cr.mjs. Last mtime: Tue Sep 08 2026 20:54:56 GMT+0900 (日本标准时间), Current mtime: Thu Sep 10 2026 13:30:27 GMT+0900 (日本标准时间)
13:30:30.222 debug: Inspect cce:/internal/code-quality/cr.mjs
13:30:30.225 debug: transform url: 'cce:/internal/code-quality/cr.mjs' costs: 3.10 ms
13:30:30.226 debug: Resolve cc from file:///Applications/Cocos/Creator/3.8.8/CocosCreator.app/Contents/Resources/resources/3d/engine/editor/assets/default_renderpipeline/builtin-dof-pass.ts as cce:/internal/x/cc.
13:30:30.226 debug: Resolve cc from file:///Applications/Cocos/Creator/3.8.8/CocosCreator.app/Contents/Resources/resources/3d/engine/editor/assets/default_renderpipeline/builtin-dof-pass.ts as cce:/internal/x/cc.
13:30:30.226 debug: Resolve cc from file:///Applications/Cocos/Creator/3.8.8/CocosCreator.app/Contents/Resources/resources/3d/engine/editor/assets/default_renderpipeline/builtin-dof-pass.ts as cce:/internal/x/cc.
13:30:30.226 debug: Resolve cc/env from file:///Applications/Cocos/Creator/3.8.8/CocosCreator.app/Contents/Resources/resources/3d/engine/editor/assets/default_renderpipeline/builtin-dof-pass.ts as external dependency cc/env.
13:30:30.226 debug: Resolve ./builtin-pipeline-settings from file:///Applications/Cocos/Creator/3.8.8/CocosCreator.app/Contents/Resources/resources/3d/engine/editor/assets/default_renderpipeline/builtin-dof-pass.ts as file:///Applications/Cocos/Creator/3.8.8/CocosCreator.app/Contents/Resources/resources/3d/engine/editor/assets/default_renderpipeline/builtin-pipeline-settings.ts.
13:30:30.226 debug: Resolve ./builtin-pipeline-pass from file:///Applications/Cocos/Creator/3.8.8/CocosCreator.app/Contents/Resources/resources/3d/engine/editor/assets/default_renderpipeline/builtin-dof-pass.ts as file:///Applications/Cocos/Creator/3.8.8/CocosCreator.app/Contents/Resources/resources/3d/engine/editor/assets/default_renderpipeline/builtin-pipeline-pass.ts.
13:30:30.226 debug: Resolve ./builtin-pipeline from file:///Applications/Cocos/Creator/3.8.8/CocosCreator.app/Contents/Resources/resources/3d/engine/editor/assets/default_renderpipeline/builtin-dof-pass.ts as file:///Applications/Cocos/Creator/3.8.8/CocosCreator.app/Contents/Resources/resources/3d/engine/editor/assets/default_renderpipeline/builtin-pipeline.ts.
13:30:30.226 debug: Resolve cce:/internal/code-quality/cr.mjs from file:///Applications/Cocos/Creator/3.8.8/CocosCreator.app/Contents/Resources/resources/3d/engine/editor/assets/default_renderpipeline/builtin-pipeline-settings.ts as cce:/internal/code-quality/cr.mjs.
13:30:30.226 debug: Resolve cc from file:///Applications/Cocos/Creator/3.8.8/CocosCreator.app/Contents/Resources/resources/3d/engine/editor/assets/default_renderpipeline/builtin-pipeline-settings.ts as cce:/internal/x/cc.
13:30:30.226 debug: Resolve cc from file:///Applications/Cocos/Creator/3.8.8/CocosCreator.app/Contents/Resources/resources/3d/engine/editor/assets/default_renderpipeline/builtin-pipeline-settings.ts as cce:/internal/x/cc.
13:30:30.226 debug: Resolve cc from file:///Applications/Cocos/Creator/3.8.8/CocosCreator.app/Contents/Resources/resources/3d/engine/editor/assets/default_renderpipeline/builtin-pipeline-settings.ts as cce:/internal/x/cc.
13:30:30.226 debug: Resolve cc/env from file:///Applications/Cocos/Creator/3.8.8/CocosCreator.app/Contents/Resources/resources/3d/engine/editor/assets/default_renderpipeline/builtin-pipeline-settings.ts as external dependency cc/env.
13:30:30.226 debug: Resolve ./builtin-pipeline-types from file:///Applications/Cocos/Creator/3.8.8/CocosCreator.app/Contents/Resources/resources/3d/engine/editor/assets/default_renderpipeline/builtin-pipeline-settings.ts as file:///Applications/Cocos/Creator/3.8.8/CocosCreator.app/Contents/Resources/resources/3d/engine/editor/assets/default_renderpipeline/builtin-pipeline-types.ts.
13:30:30.226 debug: Resolve cc from file:///Applications/Cocos/Creator/3.8.8/CocosCreator.app/Contents/Resources/resources/3d/engine/editor/assets/default_renderpipeline/builtin-pipeline-types.ts as cce:/internal/x/cc.
13:30:30.226 debug: Resolve cc from file:///Applications/Cocos/Creator/3.8.8/CocosCreator.app/Contents/Resources/resources/3d/engine/editor/assets/default_renderpipeline/builtin-pipeline-types.ts as cce:/internal/x/cc.
13:30:30.226 debug: Resolve cc from file:///Applications/Cocos/Creator/3.8.8/CocosCreator.app/Contents/Resources/resources/3d/engine/editor/assets/default_renderpipeline/builtin-pipeline-types.ts as cce:/internal/x/cc.
13:30:30.226 debug: Resolve cce:/internal/code-quality/cr.mjs from file:///Applications/Cocos/Creator/3.8.8/CocosCreator.app/Contents/Resources/resources/3d/engine/editor/assets/default_renderpipeline/builtin-pipeline-pass.ts as cce:/internal/code-quality/cr.mjs.
13:30:30.226 debug: Resolve cc from file:///Applications/Cocos/Creator/3.8.8/CocosCreator.app/Contents/Resources/resources/3d/engine/editor/assets/default_renderpipeline/builtin-pipeline-pass.ts as cce:/internal/x/cc.
13:30:30.226 debug: Resolve cc from file:///Applications/Cocos/Creator/3.8.8/CocosCreator.app/Contents/Resources/resources/3d/engine/editor/assets/default_renderpipeline/builtin-pipeline-pass.ts as cce:/internal/x/cc.
13:30:30.226 debug: Resolve cc from file:///Applications/Cocos/Creator/3.8.8/CocosCreator.app/Contents/Resources/resources/3d/engine/editor/assets/default_renderpipeline/builtin-pipeline-pass.ts as cce:/internal/x/cc.
13:30:30.226 debug: Resolve ./builtin-pipeline-settings from file:///Applications/Cocos/Creator/3.8.8/CocosCreator.app/Contents/Resources/resources/3d/engine/editor/assets/default_renderpipeline/builtin-pipeline-pass.ts as file:///Applications/Cocos/Creator/3.8.8/CocosCreator.app/Contents/Resources/resources/3d/engine/editor/assets/default_renderpipeline/builtin-pipeline-settings.ts.
13:30:30.226 debug: Resolve cc/env from file:///Applications/Cocos/Creator/3.8.8/CocosCreator.app/Contents/Resources/resources/3d/engine/editor/assets/default_renderpipeline/builtin-pipeline-pass.ts as external dependency cc/env.
13:30:30.227 debug: Resolve cce:/internal/code-quality/cr.mjs from file:///Applications/Cocos/Creator/3.8.8/CocosCreator.app/Contents/Resources/resources/3d/engine/editor/assets/default_renderpipeline/builtin-pipeline.ts as cce:/internal/code-quality/cr.mjs.
13:30:30.227 debug: Resolve cc from file:///Applications/Cocos/Creator/3.8.8/CocosCreator.app/Contents/Resources/resources/3d/engine/editor/assets/default_renderpipeline/builtin-pipeline.ts as cce:/internal/x/cc.
13:30:30.227 debug: Resolve cc from file:///Applications/Cocos/Creator/3.8.8/CocosCreator.app/Contents/Resources/resources/3d/engine/editor/assets/default_renderpipeline/builtin-pipeline.ts as cce:/internal/x/cc.
13:30:30.227 debug: Resolve cc from file:///Applications/Cocos/Creator/3.8.8/CocosCreator.app/Contents/Resources/resources/3d/engine/editor/assets/default_renderpipeline/builtin-pipeline.ts as cce:/internal/x/cc.
13:30:30.227 debug: Resolve cc/env from file:///Applications/Cocos/Creator/3.8.8/CocosCreator.app/Contents/Resources/resources/3d/engine/editor/assets/default_renderpipeline/builtin-pipeline.ts as external dependency cc/env.
13:30:30.227 debug: Resolve ./builtin-pipeline-types from file:///Applications/Cocos/Creator/3.8.8/CocosCreator.app/Contents/Resources/resources/3d/engine/editor/assets/default_renderpipeline/builtin-pipeline.ts as file:///Applications/Cocos/Creator/3.8.8/CocosCreator.app/Contents/Resources/resources/3d/engine/editor/assets/default_renderpipeline/builtin-pipeline-types.ts.
13:30:30.227 debug: Resolve cc from file:///Applications/Cocos/Creator/3.8.8/CocosCreator.app/Contents/Resources/resources/3d/engine/editor/assets/tools/debug-view-runtime-control.ts as cce:/internal/x/cc.
13:30:30.227 debug: Resolve cc from file:///Applications/Cocos/Creator/3.8.8/CocosCreator.app/Contents/Resources/resources/3d/engine/editor/assets/tools/debug-view-runtime-control.ts as cce:/internal/x/cc.
13:30:30.227 debug: Resolve cc from file:///Applications/Cocos/Creator/3.8.8/CocosCreator.app/Contents/Resources/resources/3d/engine/editor/assets/tools/debug-view-runtime-control.ts as cce:/internal/x/cc.
13:30:30.227 debug: Resolve cce:/internal/code-quality/cr.mjs from file:///Users/byron/custom-proj/GameBox/assets/Hall/scripts/HallView.ts as cce:/internal/code-quality/cr.mjs.
13:30:30.227 debug: Resolve cc from file:///Users/byron/custom-proj/GameBox/assets/Hall/scripts/HallView.ts as cce:/internal/x/cc.
13:30:30.227 debug: Resolve cc from file:///Users/byron/custom-proj/GameBox/assets/Hall/scripts/HallView.ts as cce:/internal/x/cc.
13:30:30.227 debug: Resolve cc from file:///Users/byron/custom-proj/GameBox/assets/Hall/scripts/HallView.ts as cce:/internal/x/cc.
13:30:30.227 debug: Resolve ../../scripts/Tea/UI/UIView from file:///Users/byron/custom-proj/GameBox/assets/Hall/scripts/HallView.ts as file:///Users/byron/custom-proj/GameBox/assets/scripts/Tea/UI/UIView.ts.
13:30:30.227 debug: Resolve ../../scripts/Tea/decorators/tea.decorators from file:///Users/byron/custom-proj/GameBox/assets/Hall/scripts/HallView.ts as file:///Users/byron/custom-proj/GameBox/assets/scripts/Tea/decorators/tea.decorators.ts.
13:30:30.227 debug: Resolve cce:/internal/code-quality/cr.mjs from file:///Users/byron/custom-proj/GameBox/assets/scripts/Tea/UI/UIView.ts as cce:/internal/code-quality/cr.mjs.
13:30:30.227 debug: Resolve cc from file:///Users/byron/custom-proj/GameBox/assets/scripts/Tea/UI/UIView.ts as cce:/internal/x/cc.
13:30:30.227 debug: Resolve cc from file:///Users/byron/custom-proj/GameBox/assets/scripts/Tea/UI/UIView.ts as cce:/internal/x/cc.
13:30:30.227 debug: Resolve cc from file:///Users/byron/custom-proj/GameBox/assets/scripts/Tea/UI/UIView.ts as cce:/internal/x/cc.
13:30:30.227 debug: Resolve ../Util/SingletonFactory from file:///Users/byron/custom-proj/GameBox/assets/scripts/Tea/UI/UIView.ts as file:///Users/byron/custom-proj/GameBox/assets/scripts/Tea/Util/SingletonFactory.ts.
13:30:30.227 debug: Resolve ./UIPage from file:///Users/byron/custom-proj/GameBox/assets/scripts/Tea/UI/UIView.ts as file:///Users/byron/custom-proj/GameBox/assets/scripts/Tea/UI/UIPage.ts.
13:30:30.227 debug: Resolve ../data/ProxyData from file:///Users/byron/custom-proj/GameBox/assets/scripts/Tea/UI/UIView.ts as file:///Users/byron/custom-proj/GameBox/assets/scripts/Tea/data/ProxyData.ts.
13:30:30.227 debug: Resolve cce:/internal/code-quality/cr.mjs from file:///Users/byron/custom-proj/GameBox/assets/scripts/Tea/Util/SingletonFactory.ts as cce:/internal/code-quality/cr.mjs.
13:30:30.227 debug: Resolve cc from file:///Users/byron/custom-proj/GameBox/assets/scripts/Tea/Util/SingletonFactory.ts as cce:/internal/x/cc.
13:30:30.227 debug: Resolve ./UUID from file:///Users/byron/custom-proj/GameBox/assets/scripts/Tea/Util/SingletonFactory.ts as file:///Users/byron/custom-proj/GameBox/assets/scripts/Tea/Util/UUID.ts.
13:30:30.227 debug: Resolve cc from file:///Users/byron/custom-proj/GameBox/assets/scripts/Tea/Util/UUID.ts as cce:/internal/x/cc.
13:30:30.227 debug: Resolve cce:/internal/code-quality/cr.mjs from file:///Users/byron/custom-proj/GameBox/assets/scripts/Tea/UI/UIPage.ts as cce:/internal/code-quality/cr.mjs.
13:30:30.227 debug: Resolve cc from file:///Users/byron/custom-proj/GameBox/assets/scripts/Tea/UI/UIPage.ts as cce:/internal/x/cc.
13:30:30.227 debug: Resolve cc from file:///Users/byron/custom-proj/GameBox/assets/scripts/Tea/UI/UIPage.ts as cce:/internal/x/cc.
13:30:30.227 debug: Resolve cc from file:///Users/byron/custom-proj/GameBox/assets/scripts/Tea/UI/UIPage.ts as cce:/internal/x/cc.
13:30:30.227 debug: Resolve ../Util/AssetsManager from file:///Users/byron/custom-proj/GameBox/assets/scripts/Tea/UI/UIPage.ts as file:///Users/byron/custom-proj/GameBox/assets/scripts/Tea/Util/AssetsManager.ts.
13:30:30.227 debug: Resolve ../Util/SingletonFactory from file:///Users/byron/custom-proj/GameBox/assets/scripts/Tea/UI/UIPage.ts as file:///Users/byron/custom-proj/GameBox/assets/scripts/Tea/Util/SingletonFactory.ts.
13:30:30.227 debug: Resolve ./GameItem from file:///Users/byron/custom-proj/GameBox/assets/scripts/Tea/UI/UIPage.ts as file:///Users/byron/custom-proj/GameBox/assets/scripts/Tea/UI/GameItem.ts.
13:30:30.227 debug: Resolve cc from file:///Users/byron/custom-proj/GameBox/assets/scripts/Tea/Util/AssetsManager.ts as cce:/internal/x/cc.
13:30:30.227 debug: Resolve cc from file:///Users/byron/custom-proj/GameBox/assets/scripts/Tea/Util/AssetsManager.ts as cce:/internal/x/cc.
13:30:30.227 debug: Resolve cc from file:///Users/byron/custom-proj/GameBox/assets/scripts/Tea/Util/AssetsManager.ts as cce:/internal/x/cc.
13:30:30.227 debug: Resolve cce:/internal/code-quality/cr.mjs from file:///Users/byron/custom-proj/GameBox/assets/scripts/Tea/UI/GameItem.ts as cce:/internal/code-quality/cr.mjs.
13:30:30.227 debug: Resolve cc from file:///Users/byron/custom-proj/GameBox/assets/scripts/Tea/UI/GameItem.ts as cce:/internal/x/cc.
13:30:30.227 debug: Resolve cc from file:///Users/byron/custom-proj/GameBox/assets/scripts/Tea/UI/GameItem.ts as cce:/internal/x/cc.
13:30:30.227 debug: Resolve cc from file:///Users/byron/custom-proj/GameBox/assets/scripts/Tea/UI/GameItem.ts as cce:/internal/x/cc.
13:30:30.227 debug: Resolve ../data/ProxyData from file:///Users/byron/custom-proj/GameBox/assets/scripts/Tea/UI/GameItem.ts as file:///Users/byron/custom-proj/GameBox/assets/scripts/Tea/data/ProxyData.ts.
13:30:30.227 debug: Resolve cc from file:///Users/byron/custom-proj/GameBox/assets/scripts/Tea/data/ProxyData.ts as cce:/internal/x/cc.
13:30:30.227 debug: Resolve cc from file:///Users/byron/custom-proj/GameBox/assets/scripts/Tea/data/ProxyData.ts as cce:/internal/x/cc.
13:30:30.227 debug: Resolve cc from file:///Users/byron/custom-proj/GameBox/assets/scripts/Tea/data/ProxyData.ts as cce:/internal/x/cc.
13:30:30.227 debug: Resolve cc from file:///Users/byron/custom-proj/GameBox/assets/scripts/Tea/decorators/tea.decorators.ts as cce:/internal/x/cc.
13:30:30.227 debug: Resolve cc from file:///Users/byron/custom-proj/GameBox/assets/scripts/Tea/decorators/tea.decorators.ts as cce:/internal/x/cc.
13:30:30.228 debug: Resolve cc from file:///Users/byron/custom-proj/GameBox/assets/scripts/Tea/decorators/tea.decorators.ts as cce:/internal/x/cc.
13:30:30.228 debug: Resolve cce:/internal/code-quality/cr.mjs from file:///Users/byron/custom-proj/GameBox/assets/scripts/GameController.ts as cce:/internal/code-quality/cr.mjs.
13:30:30.228 debug: Resolve cc from file:///Users/byron/custom-proj/GameBox/assets/scripts/GameController.ts as cce:/internal/x/cc.
13:30:30.228 debug: Resolve cc from file:///Users/byron/custom-proj/GameBox/assets/scripts/GameController.ts as cce:/internal/x/cc.
13:30:30.228 debug: Resolve cc from file:///Users/byron/custom-proj/GameBox/assets/scripts/GameController.ts as cce:/internal/x/cc.
13:30:30.228 debug: Resolve ./Tea/decorators/tea.decorators from file:///Users/byron/custom-proj/GameBox/assets/scripts/GameController.ts as file:///Users/byron/custom-proj/GameBox/assets/scripts/Tea/decorators/tea.decorators.ts.
13:30:30.228 debug: Resolve ./tools/Tools from file:///Users/byron/custom-proj/GameBox/assets/scripts/GameController.ts as file:///Users/byron/custom-proj/GameBox/assets/scripts/tools/Tools.ts.
13:30:30.228 debug: Resolve ./Tea/Util/SingletonFactory from file:///Users/byron/custom-proj/GameBox/assets/scripts/GameController.ts as file:///Users/byron/custom-proj/GameBox/assets/scripts/Tea/Util/SingletonFactory.ts.
13:30:30.228 debug: Resolve ./Tea/UI/UIPage from file:///Users/byron/custom-proj/GameBox/assets/scripts/GameController.ts as file:///Users/byron/custom-proj/GameBox/assets/scripts/Tea/UI/UIPage.ts.
13:30:30.228 debug: Resolve cc from file:///Users/byron/custom-proj/GameBox/assets/scripts/tools/Tools.ts as cce:/internal/x/cc.
13:30:30.228 debug: Resolve cc from file:///Users/byron/custom-proj/GameBox/assets/scripts/Tea/Conn/ReqHttp.ts as cce:/internal/x/cc.
13:30:30.228 debug: Resolve cce:/internal/code-quality/cr.mjs from file:///Users/byron/custom-proj/GameBox/assets/scripts/Tea/Preset/Preset.ts as cce:/internal/code-quality/cr.mjs.
13:30:30.228 debug: Resolve cc from file:///Users/byron/custom-proj/GameBox/assets/scripts/Tea/Preset/Preset.ts as cce:/internal/x/cc.
13:30:30.228 debug: Resolve cc from file:///Users/byron/custom-proj/GameBox/assets/scripts/Tea/Preset/Preset.ts as cce:/internal/x/cc.
13:30:30.228 debug: Resolve cc from file:///Users/byron/custom-proj/GameBox/assets/scripts/Tea/Preset/Preset.ts as cce:/internal/x/cc.
13:30:30.228 debug: Resolve ../UI/UIPage from file:///Users/byron/custom-proj/GameBox/assets/scripts/Tea/Preset/Preset.ts as file:///Users/byron/custom-proj/GameBox/assets/scripts/Tea/UI/UIPage.ts.
13:30:30.228 debug: Resolve ../Util/EventManager from file:///Users/byron/custom-proj/GameBox/assets/scripts/Tea/Preset/Preset.ts as file:///Users/byron/custom-proj/GameBox/assets/scripts/Tea/Util/EventManager.ts.
13:30:30.228 debug: Resolve ../Util/SingletonFactory from file:///Users/byron/custom-proj/GameBox/assets/scripts/Tea/Preset/Preset.ts as file:///Users/byron/custom-proj/GameBox/assets/scripts/Tea/Util/SingletonFactory.ts.
13:30:30.228 debug: Resolve cc/env from file:///Users/byron/custom-proj/GameBox/assets/scripts/Tea/Preset/Preset.ts as external dependency cc/env.
13:30:30.228 debug: Resolve ../Util/LogApi from file:///Users/byron/custom-proj/GameBox/assets/scripts/Tea/Preset/Preset.ts as file:///Users/byron/custom-proj/GameBox/assets/scripts/Tea/Util/LogApi.ts.
13:30:30.228 debug: Resolve cce:/internal/code-quality/cr.mjs from file:///Users/byron/custom-proj/GameBox/assets/scripts/Tea/Util/EventManager.ts as cce:/internal/code-quality/cr.mjs.
13:30:30.228 debug: Resolve cc from file:///Users/byron/custom-proj/GameBox/assets/scripts/Tea/Util/EventManager.ts as cce:/internal/x/cc.
13:30:30.228 debug: Resolve ./EventBase from file:///Users/byron/custom-proj/GameBox/assets/scripts/Tea/Util/EventManager.ts as file:///Users/byron/custom-proj/GameBox/assets/scripts/Tea/Util/EventBase.ts.
13:30:30.228 debug: Resolve ./SingletonFactory from file:///Users/byron/custom-proj/GameBox/assets/scripts/Tea/Util/EventManager.ts as file:///Users/byron/custom-proj/GameBox/assets/scripts/Tea/Util/SingletonFactory.ts.
13:30:30.228 debug: Resolve cce:/internal/code-quality/cr.mjs from file:///Users/byron/custom-proj/GameBox/assets/scripts/Tea/Util/EventBase.ts as cce:/internal/code-quality/cr.mjs.
13:30:30.228 debug: Resolve cc from file:///Users/byron/custom-proj/GameBox/assets/scripts/Tea/Util/EventBase.ts as cce:/internal/x/cc.
13:30:30.228 debug: Resolve ./UUID from file:///Users/byron/custom-proj/GameBox/assets/scripts/Tea/Util/EventBase.ts as file:///Users/byron/custom-proj/GameBox/assets/scripts/Tea/Util/UUID.ts.
13:30:30.228 debug: Resolve cc from file:///Users/byron/custom-proj/GameBox/assets/scripts/Tea/Util/LogApi.ts as cce:/internal/x/cc.
13:30:30.228 debug: Resolve cc/env from file:///Users/byron/custom-proj/GameBox/assets/scripts/Tea/Util/LogApi.ts as external dependency cc/env.
13:30:30.228 debug: Resolve cc from file:///Users/byron/custom-proj/GameBox/assets/scripts/Tea/Util/Base64Ts.ts as cce:/internal/x/cc.
13:30:30.228 debug: Resolve cce:/internal/code-quality/cr.mjs from file:///Users/byron/custom-proj/GameBox/assets/scripts/Tea/Util/BranchStrategy.ts as cce:/internal/code-quality/cr.mjs.
13:30:30.228 debug: Resolve cc from file:///Users/byron/custom-proj/GameBox/assets/scripts/Tea/Util/BranchStrategy.ts as cce:/internal/x/cc.
13:30:30.228 debug: Resolve ./SingletonFactory from file:///Users/byron/custom-proj/GameBox/assets/scripts/Tea/Util/BranchStrategy.ts as file:///Users/byron/custom-proj/GameBox/assets/scripts/Tea/Util/SingletonFactory.ts.
13:30:30.228 debug: Resolve cce:/internal/code-quality/cr.mjs from file:///Users/byron/custom-proj/GameBox/assets/scripts/Tea/Util/ObjPoolManager.ts as cce:/internal/code-quality/cr.mjs.
13:30:30.228 debug: Resolve cc from file:///Users/byron/custom-proj/GameBox/assets/scripts/Tea/Util/ObjPoolManager.ts as cce:/internal/x/cc.
13:30:30.228 debug: Resolve cc from file:///Users/byron/custom-proj/GameBox/assets/scripts/Tea/Util/ObjPoolManager.ts as cce:/internal/x/cc.
13:30:30.228 debug: Resolve cc from file:///Users/byron/custom-proj/GameBox/assets/scripts/Tea/Util/ObjPoolManager.ts as cce:/internal/x/cc.
13:30:30.228 debug: Resolve ./AssetsManager from file:///Users/byron/custom-proj/GameBox/assets/scripts/Tea/Util/ObjPoolManager.ts as file:///Users/byron/custom-proj/GameBox/assets/scripts/Tea/Util/AssetsManager.ts.
13:30:30.228 debug: Resolve ./SingletonFactory from file:///Users/byron/custom-proj/GameBox/assets/scripts/Tea/Util/ObjPoolManager.ts as file:///Users/byron/custom-proj/GameBox/assets/scripts/Tea/Util/SingletonFactory.ts.
13:30:30.228 debug: Resolve ../decorators/tea.decorators from file:///Users/byron/custom-proj/GameBox/assets/scripts/Tea/Util/ObjPoolManager.ts as file:///Users/byron/custom-proj/GameBox/assets/scripts/Tea/decorators/tea.decorators.ts.
13:30:30.228 debug: Resolve cc from file:///Users/byron/custom-proj/GameBox/assets/scripts/Tea/components/Palette.ts as cce:/internal/x/cc.
13:30:30.228 debug: Resolve cc from file:///Users/byron/custom-proj/GameBox/assets/scripts/Tea/components/Palette.ts as cce:/internal/x/cc.
13:30:30.228 debug: Resolve cc from file:///Users/byron/custom-proj/GameBox/assets/scripts/Tea/components/Palette.ts as cce:/internal/x/cc.
13:30:30.228 debug: Resolve cc/env from file:///Users/byron/custom-proj/GameBox/assets/scripts/Tea/components/Palette.ts as external dependency cc/env.
13:30:30.228 debug: Resolve cce:/internal/code-quality/cr.mjs from file:///Users/byron/custom-proj/GameBox/assets/scripts/Tea/data/LocallyData.ts as cce:/internal/code-quality/cr.mjs.
13:30:30.228 debug: Resolve cc from file:///Users/byron/custom-proj/GameBox/assets/scripts/Tea/data/LocallyData.ts as cce:/internal/x/cc.
13:30:30.228 debug: Resolve cc from file:///Users/byron/custom-proj/GameBox/assets/scripts/Tea/data/LocallyData.ts as cce:/internal/x/cc.
13:30:30.228 debug: Resolve cc from file:///Users/byron/custom-proj/GameBox/assets/scripts/Tea/data/LocallyData.ts as cce:/internal/x/cc.
13:30:30.229 debug: Resolve ../Util/SingletonFactory from file:///Users/byron/custom-proj/GameBox/assets/scripts/Tea/data/LocallyData.ts as file:///Users/byron/custom-proj/GameBox/assets/scripts/Tea/Util/SingletonFactory.ts.
13:30:30.232 debug: Target(editor) ends with cost 37.24549999999999ms.
13:30:30.232 debug: Target(preview) build started.
13:30:30.232 debug: Detected change: cce:/internal/x/cc. Last mtime: Thu Jan 01 1970 09:00:03 GMT+0900 (日本标准时间), Current mtime: Thu Jan 01 1970 09:00:03 GMT+0900 (日本标准时间)
13:30:30.232 debug: Inspect cce:/internal/x/cc
13:30:30.240 debug: transform url: 'cce:/internal/x/cc' costs: 8.10 ms
13:30:30.260 debug: Resolve cce:/internal/x/cc-fu/2d from cce:/internal/x/cc as external dependency cce:/internal/x/cc-fu/2d.
13:30:30.261 debug: Resolve cce:/internal/x/cc-fu/sorting from cce:/internal/x/cc as external dependency cce:/internal/x/cc-fu/sorting.
13:30:30.261 debug: Resolve cce:/internal/x/cc-fu/3d from cce:/internal/x/cc as external dependency cce:/internal/x/cc-fu/3d.
13:30:30.261 debug: Resolve cce:/internal/x/cc-fu/affine-transform from cce:/internal/x/cc as external dependency cce:/internal/x/cc-fu/affine-transform.
13:30:30.261 debug: Resolve cce:/internal/x/cc-fu/animation from cce:/internal/x/cc as external dependency cce:/internal/x/cc-fu/animation.
13:30:30.261 debug: Resolve cce:/internal/x/cc-fu/audio from cce:/internal/x/cc as external dependency cce:/internal/x/cc-fu/audio.
13:30:30.261 debug: Resolve cce:/internal/x/cc-fu/base from cce:/internal/x/cc as external dependency cce:/internal/x/cc-fu/base.
13:30:30.261 debug: Resolve cce:/internal/x/cc-fu/custom-pipeline from cce:/internal/x/cc as external dependency cce:/internal/x/cc-fu/custom-pipeline.
13:30:30.261 debug: Resolve cce:/internal/x/cc-fu/dragon-bones from cce:/internal/x/cc as external dependency cce:/internal/x/cc-fu/dragon-bones.
13:30:30.261 debug: Resolve cce:/internal/x/cc-fu/gfx-webgl from cce:/internal/x/cc as external dependency cce:/internal/x/cc-fu/gfx-webgl.
13:30:30.261 debug: Resolve cce:/internal/x/cc-fu/graphics from cce:/internal/x/cc as external dependency cce:/internal/x/cc-fu/graphics.
13:30:30.261 debug: Resolve cce:/internal/x/cc-fu/intersection-2d from cce:/internal/x/cc as external dependency cce:/internal/x/cc-fu/intersection-2d.
13:30:30.261 debug: Resolve cce:/internal/x/cc-fu/light-probe from cce:/internal/x/cc as external dependency cce:/internal/x/cc-fu/light-probe.
13:30:30.261 debug: Resolve cce:/internal/x/cc-fu/mask from cce:/internal/x/cc as external dependency cce:/internal/x/cc-fu/mask.
13:30:30.261 debug: Resolve cce:/internal/x/cc-fu/particle from cce:/internal/x/cc as external dependency cce:/internal/x/cc-fu/particle.
13:30:30.261 debug: Resolve cce:/internal/x/cc-fu/particle-2d from cce:/internal/x/cc as external dependency cce:/internal/x/cc-fu/particle-2d.
13:30:30.261 debug: Resolve cce:/internal/x/cc-fu/physics-2d-box2d from cce:/internal/x/cc as external dependency cce:/internal/x/cc-fu/physics-2d-box2d.
13:30:30.261 debug: Resolve cce:/internal/x/cc-fu/physics-2d-framework from cce:/internal/x/cc as external dependency cce:/internal/x/cc-fu/physics-2d-framework.
13:30:30.261 debug: Resolve cce:/internal/x/cc-fu/physics-ammo from cce:/internal/x/cc as external dependency cce:/internal/x/cc-fu/physics-ammo.
13:30:30.261 debug: Resolve cce:/internal/x/cc-fu/physics-framework from cce:/internal/x/cc as external dependency cce:/internal/x/cc-fu/physics-framework.
13:30:30.261 debug: Resolve cce:/internal/x/cc-fu/primitive from cce:/internal/x/cc as external dependency cce:/internal/x/cc-fu/primitive.
13:30:30.261 debug: Resolve cce:/internal/x/cc-fu/profiler from cce:/internal/x/cc as external dependency cce:/internal/x/cc-fu/profiler.
13:30:30.261 debug: Resolve cce:/internal/x/cc-fu/rich-text from cce:/internal/x/cc as external dependency cce:/internal/x/cc-fu/rich-text.
13:30:30.261 debug: Resolve cce:/internal/x/cc-fu/skeletal-animation from cce:/internal/x/cc as external dependency cce:/internal/x/cc-fu/skeletal-animation.
13:30:30.261 debug: Resolve cce:/internal/x/cc-fu/spine from cce:/internal/x/cc as external dependency cce:/internal/x/cc-fu/spine.
13:30:30.261 debug: Resolve cce:/internal/x/cc-fu/terrain from cce:/internal/x/cc as external dependency cce:/internal/x/cc-fu/terrain.
13:30:30.261 debug: Resolve cce:/internal/x/cc-fu/tiled-map from cce:/internal/x/cc as external dependency cce:/internal/x/cc-fu/tiled-map.
13:30:30.261 debug: Resolve cce:/internal/x/cc-fu/tween from cce:/internal/x/cc as external dependency cce:/internal/x/cc-fu/tween.
13:30:30.261 debug: Resolve cce:/internal/x/cc-fu/ui from cce:/internal/x/cc as external dependency cce:/internal/x/cc-fu/ui.
13:30:30.261 debug: Resolve cce:/internal/x/cc-fu/ui-skew from cce:/internal/x/cc as external dependency cce:/internal/x/cc-fu/ui-skew.
13:30:30.261 debug: Resolve cce:/internal/x/cc-fu/video from cce:/internal/x/cc as external dependency cce:/internal/x/cc-fu/video.
13:30:30.261 debug: Resolve cce:/internal/x/cc-fu/webview from cce:/internal/x/cc as external dependency cce:/internal/x/cc-fu/webview.
13:30:30.261 debug: Detected change: cce:/internal/x/prerequisite-imports. Last mtime: Thu Jan 01 1970 09:00:04 GMT+0900 (日本标准时间), Current mtime: Thu Jan 01 1970 09:00:03 GMT+0900 (日本标准时间)
13:30:30.261 debug: Inspect cce:/internal/x/prerequisite-imports
13:30:30.265 debug: transform url: 'cce:/internal/x/prerequisite-imports' costs: 4.00 ms
13:30:30.265 debug: Resolve file:///Applications/Cocos/Creator/3.8.8/CocosCreator.app/Contents/Resources/resources/3d/engine/editor/assets/default_renderpipeline/builtin-dof-pass.ts from cce:/internal/x/prerequisite-imports as file:///Applications/Cocos/Creator/3.8.8/CocosCreator.app/Contents/Resources/resources/3d/engine/editor/assets/default_renderpipeline/builtin-dof-pass.ts.
13:30:30.265 debug: Resolve file:///Applications/Cocos/Creator/3.8.8/CocosCreator.app/Contents/Resources/resources/3d/engine/editor/assets/default_renderpipeline/builtin-pipeline-pass.ts from cce:/internal/x/prerequisite-imports as file:///Applications/Cocos/Creator/3.8.8/CocosCreator.app/Contents/Resources/resources/3d/engine/editor/assets/default_renderpipeline/builtin-pipeline-pass.ts.
13:30:30.265 debug: Resolve file:///Applications/Cocos/Creator/3.8.8/CocosCreator.app/Contents/Resources/resources/3d/engine/editor/assets/default_renderpipeline/builtin-pipeline-settings.ts from cce:/internal/x/prerequisite-imports as file:///Applications/Cocos/Creator/3.8.8/CocosCreator.app/Contents/Resources/resources/3d/engine/editor/assets/default_renderpipeline/builtin-pipeline-settings.ts.
13:30:30.265 debug: Resolve file:///Applications/Cocos/Creator/3.8.8/CocosCreator.app/Contents/Resources/resources/3d/engine/editor/assets/default_renderpipeline/builtin-pipeline-types.ts from cce:/internal/x/prerequisite-imports as file:///Applications/Cocos/Creator/3.8.8/CocosCreator.app/Contents/Resources/resources/3d/engine/editor/assets/default_renderpipeline/builtin-pipeline-types.ts.
13:30:30.266 debug: Resolve file:///Applications/Cocos/Creator/3.8.8/CocosCreator.app/Contents/Resources/resources/3d/engine/editor/assets/default_renderpipeline/builtin-pipeline.ts from cce:/internal/x/prerequisite-imports as file:///Applications/Cocos/Creator/3.8.8/CocosCreator.app/Contents/Resources/resources/3d/engine/editor/assets/default_renderpipeline/builtin-pipeline.ts.
13:30:30.266 debug: Resolve file:///Applications/Cocos/Creator/3.8.8/CocosCreator.app/Contents/Resources/resources/3d/engine/editor/assets/tools/debug-view-runtime-control.ts from cce:/internal/x/prerequisite-imports as file:///Applications/Cocos/Creator/3.8.8/CocosCreator.app/Contents/Resources/resources/3d/engine/editor/assets/tools/debug-view-runtime-control.ts.
13:30:30.266 debug: Resolve file:///Users/byron/custom-proj/GameBox/assets/Hall/scripts/HallView.ts from cce:/internal/x/prerequisite-imports as file:///Users/byron/custom-proj/GameBox/assets/Hall/scripts/HallView.ts.
13:30:30.266 debug: Resolve file:///Users/byron/custom-proj/GameBox/assets/scripts/GameController.ts from cce:/internal/x/prerequisite-imports as file:///Users/byron/custom-proj/GameBox/assets/scripts/GameController.ts.
13:30:30.266 debug: Resolve file:///Users/byron/custom-proj/GameBox/assets/scripts/Tea/Conn/ReqHttp.ts from cce:/internal/x/prerequisite-imports as file:///Users/byron/custom-proj/GameBox/assets/scripts/Tea/Conn/ReqHttp.ts.
13:30:30.266 debug: Resolve file:///Users/byron/custom-proj/GameBox/assets/scripts/Tea/Preset/Preset.ts from cce:/internal/x/prerequisite-imports as file:///Users/byron/custom-proj/GameBox/assets/scripts/Tea/Preset/Preset.ts.
13:30:30.266 debug: Resolve file:///Users/byron/custom-proj/GameBox/assets/scripts/Tea/UI/GameItem.ts from cce:/internal/x/prerequisite-imports as file:///Users/byron/custom-proj/GameBox/assets/scripts/Tea/UI/GameItem.ts.
13:30:30.266 debug: Resolve file:///Users/byron/custom-proj/GameBox/assets/scripts/Tea/UI/UIPage.ts from cce:/internal/x/prerequisite-imports as file:///Users/byron/custom-proj/GameBox/assets/scripts/Tea/UI/UIPage.ts.
13:30:30.266 debug: Resolve file:///Users/byron/custom-proj/GameBox/assets/scripts/Tea/UI/UIView.ts from cce:/internal/x/prerequisite-imports as file:///Users/byron/custom-proj/GameBox/assets/scripts/Tea/UI/UIView.ts.
13:30:30.266 debug: Resolve file:///Users/byron/custom-proj/GameBox/assets/scripts/Tea/Util/AssetsManager.ts from cce:/internal/x/prerequisite-imports as file:///Users/byron/custom-proj/GameBox/assets/scripts/Tea/Util/AssetsManager.ts.
13:30:30.266 debug: Resolve file:///Users/byron/custom-proj/GameBox/assets/scripts/Tea/Util/Base64Ts.ts from cce:/internal/x/prerequisite-imports as file:///Users/byron/custom-proj/GameBox/assets/scripts/Tea/Util/Base64Ts.ts.
13:30:30.266 debug: Resolve file:///Users/byron/custom-proj/GameBox/assets/scripts/Tea/Util/BranchStrategy.ts from cce:/internal/x/prerequisite-imports as file:///Users/byron/custom-proj/GameBox/assets/scripts/Tea/Util/BranchStrategy.ts.
13:30:30.266 debug: Resolve file:///Users/byron/custom-proj/GameBox/assets/scripts/Tea/Util/EventBase.ts from cce:/internal/x/prerequisite-imports as file:///Users/byron/custom-proj/GameBox/assets/scripts/Tea/Util/EventBase.ts.
13:30:30.266 debug: Resolve file:///Users/byron/custom-proj/GameBox/assets/scripts/Tea/Util/EventManager.ts from cce:/internal/x/prerequisite-imports as file:///Users/byron/custom-proj/GameBox/assets/scripts/Tea/Util/EventManager.ts.
13:30:30.266 debug: Resolve file:///Users/byron/custom-proj/GameBox/assets/scripts/Tea/Util/LogApi.ts from cce:/internal/x/prerequisite-imports as file:///Users/byron/custom-proj/GameBox/assets/scripts/Tea/Util/LogApi.ts.
13:30:30.266 debug: Resolve file:///Users/byron/custom-proj/GameBox/assets/scripts/Tea/Util/ObjPoolManager.ts from cce:/internal/x/prerequisite-imports as file:///Users/byron/custom-proj/GameBox/assets/scripts/Tea/Util/ObjPoolManager.ts.
13:30:30.266 debug: Resolve file:///Users/byron/custom-proj/GameBox/assets/scripts/Tea/Util/SingletonFactory.ts from cce:/internal/x/prerequisite-imports as file:///Users/byron/custom-proj/GameBox/assets/scripts/Tea/Util/SingletonFactory.ts.
13:30:30.266 debug: Resolve file:///Users/byron/custom-proj/GameBox/assets/scripts/Tea/Util/UUID.ts from cce:/internal/x/prerequisite-imports as file:///Users/byron/custom-proj/GameBox/assets/scripts/Tea/Util/UUID.ts.
13:30:30.266 debug: Resolve file:///Users/byron/custom-proj/GameBox/assets/scripts/Tea/components/Palette.ts from cce:/internal/x/prerequisite-imports as file:///Users/byron/custom-proj/GameBox/assets/scripts/Tea/components/Palette.ts.
13:30:30.266 debug: Resolve file:///Users/byron/custom-proj/GameBox/assets/scripts/Tea/data/LocallyData.ts from cce:/internal/x/prerequisite-imports as file:///Users/byron/custom-proj/GameBox/assets/scripts/Tea/data/LocallyData.ts.
13:30:30.266 debug: Resolve file:///Users/byron/custom-proj/GameBox/assets/scripts/Tea/data/ProxyData.ts from cce:/internal/x/prerequisite-imports as file:///Users/byron/custom-proj/GameBox/assets/scripts/Tea/data/ProxyData.ts.
13:30:30.266 debug: Resolve file:///Users/byron/custom-proj/GameBox/assets/scripts/Tea/decorators/tea.decorators.ts from cce:/internal/x/prerequisite-imports as file:///Users/byron/custom-proj/GameBox/assets/scripts/Tea/decorators/tea.decorators.ts.
13:30:30.266 debug: Resolve file:///Users/byron/custom-proj/GameBox/assets/scripts/tools/Tools.ts from cce:/internal/x/prerequisite-imports as file:///Users/byron/custom-proj/GameBox/assets/scripts/tools/Tools.ts.
13:30:30.266 debug: Resolve cce:/internal/code-quality/cr.mjs from file:///Applications/Cocos/Creator/3.8.8/CocosCreator.app/Contents/Resources/resources/3d/engine/editor/assets/default_renderpipeline/builtin-dof-pass.ts as cce:/internal/code-quality/cr.mjs.
13:30:30.266 debug: Detected change: cce:/internal/code-quality/cr.mjs. Last mtime: Tue Sep 08 2026 20:54:56 GMT+0900 (日本标准时间), Current mtime: Thu Sep 10 2026 13:30:27 GMT+0900 (日本标准时间)
13:30:30.266 debug: Inspect cce:/internal/code-quality/cr.mjs
13:30:30.270 debug: transform url: 'cce:/internal/code-quality/cr.mjs' costs: 3.50 ms
13:30:30.270 debug: Resolve cc from file:///Applications/Cocos/Creator/3.8.8/CocosCreator.app/Contents/Resources/resources/3d/engine/editor/assets/default_renderpipeline/builtin-dof-pass.ts as cce:/internal/x/cc.
13:30:30.270 debug: Resolve cc from file:///Applications/Cocos/Creator/3.8.8/CocosCreator.app/Contents/Resources/resources/3d/engine/editor/assets/default_renderpipeline/builtin-dof-pass.ts as cce:/internal/x/cc.
13:30:30.270 debug: Resolve cc from file:///Applications/Cocos/Creator/3.8.8/CocosCreator.app/Contents/Resources/resources/3d/engine/editor/assets/default_renderpipeline/builtin-dof-pass.ts as cce:/internal/x/cc.
13:30:30.270 debug: Resolve cc/env from file:///Applications/Cocos/Creator/3.8.8/CocosCreator.app/Contents/Resources/resources/3d/engine/editor/assets/default_renderpipeline/builtin-dof-pass.ts as external dependency cc/env.
13:30:30.271 debug: Resolve ./builtin-pipeline-settings from file:///Applications/Cocos/Creator/3.8.8/CocosCreator.app/Contents/Resources/resources/3d/engine/editor/assets/default_renderpipeline/builtin-dof-pass.ts as file:///Applications/Cocos/Creator/3.8.8/CocosCreator.app/Contents/Resources/resources/3d/engine/editor/assets/default_renderpipeline/builtin-pipeline-settings.ts.
13:30:30.271 debug: Resolve ./builtin-pipeline-pass from file:///Applications/Cocos/Creator/3.8.8/CocosCreator.app/Contents/Resources/resources/3d/engine/editor/assets/default_renderpipeline/builtin-dof-pass.ts as file:///Applications/Cocos/Creator/3.8.8/CocosCreator.app/Contents/Resources/resources/3d/engine/editor/assets/default_renderpipeline/builtin-pipeline-pass.ts.
13:30:30.271 debug: Resolve ./builtin-pipeline from file:///Applications/Cocos/Creator/3.8.8/CocosCreator.app/Contents/Resources/resources/3d/engine/editor/assets/default_renderpipeline/builtin-dof-pass.ts as file:///Applications/Cocos/Creator/3.8.8/CocosCreator.app/Contents/Resources/resources/3d/engine/editor/assets/default_renderpipeline/builtin-pipeline.ts.
13:30:30.271 debug: Resolve cce:/internal/code-quality/cr.mjs from file:///Applications/Cocos/Creator/3.8.8/CocosCreator.app/Contents/Resources/resources/3d/engine/editor/assets/default_renderpipeline/builtin-pipeline-settings.ts as cce:/internal/code-quality/cr.mjs.
13:30:30.271 debug: Resolve cc from file:///Applications/Cocos/Creator/3.8.8/CocosCreator.app/Contents/Resources/resources/3d/engine/editor/assets/default_renderpipeline/builtin-pipeline-settings.ts as cce:/internal/x/cc.
13:30:30.271 debug: Resolve cc from file:///Applications/Cocos/Creator/3.8.8/CocosCreator.app/Contents/Resources/resources/3d/engine/editor/assets/default_renderpipeline/builtin-pipeline-settings.ts as cce:/internal/x/cc.
13:30:30.271 debug: Resolve cc from file:///Applications/Cocos/Creator/3.8.8/CocosCreator.app/Contents/Resources/resources/3d/engine/editor/assets/default_renderpipeline/builtin-pipeline-settings.ts as cce:/internal/x/cc.
13:30:30.271 debug: Resolve cc/env from file:///Applications/Cocos/Creator/3.8.8/CocosCreator.app/Contents/Resources/resources/3d/engine/editor/assets/default_renderpipeline/builtin-pipeline-settings.ts as external dependency cc/env.
13:30:30.271 debug: Resolve ./builtin-pipeline-types from file:///Applications/Cocos/Creator/3.8.8/CocosCreator.app/Contents/Resources/resources/3d/engine/editor/assets/default_renderpipeline/builtin-pipeline-settings.ts as file:///Applications/Cocos/Creator/3.8.8/CocosCreator.app/Contents/Resources/resources/3d/engine/editor/assets/default_renderpipeline/builtin-pipeline-types.ts.
13:30:30.271 debug: Resolve cc from file:///Applications/Cocos/Creator/3.8.8/CocosCreator.app/Contents/Resources/resources/3d/engine/editor/assets/default_renderpipeline/builtin-pipeline-types.ts as cce:/internal/x/cc.
13:30:30.271 debug: Resolve cc from file:///Applications/Cocos/Creator/3.8.8/CocosCreator.app/Contents/Resources/resources/3d/engine/editor/assets/default_renderpipeline/builtin-pipeline-types.ts as cce:/internal/x/cc.
13:30:30.271 debug: Resolve cc from file:///Applications/Cocos/Creator/3.8.8/CocosCreator.app/Contents/Resources/resources/3d/engine/editor/assets/default_renderpipeline/builtin-pipeline-types.ts as cce:/internal/x/cc.
13:30:30.271 debug: Resolve cce:/internal/code-quality/cr.mjs from file:///Applications/Cocos/Creator/3.8.8/CocosCreator.app/Contents/Resources/resources/3d/engine/editor/assets/default_renderpipeline/builtin-pipeline-pass.ts as cce:/internal/code-quality/cr.mjs.
13:30:30.271 debug: Resolve cc from file:///Applications/Cocos/Creator/3.8.8/CocosCreator.app/Contents/Resources/resources/3d/engine/editor/assets/default_renderpipeline/builtin-pipeline-pass.ts as cce:/internal/x/cc.
13:30:30.271 debug: Resolve cc from file:///Applications/Cocos/Creator/3.8.8/CocosCreator.app/Contents/Resources/resources/3d/engine/editor/assets/default_renderpipeline/builtin-pipeline-pass.ts as cce:/internal/x/cc.
13:30:30.271 debug: Resolve cc from file:///Applications/Cocos/Creator/3.8.8/CocosCreator.app/Contents/Resources/resources/3d/engine/editor/assets/default_renderpipeline/builtin-pipeline-pass.ts as cce:/internal/x/cc.
13:30:30.271 debug: Resolve ./builtin-pipeline-settings from file:///Applications/Cocos/Creator/3.8.8/CocosCreator.app/Contents/Resources/resources/3d/engine/editor/assets/default_renderpipeline/builtin-pipeline-pass.ts as file:///Applications/Cocos/Creator/3.8.8/CocosCreator.app/Contents/Resources/resources/3d/engine/editor/assets/default_renderpipeline/builtin-pipeline-settings.ts.
13:30:30.271 debug: Resolve cc/env from file:///Applications/Cocos/Creator/3.8.8/CocosCreator.app/Contents/Resources/resources/3d/engine/editor/assets/default_renderpipeline/builtin-pipeline-pass.ts as external dependency cc/env.
13:30:30.271 debug: Resolve cce:/internal/code-quality/cr.mjs from file:///Applications/Cocos/Creator/3.8.8/CocosCreator.app/Contents/Resources/resources/3d/engine/editor/assets/default_renderpipeline/builtin-pipeline.ts as cce:/internal/code-quality/cr.mjs.
13:30:30.271 debug: Resolve cc from file:///Applications/Cocos/Creator/3.8.8/CocosCreator.app/Contents/Resources/resources/3d/engine/editor/assets/default_renderpipeline/builtin-pipeline.ts as cce:/internal/x/cc.
13:30:30.271 debug: Resolve cc from file:///Applications/Cocos/Creator/3.8.8/CocosCreator.app/Contents/Resources/resources/3d/engine/editor/assets/default_renderpipeline/builtin-pipeline.ts as cce:/internal/x/cc.
13:30:30.271 debug: Resolve cc from file:///Applications/Cocos/Creator/3.8.8/CocosCreator.app/Contents/Resources/resources/3d/engine/editor/assets/default_renderpipeline/builtin-pipeline.ts as cce:/internal/x/cc.
13:30:30.271 debug: Resolve cc/env from file:///Applications/Cocos/Creator/3.8.8/CocosCreator.app/Contents/Resources/resources/3d/engine/editor/assets/default_renderpipeline/builtin-pipeline.ts as external dependency cc/env.
13:30:30.271 debug: Resolve ./builtin-pipeline-types from file:///Applications/Cocos/Creator/3.8.8/CocosCreator.app/Contents/Resources/resources/3d/engine/editor/assets/default_renderpipeline/builtin-pipeline.ts as file:///Applications/Cocos/Creator/3.8.8/CocosCreator.app/Contents/Resources/resources/3d/engine/editor/assets/default_renderpipeline/builtin-pipeline-types.ts.
13:30:30.271 debug: Resolve cc from file:///Applications/Cocos/Creator/3.8.8/CocosCreator.app/Contents/Resources/resources/3d/engine/editor/assets/tools/debug-view-runtime-control.ts as cce:/internal/x/cc.
13:30:30.271 debug: Resolve cc from file:///Applications/Cocos/Creator/3.8.8/CocosCreator.app/Contents/Resources/resources/3d/engine/editor/assets/tools/debug-view-runtime-control.ts as cce:/internal/x/cc.
13:30:30.271 debug: Resolve cc from file:///Applications/Cocos/Creator/3.8.8/CocosCreator.app/Contents/Resources/resources/3d/engine/editor/assets/tools/debug-view-runtime-control.ts as cce:/internal/x/cc.
13:30:30.271 debug: Resolve cce:/internal/code-quality/cr.mjs from file:///Users/byron/custom-proj/GameBox/assets/Hall/scripts/HallView.ts as cce:/internal/code-quality/cr.mjs.
13:30:30.271 debug: Resolve cc from file:///Users/byron/custom-proj/GameBox/assets/Hall/scripts/HallView.ts as cce:/internal/x/cc.
13:30:30.271 debug: Resolve cc from file:///Users/byron/custom-proj/GameBox/assets/Hall/scripts/HallView.ts as cce:/internal/x/cc.
13:30:30.271 debug: Resolve cc from file:///Users/byron/custom-proj/GameBox/assets/Hall/scripts/HallView.ts as cce:/internal/x/cc.
13:30:30.271 debug: Resolve ../../scripts/Tea/UI/UIView from file:///Users/byron/custom-proj/GameBox/assets/Hall/scripts/HallView.ts as file:///Users/byron/custom-proj/GameBox/assets/scripts/Tea/UI/UIView.ts.
13:30:30.271 debug: Resolve ../../scripts/Tea/decorators/tea.decorators from file:///Users/byron/custom-proj/GameBox/assets/Hall/scripts/HallView.ts as file:///Users/byron/custom-proj/GameBox/assets/scripts/Tea/decorators/tea.decorators.ts.
13:30:30.271 debug: Resolve cce:/internal/code-quality/cr.mjs from file:///Users/byron/custom-proj/GameBox/assets/scripts/Tea/UI/UIView.ts as cce:/internal/code-quality/cr.mjs.
13:30:30.271 debug: Resolve cc from file:///Users/byron/custom-proj/GameBox/assets/scripts/Tea/UI/UIView.ts as cce:/internal/x/cc.
13:30:30.271 debug: Resolve cc from file:///Users/byron/custom-proj/GameBox/assets/scripts/Tea/UI/UIView.ts as cce:/internal/x/cc.
13:30:30.271 debug: Resolve cc from file:///Users/byron/custom-proj/GameBox/assets/scripts/Tea/UI/UIView.ts as cce:/internal/x/cc.
13:30:30.271 debug: Resolve ../Util/SingletonFactory from file:///Users/byron/custom-proj/GameBox/assets/scripts/Tea/UI/UIView.ts as file:///Users/byron/custom-proj/GameBox/assets/scripts/Tea/Util/SingletonFactory.ts.
13:30:30.271 debug: Resolve ./UIPage from file:///Users/byron/custom-proj/GameBox/assets/scripts/Tea/UI/UIView.ts as file:///Users/byron/custom-proj/GameBox/assets/scripts/Tea/UI/UIPage.ts.
13:30:30.271 debug: Resolve ../data/ProxyData from file:///Users/byron/custom-proj/GameBox/assets/scripts/Tea/UI/UIView.ts as file:///Users/byron/custom-proj/GameBox/assets/scripts/Tea/data/ProxyData.ts.
13:30:30.271 debug: Resolve cce:/internal/code-quality/cr.mjs from file:///Users/byron/custom-proj/GameBox/assets/scripts/Tea/Util/SingletonFactory.ts as cce:/internal/code-quality/cr.mjs.
13:30:30.271 debug: Resolve cc from file:///Users/byron/custom-proj/GameBox/assets/scripts/Tea/Util/SingletonFactory.ts as cce:/internal/x/cc.
13:30:30.271 debug: Resolve ./UUID from file:///Users/byron/custom-proj/GameBox/assets/scripts/Tea/Util/SingletonFactory.ts as file:///Users/byron/custom-proj/GameBox/assets/scripts/Tea/Util/UUID.ts.
13:30:30.271 debug: Resolve cc from file:///Users/byron/custom-proj/GameBox/assets/scripts/Tea/Util/UUID.ts as cce:/internal/x/cc.
13:30:30.271 debug: Resolve cce:/internal/code-quality/cr.mjs from file:///Users/byron/custom-proj/GameBox/assets/scripts/Tea/UI/UIPage.ts as cce:/internal/code-quality/cr.mjs.
13:30:30.271 debug: Resolve cc from file:///Users/byron/custom-proj/GameBox/assets/scripts/Tea/UI/UIPage.ts as cce:/internal/x/cc.
13:30:30.271 debug: Resolve cc from file:///Users/byron/custom-proj/GameBox/assets/scripts/Tea/UI/UIPage.ts as cce:/internal/x/cc.
13:30:30.271 debug: Resolve cc from file:///Users/byron/custom-proj/GameBox/assets/scripts/Tea/UI/UIPage.ts as cce:/internal/x/cc.
13:30:30.271 debug: Resolve ../Util/AssetsManager from file:///Users/byron/custom-proj/GameBox/assets/scripts/Tea/UI/UIPage.ts as file:///Users/byron/custom-proj/GameBox/assets/scripts/Tea/Util/AssetsManager.ts.
13:30:30.272 debug: Resolve ../Util/SingletonFactory from file:///Users/byron/custom-proj/GameBox/assets/scripts/Tea/UI/UIPage.ts as file:///Users/byron/custom-proj/GameBox/assets/scripts/Tea/Util/SingletonFactory.ts.
13:30:30.272 debug: Resolve ./GameItem from file:///Users/byron/custom-proj/GameBox/assets/scripts/Tea/UI/UIPage.ts as file:///Users/byron/custom-proj/GameBox/assets/scripts/Tea/UI/GameItem.ts.
13:30:30.272 debug: Resolve cc from file:///Users/byron/custom-proj/GameBox/assets/scripts/Tea/Util/AssetsManager.ts as cce:/internal/x/cc.
13:30:30.272 debug: Resolve cc from file:///Users/byron/custom-proj/GameBox/assets/scripts/Tea/Util/AssetsManager.ts as cce:/internal/x/cc.
13:30:30.272 debug: Resolve cc from file:///Users/byron/custom-proj/GameBox/assets/scripts/Tea/Util/AssetsManager.ts as cce:/internal/x/cc.
13:30:30.272 debug: Resolve cce:/internal/code-quality/cr.mjs from file:///Users/byron/custom-proj/GameBox/assets/scripts/Tea/UI/GameItem.ts as cce:/internal/code-quality/cr.mjs.
13:30:30.272 debug: Resolve cc from file:///Users/byron/custom-proj/GameBox/assets/scripts/Tea/UI/GameItem.ts as cce:/internal/x/cc.
13:30:30.272 debug: Resolve cc from file:///Users/byron/custom-proj/GameBox/assets/scripts/Tea/UI/GameItem.ts as cce:/internal/x/cc.
13:30:30.272 debug: Resolve cc from file:///Users/byron/custom-proj/GameBox/assets/scripts/Tea/UI/GameItem.ts as cce:/internal/x/cc.
13:30:30.272 debug: Resolve ../data/ProxyData from file:///Users/byron/custom-proj/GameBox/assets/scripts/Tea/UI/GameItem.ts as file:///Users/byron/custom-proj/GameBox/assets/scripts/Tea/data/ProxyData.ts.
13:30:30.272 debug: Resolve cc from file:///Users/byron/custom-proj/GameBox/assets/scripts/Tea/data/ProxyData.ts as cce:/internal/x/cc.
13:30:30.272 debug: Resolve cc from file:///Users/byron/custom-proj/GameBox/assets/scripts/Tea/data/ProxyData.ts as cce:/internal/x/cc.
13:30:30.272 debug: Resolve cc from file:///Users/byron/custom-proj/GameBox/assets/scripts/Tea/data/ProxyData.ts as cce:/internal/x/cc.
13:30:30.272 debug: Resolve cc from file:///Users/byron/custom-proj/GameBox/assets/scripts/Tea/decorators/tea.decorators.ts as cce:/internal/x/cc.
13:30:30.272 debug: Resolve cc from file:///Users/byron/custom-proj/GameBox/assets/scripts/Tea/decorators/tea.decorators.ts as cce:/internal/x/cc.
13:30:30.272 debug: Resolve cc from file:///Users/byron/custom-proj/GameBox/assets/scripts/Tea/decorators/tea.decorators.ts as cce:/internal/x/cc.
13:30:30.272 debug: Resolve cce:/internal/code-quality/cr.mjs from file:///Users/byron/custom-proj/GameBox/assets/scripts/GameController.ts as cce:/internal/code-quality/cr.mjs.
13:30:30.272 debug: Resolve cc from file:///Users/byron/custom-proj/GameBox/assets/scripts/GameController.ts as cce:/internal/x/cc.
13:30:30.272 debug: Resolve cc from file:///Users/byron/custom-proj/GameBox/assets/scripts/GameController.ts as cce:/internal/x/cc.
13:30:30.272 debug: Resolve cc from file:///Users/byron/custom-proj/GameBox/assets/scripts/GameController.ts as cce:/internal/x/cc.
13:30:30.272 debug: Resolve ./Tea/decorators/tea.decorators from file:///Users/byron/custom-proj/GameBox/assets/scripts/GameController.ts as file:///Users/byron/custom-proj/GameBox/assets/scripts/Tea/decorators/tea.decorators.ts.
13:30:30.272 debug: Resolve ./tools/Tools from file:///Users/byron/custom-proj/GameBox/assets/scripts/GameController.ts as file:///Users/byron/custom-proj/GameBox/assets/scripts/tools/Tools.ts.
13:30:30.272 debug: Resolve ./Tea/Util/SingletonFactory from file:///Users/byron/custom-proj/GameBox/assets/scripts/GameController.ts as file:///Users/byron/custom-proj/GameBox/assets/scripts/Tea/Util/SingletonFactory.ts.
13:30:30.272 debug: Resolve ./Tea/UI/UIPage from file:///Users/byron/custom-proj/GameBox/assets/scripts/GameController.ts as file:///Users/byron/custom-proj/GameBox/assets/scripts/Tea/UI/UIPage.ts.
13:30:30.272 debug: Resolve cc from file:///Users/byron/custom-proj/GameBox/assets/scripts/tools/Tools.ts as cce:/internal/x/cc.
13:30:30.272 debug: Resolve cc from file:///Users/byron/custom-proj/GameBox/assets/scripts/Tea/Conn/ReqHttp.ts as cce:/internal/x/cc.
13:30:30.272 debug: Resolve cce:/internal/code-quality/cr.mjs from file:///Users/byron/custom-proj/GameBox/assets/scripts/Tea/Preset/Preset.ts as cce:/internal/code-quality/cr.mjs.
13:30:30.272 debug: Resolve cc from file:///Users/byron/custom-proj/GameBox/assets/scripts/Tea/Preset/Preset.ts as cce:/internal/x/cc.
13:30:30.272 debug: Resolve cc from file:///Users/byron/custom-proj/GameBox/assets/scripts/Tea/Preset/Preset.ts as cce:/internal/x/cc.
13:30:30.272 debug: Resolve cc from file:///Users/byron/custom-proj/GameBox/assets/scripts/Tea/Preset/Preset.ts as cce:/internal/x/cc.
13:30:30.272 debug: Resolve ../UI/UIPage from file:///Users/byron/custom-proj/GameBox/assets/scripts/Tea/Preset/Preset.ts as file:///Users/byron/custom-proj/GameBox/assets/scripts/Tea/UI/UIPage.ts.
13:30:30.272 debug: Resolve ../Util/EventManager from file:///Users/byron/custom-proj/GameBox/assets/scripts/Tea/Preset/Preset.ts as file:///Users/byron/custom-proj/GameBox/assets/scripts/Tea/Util/EventManager.ts.
13:30:30.272 debug: Resolve ../Util/SingletonFactory from file:///Users/byron/custom-proj/GameBox/assets/scripts/Tea/Preset/Preset.ts as file:///Users/byron/custom-proj/GameBox/assets/scripts/Tea/Util/SingletonFactory.ts.
13:30:30.272 debug: Resolve cc/env from file:///Users/byron/custom-proj/GameBox/assets/scripts/Tea/Preset/Preset.ts as external dependency cc/env.
13:30:30.272 debug: Resolve ../Util/LogApi from file:///Users/byron/custom-proj/GameBox/assets/scripts/Tea/Preset/Preset.ts as file:///Users/byron/custom-proj/GameBox/assets/scripts/Tea/Util/LogApi.ts.
13:30:30.272 debug: Resolve cce:/internal/code-quality/cr.mjs from file:///Users/byron/custom-proj/GameBox/assets/scripts/Tea/Util/EventManager.ts as cce:/internal/code-quality/cr.mjs.
13:30:30.272 debug: Resolve cc from file:///Users/byron/custom-proj/GameBox/assets/scripts/Tea/Util/EventManager.ts as cce:/internal/x/cc.
13:30:30.272 debug: Resolve ./EventBase from file:///Users/byron/custom-proj/GameBox/assets/scripts/Tea/Util/EventManager.ts as file:///Users/byron/custom-proj/GameBox/assets/scripts/Tea/Util/EventBase.ts.
13:30:30.272 debug: Resolve ./SingletonFactory from file:///Users/byron/custom-proj/GameBox/assets/scripts/Tea/Util/EventManager.ts as file:///Users/byron/custom-proj/GameBox/assets/scripts/Tea/Util/SingletonFactory.ts.
13:30:30.272 debug: Resolve cce:/internal/code-quality/cr.mjs from file:///Users/byron/custom-proj/GameBox/assets/scripts/Tea/Util/EventBase.ts as cce:/internal/code-quality/cr.mjs.
13:30:30.272 debug: Resolve cc from file:///Users/byron/custom-proj/GameBox/assets/scripts/Tea/Util/EventBase.ts as cce:/internal/x/cc.
13:30:30.272 debug: Resolve ./UUID from file:///Users/byron/custom-proj/GameBox/assets/scripts/Tea/Util/EventBase.ts as file:///Users/byron/custom-proj/GameBox/assets/scripts/Tea/Util/UUID.ts.
13:30:30.272 debug: Resolve cc from file:///Users/byron/custom-proj/GameBox/assets/scripts/Tea/Util/LogApi.ts as cce:/internal/x/cc.
13:30:30.272 debug: Resolve cc/env from file:///Users/byron/custom-proj/GameBox/assets/scripts/Tea/Util/LogApi.ts as external dependency cc/env.
13:30:30.272 debug: Resolve cc from file:///Users/byron/custom-proj/GameBox/assets/scripts/Tea/Util/Base64Ts.ts as cce:/internal/x/cc.
13:30:30.272 debug: Resolve cce:/internal/code-quality/cr.mjs from file:///Users/byron/custom-proj/GameBox/assets/scripts/Tea/Util/BranchStrategy.ts as cce:/internal/code-quality/cr.mjs.
13:30:30.272 debug: Resolve cc from file:///Users/byron/custom-proj/GameBox/assets/scripts/Tea/Util/BranchStrategy.ts as cce:/internal/x/cc.
13:30:30.272 debug: Resolve ./SingletonFactory from file:///Users/byron/custom-proj/GameBox/assets/scripts/Tea/Util/BranchStrategy.ts as file:///Users/byron/custom-proj/GameBox/assets/scripts/Tea/Util/SingletonFactory.ts.
13:30:30.272 debug: Resolve cce:/internal/code-quality/cr.mjs from file:///Users/byron/custom-proj/GameBox/assets/scripts/Tea/Util/ObjPoolManager.ts as cce:/internal/code-quality/cr.mjs.
13:30:30.272 debug: Resolve cc from file:///Users/byron/custom-proj/GameBox/assets/scripts/Tea/Util/ObjPoolManager.ts as cce:/internal/x/cc.
13:30:30.272 debug: Resolve cc from file:///Users/byron/custom-proj/GameBox/assets/scripts/Tea/Util/ObjPoolManager.ts as cce:/internal/x/cc.
13:30:30.272 debug: Resolve cc from file:///Users/byron/custom-proj/GameBox/assets/scripts/Tea/Util/ObjPoolManager.ts as cce:/internal/x/cc.
13:30:30.272 debug: Resolve ./AssetsManager from file:///Users/byron/custom-proj/GameBox/assets/scripts/Tea/Util/ObjPoolManager.ts as file:///Users/byron/custom-proj/GameBox/assets/scripts/Tea/Util/AssetsManager.ts.
13:30:30.272 debug: Resolve ./SingletonFactory from file:///Users/byron/custom-proj/GameBox/assets/scripts/Tea/Util/ObjPoolManager.ts as file:///Users/byron/custom-proj/GameBox/assets/scripts/Tea/Util/SingletonFactory.ts.
13:30:30.273 debug: Resolve ../decorators/tea.decorators from file:///Users/byron/custom-proj/GameBox/assets/scripts/Tea/Util/ObjPoolManager.ts as file:///Users/byron/custom-proj/GameBox/assets/scripts/Tea/decorators/tea.decorators.ts.
13:30:30.273 debug: Resolve cc from file:///Users/byron/custom-proj/GameBox/assets/scripts/Tea/components/Palette.ts as cce:/internal/x/cc.
13:30:30.273 debug: Resolve cc from file:///Users/byron/custom-proj/GameBox/assets/scripts/Tea/components/Palette.ts as cce:/internal/x/cc.
13:30:30.273 debug: Resolve cc from file:///Users/byron/custom-proj/GameBox/assets/scripts/Tea/components/Palette.ts as cce:/internal/x/cc.
13:30:30.273 debug: Resolve cc/env from file:///Users/byron/custom-proj/GameBox/assets/scripts/Tea/components/Palette.ts as external dependency cc/env.
13:30:30.273 debug: Resolve cce:/internal/code-quality/cr.mjs from file:///Users/byron/custom-proj/GameBox/assets/scripts/Tea/data/LocallyData.ts as cce:/internal/code-quality/cr.mjs.
13:30:30.273 debug: Resolve cc from file:///Users/byron/custom-proj/GameBox/assets/scripts/Tea/data/LocallyData.ts as cce:/internal/x/cc.
13:30:30.273 debug: Resolve cc from file:///Users/byron/custom-proj/GameBox/assets/scripts/Tea/data/LocallyData.ts as cce:/internal/x/cc.
13:30:30.273 debug: Resolve cc from file:///Users/byron/custom-proj/GameBox/assets/scripts/Tea/data/LocallyData.ts as cce:/internal/x/cc.
13:30:30.273 debug: Resolve ../Util/SingletonFactory from file:///Users/byron/custom-proj/GameBox/assets/scripts/Tea/data/LocallyData.ts as file:///Users/byron/custom-proj/GameBox/assets/scripts/Tea/Util/SingletonFactory.ts.
13:30:30.275 debug: Target(preview) ends with cost 42.98758299999963ms.
13:30:30.799 debug: Pulling asset-db.
13:30:30.940 debug: Fetch asset-db cost: 140.93245899999965ms.
13:30:30.941 debug: Build iteration starts.
Number of accumulated asset changes: 28
Feature changed: false
13:30:30.941 debug: Target(editor) build started.
13:30:30.942 debug: Detected change: cce:/internal/x/prerequisite-imports. Last mtime: Thu Jan 01 1970 09:00:03 GMT+0900 (日本标准时间), Current mtime: Thu Jan 01 1970 09:00:03 GMT+0900 (日本标准时间)
13:30:30.942 debug: Inspect cce:/internal/x/prerequisite-imports
13:30:30.946 debug: transform url: 'cce:/internal/x/prerequisite-imports' costs: 4.00 ms
13:30:30.947 debug: Resolve file:///Applications/Cocos/Creator/3.8.8/CocosCreator.app/Contents/Resources/resources/3d/engine/editor/assets/default_renderpipeline/builtin-dof-pass.ts from cce:/internal/x/prerequisite-imports as file:///Applications/Cocos/Creator/3.8.8/CocosCreator.app/Contents/Resources/resources/3d/engine/editor/assets/default_renderpipeline/builtin-dof-pass.ts.
13:30:30.947 debug: Resolve file:///Applications/Cocos/Creator/3.8.8/CocosCreator.app/Contents/Resources/resources/3d/engine/editor/assets/default_renderpipeline/builtin-pipeline-pass.ts from cce:/internal/x/prerequisite-imports as file:///Applications/Cocos/Creator/3.8.8/CocosCreator.app/Contents/Resources/resources/3d/engine/editor/assets/default_renderpipeline/builtin-pipeline-pass.ts.
13:30:30.947 debug: Resolve file:///Applications/Cocos/Creator/3.8.8/CocosCreator.app/Contents/Resources/resources/3d/engine/editor/assets/default_renderpipeline/builtin-pipeline-settings.ts from cce:/internal/x/prerequisite-imports as file:///Applications/Cocos/Creator/3.8.8/CocosCreator.app/Contents/Resources/resources/3d/engine/editor/assets/default_renderpipeline/builtin-pipeline-settings.ts.
13:30:30.947 debug: Resolve file:///Applications/Cocos/Creator/3.8.8/CocosCreator.app/Contents/Resources/resources/3d/engine/editor/assets/default_renderpipeline/builtin-pipeline-types.ts from cce:/internal/x/prerequisite-imports as file:///Applications/Cocos/Creator/3.8.8/CocosCreator.app/Contents/Resources/resources/3d/engine/editor/assets/default_renderpipeline/builtin-pipeline-types.ts.
13:30:30.947 debug: Resolve file:///Applications/Cocos/Creator/3.8.8/CocosCreator.app/Contents/Resources/resources/3d/engine/editor/assets/default_renderpipeline/builtin-pipeline.ts from cce:/internal/x/prerequisite-imports as file:///Applications/Cocos/Creator/3.8.8/CocosCreator.app/Contents/Resources/resources/3d/engine/editor/assets/default_renderpipeline/builtin-pipeline.ts.
13:30:30.947 debug: Resolve file:///Applications/Cocos/Creator/3.8.8/CocosCreator.app/Contents/Resources/resources/3d/engine/editor/assets/tools/debug-view-runtime-control.ts from cce:/internal/x/prerequisite-imports as file:///Applications/Cocos/Creator/3.8.8/CocosCreator.app/Contents/Resources/resources/3d/engine/editor/assets/tools/debug-view-runtime-control.ts.
13:30:30.947 debug: Resolve file:///Users/byron/custom-proj/GameBox/assets/Hall/scripts/HallView.ts from cce:/internal/x/prerequisite-imports as file:///Users/byron/custom-proj/GameBox/assets/Hall/scripts/HallView.ts.
13:30:30.947 debug: Resolve file:///Users/byron/custom-proj/GameBox/assets/scripts/GameController.ts from cce:/internal/x/prerequisite-imports as file:///Users/byron/custom-proj/GameBox/assets/scripts/GameController.ts.
13:30:30.947 debug: Resolve file:///Users/byron/custom-proj/GameBox/assets/scripts/Tea/Conn/ReqHttp.ts from cce:/internal/x/prerequisite-imports as file:///Users/byron/custom-proj/GameBox/assets/scripts/Tea/Conn/ReqHttp.ts.
13:30:30.947 debug: Resolve file:///Users/byron/custom-proj/GameBox/assets/scripts/Tea/Preset/Preset.ts from cce:/internal/x/prerequisite-imports as file:///Users/byron/custom-proj/GameBox/assets/scripts/Tea/Preset/Preset.ts.
13:30:30.947 debug: Resolve file:///Users/byron/custom-proj/GameBox/assets/scripts/Tea/UI/GameItem.ts from cce:/internal/x/prerequisite-imports as file:///Users/byron/custom-proj/GameBox/assets/scripts/Tea/UI/GameItem.ts.
13:30:30.947 debug: Resolve file:///Users/byron/custom-proj/GameBox/assets/scripts/Tea/UI/UIPage.ts from cce:/internal/x/prerequisite-imports as file:///Users/byron/custom-proj/GameBox/assets/scripts/Tea/UI/UIPage.ts.
13:30:30.947 debug: Resolve file:///Users/byron/custom-proj/GameBox/assets/scripts/Tea/UI/UIView.ts from cce:/internal/x/prerequisite-imports as file:///Users/byron/custom-proj/GameBox/assets/scripts/Tea/UI/UIView.ts.
13:30:30.947 debug: Resolve file:///Users/byron/custom-proj/GameBox/assets/scripts/Tea/Util/AssetsManager.ts from cce:/internal/x/prerequisite-imports as file:///Users/byron/custom-proj/GameBox/assets/scripts/Tea/Util/AssetsManager.ts.
13:30:30.947 debug: Resolve file:///Users/byron/custom-proj/GameBox/assets/scripts/Tea/Util/Base64Ts.ts from cce:/internal/x/prerequisite-imports as file:///Users/byron/custom-proj/GameBox/assets/scripts/Tea/Util/Base64Ts.ts.
13:30:30.947 debug: Resolve file:///Users/byron/custom-proj/GameBox/assets/scripts/Tea/Util/BranchStrategy.ts from cce:/internal/x/prerequisite-imports as file:///Users/byron/custom-proj/GameBox/assets/scripts/Tea/Util/BranchStrategy.ts.
13:30:30.947 debug: Resolve file:///Users/byron/custom-proj/GameBox/assets/scripts/Tea/Util/EventBase.ts from cce:/internal/x/prerequisite-imports as file:///Users/byron/custom-proj/GameBox/assets/scripts/Tea/Util/EventBase.ts.
13:30:30.947 debug: Resolve file:///Users/byron/custom-proj/GameBox/assets/scripts/Tea/Util/EventManager.ts from cce:/internal/x/prerequisite-imports as file:///Users/byron/custom-proj/GameBox/assets/scripts/Tea/Util/EventManager.ts.
13:30:30.947 debug: Resolve file:///Users/byron/custom-proj/GameBox/assets/scripts/Tea/Util/LogApi.ts from cce:/internal/x/prerequisite-imports as file:///Users/byron/custom-proj/GameBox/assets/scripts/Tea/Util/LogApi.ts.
13:30:30.947 debug: Resolve file:///Users/byron/custom-proj/GameBox/assets/scripts/Tea/Util/ObjPoolManager.ts from cce:/internal/x/prerequisite-imports as file:///Users/byron/custom-proj/GameBox/assets/scripts/Tea/Util/ObjPoolManager.ts.
13:30:30.947 debug: Resolve file:///Users/byron/custom-proj/GameBox/assets/scripts/Tea/Util/SingletonFactory.ts from cce:/internal/x/prerequisite-imports as file:///Users/byron/custom-proj/GameBox/assets/scripts/Tea/Util/SingletonFactory.ts.
13:30:30.947 debug: Resolve file:///Users/byron/custom-proj/GameBox/assets/scripts/Tea/Util/UUID.ts from cce:/internal/x/prerequisite-imports as file:///Users/byron/custom-proj/GameBox/assets/scripts/Tea/Util/UUID.ts.
13:30:30.947 debug: Resolve file:///Users/byron/custom-proj/GameBox/assets/scripts/Tea/components/Palette.ts from cce:/internal/x/prerequisite-imports as file:///Users/byron/custom-proj/GameBox/assets/scripts/Tea/components/Palette.ts.
13:30:30.947 debug: Resolve file:///Users/byron/custom-proj/GameBox/assets/scripts/Tea/data/LocallyData.ts from cce:/internal/x/prerequisite-imports as file:///Users/byron/custom-proj/GameBox/assets/scripts/Tea/data/LocallyData.ts.
13:30:30.947 debug: Resolve file:///Users/byron/custom-proj/GameBox/assets/scripts/Tea/data/ProxyData.ts from cce:/internal/x/prerequisite-imports as file:///Users/byron/custom-proj/GameBox/assets/scripts/Tea/data/ProxyData.ts.
13:30:30.947 debug: Resolve file:///Users/byron/custom-proj/GameBox/assets/scripts/Tea/decorators/tea.decorators.ts from cce:/internal/x/prerequisite-imports as file:///Users/byron/custom-proj/GameBox/assets/scripts/Tea/decorators/tea.decorators.ts.
13:30:30.947 debug: Resolve file:///Users/byron/custom-proj/GameBox/assets/scripts/tools/Tools.ts from cce:/internal/x/prerequisite-imports as file:///Users/byron/custom-proj/GameBox/assets/scripts/tools/Tools.ts.
13:30:30.949 debug: Target(editor) ends with cost 8.321082999999817ms.
13:30:30.950 debug: Target(preview) build started.
13:30:30.950 debug: Detected change: cce:/internal/x/prerequisite-imports. Last mtime: Thu Jan 01 1970 09:00:03 GMT+0900 (日本标准时间), Current mtime: Thu Jan 01 1970 09:00:03 GMT+0900 (日本标准时间)
13:30:30.950 debug: Inspect cce:/internal/x/prerequisite-imports
13:30:30.954 debug: transform url: 'cce:/internal/x/prerequisite-imports' costs: 4.10 ms
13:30:30.955 debug: Resolve file:///Applications/Cocos/Creator/3.8.8/CocosCreator.app/Contents/Resources/resources/3d/engine/editor/assets/default_renderpipeline/builtin-dof-pass.ts from cce:/internal/x/prerequisite-imports as file:///Applications/Cocos/Creator/3.8.8/CocosCreator.app/Contents/Resources/resources/3d/engine/editor/assets/default_renderpipeline/builtin-dof-pass.ts.
13:30:30.955 debug: Resolve file:///Applications/Cocos/Creator/3.8.8/CocosCreator.app/Contents/Resources/resources/3d/engine/editor/assets/default_renderpipeline/builtin-pipeline-pass.ts from cce:/internal/x/prerequisite-imports as file:///Applications/Cocos/Creator/3.8.8/CocosCreator.app/Contents/Resources/resources/3d/engine/editor/assets/default_renderpipeline/builtin-pipeline-pass.ts.
13:30:30.955 debug: Resolve file:///Applications/Cocos/Creator/3.8.8/CocosCreator.app/Contents/Resources/resources/3d/engine/editor/assets/default_renderpipeline/builtin-pipeline-settings.ts from cce:/internal/x/prerequisite-imports as file:///Applications/Cocos/Creator/3.8.8/CocosCreator.app/Contents/Resources/resources/3d/engine/editor/assets/default_renderpipeline/builtin-pipeline-settings.ts.
13:30:30.955 debug: Resolve file:///Applications/Cocos/Creator/3.8.8/CocosCreator.app/Contents/Resources/resources/3d/engine/editor/assets/default_renderpipeline/builtin-pipeline-types.ts from cce:/internal/x/prerequisite-imports as file:///Applications/Cocos/Creator/3.8.8/CocosCreator.app/Contents/Resources/resources/3d/engine/editor/assets/default_renderpipeline/builtin-pipeline-types.ts.
13:30:30.955 debug: Resolve file:///Applications/Cocos/Creator/3.8.8/CocosCreator.app/Contents/Resources/resources/3d/engine/editor/assets/default_renderpipeline/builtin-pipeline.ts from cce:/internal/x/prerequisite-imports as file:///Applications/Cocos/Creator/3.8.8/CocosCreator.app/Contents/Resources/resources/3d/engine/editor/assets/default_renderpipeline/builtin-pipeline.ts.
13:30:30.955 debug: Resolve file:///Applications/Cocos/Creator/3.8.8/CocosCreator.app/Contents/Resources/resources/3d/engine/editor/assets/tools/debug-view-runtime-control.ts from cce:/internal/x/prerequisite-imports as file:///Applications/Cocos/Creator/3.8.8/CocosCreator.app/Contents/Resources/resources/3d/engine/editor/assets/tools/debug-view-runtime-control.ts.
13:30:30.955 debug: Resolve file:///Users/byron/custom-proj/GameBox/assets/Hall/scripts/HallView.ts from cce:/internal/x/prerequisite-imports as file:///Users/byron/custom-proj/GameBox/assets/Hall/scripts/HallView.ts.
13:30:30.955 debug: Resolve file:///Users/byron/custom-proj/GameBox/assets/scripts/GameController.ts from cce:/internal/x/prerequisite-imports as file:///Users/byron/custom-proj/GameBox/assets/scripts/GameController.ts.
13:30:30.955 debug: Resolve file:///Users/byron/custom-proj/GameBox/assets/scripts/Tea/Conn/ReqHttp.ts from cce:/internal/x/prerequisite-imports as file:///Users/byron/custom-proj/GameBox/assets/scripts/Tea/Conn/ReqHttp.ts.
13:30:30.955 debug: Resolve file:///Users/byron/custom-proj/GameBox/assets/scripts/Tea/Preset/Preset.ts from cce:/internal/x/prerequisite-imports as file:///Users/byron/custom-proj/GameBox/assets/scripts/Tea/Preset/Preset.ts.
13:30:30.955 debug: Resolve file:///Users/byron/custom-proj/GameBox/assets/scripts/Tea/UI/GameItem.ts from cce:/internal/x/prerequisite-imports as file:///Users/byron/custom-proj/GameBox/assets/scripts/Tea/UI/GameItem.ts.
13:30:30.955 debug: Resolve file:///Users/byron/custom-proj/GameBox/assets/scripts/Tea/UI/UIPage.ts from cce:/internal/x/prerequisite-imports as file:///Users/byron/custom-proj/GameBox/assets/scripts/Tea/UI/UIPage.ts.
13:30:30.955 debug: Resolve file:///Users/byron/custom-proj/GameBox/assets/scripts/Tea/UI/UIView.ts from cce:/internal/x/prerequisite-imports as file:///Users/byron/custom-proj/GameBox/assets/scripts/Tea/UI/UIView.ts.
13:30:30.955 debug: Resolve file:///Users/byron/custom-proj/GameBox/assets/scripts/Tea/Util/AssetsManager.ts from cce:/internal/x/prerequisite-imports as file:///Users/byron/custom-proj/GameBox/assets/scripts/Tea/Util/AssetsManager.ts.
13:30:30.955 debug: Resolve file:///Users/byron/custom-proj/GameBox/assets/scripts/Tea/Util/Base64Ts.ts from cce:/internal/x/prerequisite-imports as file:///Users/byron/custom-proj/GameBox/assets/scripts/Tea/Util/Base64Ts.ts.
13:30:30.955 debug: Resolve file:///Users/byron/custom-proj/GameBox/assets/scripts/Tea/Util/BranchStrategy.ts from cce:/internal/x/prerequisite-imports as file:///Users/byron/custom-proj/GameBox/assets/scripts/Tea/Util/BranchStrategy.ts.
13:30:30.955 debug: Resolve file:///Users/byron/custom-proj/GameBox/assets/scripts/Tea/Util/EventBase.ts from cce:/internal/x/prerequisite-imports as file:///Users/byron/custom-proj/GameBox/assets/scripts/Tea/Util/EventBase.ts.
13:30:30.955 debug: Resolve file:///Users/byron/custom-proj/GameBox/assets/scripts/Tea/Util/EventManager.ts from cce:/internal/x/prerequisite-imports as file:///Users/byron/custom-proj/GameBox/assets/scripts/Tea/Util/EventManager.ts.
13:30:30.955 debug: Resolve file:///Users/byron/custom-proj/GameBox/assets/scripts/Tea/Util/LogApi.ts from cce:/internal/x/prerequisite-imports as file:///Users/byron/custom-proj/GameBox/assets/scripts/Tea/Util/LogApi.ts.
13:30:30.955 debug: Resolve file:///Users/byron/custom-proj/GameBox/assets/scripts/Tea/Util/ObjPoolManager.ts from cce:/internal/x/prerequisite-imports as file:///Users/byron/custom-proj/GameBox/assets/scripts/Tea/Util/ObjPoolManager.ts.
13:30:30.955 debug: Resolve file:///Users/byron/custom-proj/GameBox/assets/scripts/Tea/Util/SingletonFactory.ts from cce:/internal/x/prerequisite-imports as file:///Users/byron/custom-proj/GameBox/assets/scripts/Tea/Util/SingletonFactory.ts.
13:30:30.955 debug: Resolve file:///Users/byron/custom-proj/GameBox/assets/scripts/Tea/Util/UUID.ts from cce:/internal/x/prerequisite-imports as file:///Users/byron/custom-proj/GameBox/assets/scripts/Tea/Util/UUID.ts.
13:30:30.955 debug: Resolve file:///Users/byron/custom-proj/GameBox/assets/scripts/Tea/components/Palette.ts from cce:/internal/x/prerequisite-imports as file:///Users/byron/custom-proj/GameBox/assets/scripts/Tea/components/Palette.ts.
13:30:30.955 debug: Resolve file:///Users/byron/custom-proj/GameBox/assets/scripts/Tea/data/LocallyData.ts from cce:/internal/x/prerequisite-imports as file:///Users/byron/custom-proj/GameBox/assets/scripts/Tea/data/LocallyData.ts.
13:30:30.955 debug: Resolve file:///Users/byron/custom-proj/GameBox/assets/scripts/Tea/data/ProxyData.ts from cce:/internal/x/prerequisite-imports as file:///Users/byron/custom-proj/GameBox/assets/scripts/Tea/data/ProxyData.ts.
13:30:30.955 debug: Resolve file:///Users/byron/custom-proj/GameBox/assets/scripts/Tea/decorators/tea.decorators.ts from cce:/internal/x/prerequisite-imports as file:///Users/byron/custom-proj/GameBox/assets/scripts/Tea/decorators/tea.decorators.ts.
13:30:30.956 debug: Resolve file:///Users/byron/custom-proj/GameBox/assets/scripts/tools/Tools.ts from cce:/internal/x/prerequisite-imports as file:///Users/byron/custom-proj/GameBox/assets/scripts/tools/Tools.ts.
13:30:30.958 debug: Target(preview) ends with cost 8.11324999999988ms.
