2026-9-7 12:07:45-log: Cannot access game frame or container.
2026-9-7 12:07:47-debug: asset-db:require-engine-code (1743ms)
2026-9-7 12:07:47-log: meshopt wasm decoder initialized
2026-9-7 12:07:47-log: [bullet]:bullet wasm lib loaded.
2026-9-7 12:07:47-log: [box2d]:box2d wasm lib loaded.
2026-9-7 12:07:47-log: Cocos Creator v3.8.8
2026-9-7 12:07:47-log: Using legacy pipeline
2026-9-7 12:07:47-log: Forward render pipeline initialized.
2026-9-7 12:07:47-debug: [Assets Memory track]: asset-db:worker-init: initEngine start:29.97MB, end 79.01MB, increase: 49.04MB
2026-9-7 12:07:48-debug: [Assets Memory track]: asset-db:worker-init: initPlugin start:79.05MB, end 263.69MB, increase: 184.64MB
2026-9-7 12:07:48-debug: asset-db:worker-init: initPlugin (949ms)
2026-9-7 12:07:48-debug: [Assets Memory track]: asset-db:worker-init start:29.96MB, end 263.79MB, increase: 233.83MB
2026-9-7 12:07:48-debug: Run asset db hook engine-extends:beforePreStart success!
2026-9-7 12:07:48-debug: Run asset db hook programming:beforePreStart success!
2026-9-7 12:07:48-debug: Run asset db hook engine-extends:beforePreStart ...
2026-9-7 12:07:48-debug: Run asset db hook programming:beforePreStart ...
2026-9-7 12:07:48-debug: asset-db:worker-init (2794ms)
2026-9-7 12:07:48-debug: asset-db-hook-programming-beforePreStart (52ms)
2026-9-7 12:07:48-debug: asset-db-hook-engine-extends-beforePreStart (52ms)
2026-9-7 12:07:48-debug: Preimport db internal success
2026-9-7 12:07:48-debug: Preimport db assets success
2026-9-7 12:07:48-debug: Run asset db hook programming:afterPreStart ...
2026-9-7 12:07:48-debug: starting packer-driver...
2026-9-7 12:07:48-debug: initialize scripting environment...
2026-9-7 12:07:48-debug: [[Executor]] prepare before lock
2026-9-7 12:07:48-debug: Set detail map pack:///resolution-detail-map.json: {}
2026-9-7 12:07:48-debug: [[Executor]] prepare after unlock
2026-9-7 12:07:48-debug: [Assets Memory track]: asset-db:worker-init: preStart start:263.80MB, end 267.94MB, increase: 4.14MB
2026-9-7 12:07:48-debug: Start up the 'internal' database...
2026-9-7 12:07:48-debug: Run asset db hook engine-extends:afterPreStart ...
2026-9-7 12:07:48-debug: Run asset db hook programming:afterPreStart success!
2026-9-7 12:07:48-debug: Run asset db hook engine-extends:afterPreStart success!
2026-9-7 12:07:48-debug: asset-db-hook-programming-afterPreStart (252ms)
2026-9-7 12:07:48-debug: asset-db:worker-effect-data-processing (140ms)
2026-9-7 12:07:48-debug: asset-db-hook-engine-extends-afterPreStart (140ms)
2026-9-7 12:07:48-debug: Run asset db hook engine-extends:afterStartDB ...
2026-9-7 12:07:48-debug: recompile effect.bin success
2026-9-7 12:07:48-debug: Run asset db hook engine-extends:afterStartDB success!
2026-9-7 12:07:48-debug: Start up the 'assets' database...
2026-9-7 12:07:48-debug: asset-db:worker-effect-data-processing (163ms)
2026-9-7 12:07:48-debug: asset-db-hook-engine-extends-afterStartDB (163ms)
2026-9-7 12:07:48-debug: Run asset db hook engine-extends:afterStartDB ...
2026-9-7 12:07:49-debug: recompile effect.bin success
2026-9-7 12:07:49-debug: lazy register asset handler directory
2026-9-7 12:07:49-debug: lazy register asset handler text
2026-9-7 12:07:49-debug: lazy register asset handler json
2026-9-7 12:07:49-debug: Run asset db hook engine-extends:afterStartDB success!
2026-9-7 12:07:49-debug: lazy register asset handler dragonbones
2026-9-7 12:07:49-debug: lazy register asset handler dragonbones-atlas
2026-9-7 12:07:49-debug: lazy register asset handler terrain
2026-9-7 12:07:49-debug: lazy register asset handler javascript
2026-9-7 12:07:49-debug: lazy register asset handler typescript
2026-9-7 12:07:49-debug: lazy register asset handler *
2026-9-7 12:07:49-debug: lazy register asset handler prefab
2026-9-7 12:07:49-debug: [Assets Memory track]: asset-db:worker-init: startup start:267.95MB, end 286.75MB, increase: 18.80MB
2026-9-7 12:07:49-debug: lazy register asset handler tiled-map
2026-9-7 12:07:49-debug: lazy register asset handler spine-data
2026-9-7 12:07:49-debug: lazy register asset handler image
2026-9-7 12:07:49-debug: lazy register asset handler sign-image
2026-9-7 12:07:49-debug: lazy register asset handler alpha-image
2026-9-7 12:07:49-debug: lazy register asset handler texture
2026-9-7 12:07:49-debug: lazy register asset handler texture-cube
2026-9-7 12:07:49-debug: lazy register asset handler sprite-frame
2026-9-7 12:07:49-debug: lazy register asset handler render-texture
2026-9-7 12:07:49-debug: lazy register asset handler scene
2026-9-7 12:07:49-debug: lazy register asset handler rt-sprite-frame
2026-9-7 12:07:49-debug: lazy register asset handler gltf
2026-9-7 12:07:49-debug: lazy register asset handler gltf-mesh
2026-9-7 12:07:49-debug: lazy register asset handler gltf-animation
2026-9-7 12:07:49-debug: lazy register asset handler gltf-skeleton
2026-9-7 12:07:49-debug: lazy register asset handler gltf-material
2026-9-7 12:07:49-debug: lazy register asset handler gltf-scene
2026-9-7 12:07:49-debug: lazy register asset handler gltf-embeded-image
2026-9-7 12:07:49-debug: lazy register asset handler fbx
2026-9-7 12:07:49-debug: lazy register asset handler material
2026-9-7 12:07:49-debug: lazy register asset handler physics-material
2026-9-7 12:07:49-debug: lazy register asset handler effect
2026-9-7 12:07:49-debug: lazy register asset handler effect-header
2026-9-7 12:07:49-debug: lazy register asset handler buffer
2026-9-7 12:07:49-debug: lazy register asset handler animation-clip
2026-9-7 12:07:49-debug: lazy register asset handler animation-graph
2026-9-7 12:07:49-debug: lazy register asset handler animation-graph-variant
2026-9-7 12:07:49-debug: lazy register asset handler animation-mask
2026-9-7 12:07:49-debug: lazy register asset handler erp-texture-cube
2026-9-7 12:07:49-debug: lazy register asset handler bitmap-font
2026-9-7 12:07:49-debug: lazy register asset handler particle
2026-9-7 12:07:49-debug: lazy register asset handler sprite-atlas
2026-9-7 12:07:49-debug: lazy register asset handler auto-atlas
2026-9-7 12:07:49-debug: lazy register asset handler label-atlas
2026-9-7 12:07:49-debug: lazy register asset handler render-pipeline
2026-9-7 12:07:49-debug: lazy register asset handler ttf-font
2026-9-7 12:07:49-debug: lazy register asset handler render-stage
2026-9-7 12:07:49-debug: lazy register asset handler instantiation-material
2026-9-7 12:07:49-debug: lazy register asset handler instantiation-mesh
2026-9-7 12:07:49-debug: lazy register asset handler instantiation-skeleton
2026-9-7 12:07:49-debug: lazy register asset handler texture-cube-face
2026-9-7 12:07:49-debug: lazy register asset handler video-clip
2026-9-7 12:07:49-debug: lazy register asset handler instantiation-animation
2026-9-7 12:07:49-debug: lazy register asset handler render-flow
2026-9-7 12:07:49-debug: lazy register asset handler audio-clip
2026-9-7 12:07:49-debug: asset-db:worker-effect-data-processing (135ms)
2026-9-7 12:07:49-debug: asset-db-hook-engine-extends-afterStartDB (135ms)
2026-9-7 12:07:49-debug: asset-db:start-database (685ms)
2026-9-7 12:07:49-debug: asset-db:ready (4606ms)
2026-9-7 12:07:49-debug: init worker message success
2026-9-7 12:07:49-debug: [Build Memory track]: builder:worker-init start:290.60MB, end 300.09MB, increase: 9.50MB
2026-9-7 12:07:49-debug: builder:worker-init (146ms)
2026-9-7 12:07:49-debug: Query all assets info in project
2026-9-7 12:07:49-debug: init custom config: keepNodeUuid: false, useCache: true
2026-9-7 12:07:49-debug: Skip compress image, progress: 0%
2026-9-7 12:07:49-debug: Init all bundles start..., progress: 0%
2026-9-7 12:07:49-debug: Num of bundles: 5..., progress: 0%
2026-9-7 12:07:49-debug: 查询 Asset Bundle start, progress: 0%
2026-9-7 12:07:49-debug: // ---- build task 查询 Asset Bundle ----
2026-9-7 12:07:49-debug: Init bundle root assets start..., progress: 0%
2026-9-7 12:07:49-debug: Query all assets info in project
2026-9-7 12:07:49-debug: Query preload assets/scripts from cc.config.json: 60f7195c-ec2a-45eb-ba94-8955f60e81d0,1c02ae6f-4492-4915-b8f8-7492a3b1e4cd,810e96e4-e456-4468-9b59-f4e8f39732c0,efe8e2a3-eace-427b-b4f1-cb8a937ec77d,e9aa9a3e-5b2b-4ac7-a2c7-073de2b2b24f,8bbdbcdd-5cd4-4100-b6d5-b7c9625b6107,50f4348b-c883-4e2f-8f11-ce233b859fa1,fda095cb-831d-4601-ad94-846013963de8,f92806d7-1768-443f-afe8-12bcde84d0f0,dd3a144d-ab7f-41f0-82b8-2e43a090d496,f0416e68-0200-4b77-a926-4f9d16e494da,511d2633-09a7-4bdd-ac42-f778032124b3,5d45aa00-e064-4938-b314-4265f0c2258c,9361fd90-ba52-4f84-aa93-6e878fd576ca,970b0598-bcb0-4714-91fb-2e81440dccd8,bcd64cc6-2dd9-43f6-abbe-66318d332032,d930590d-bb92-4cc8-8bd1-23cd027f9edf,a3cd009f-0ab0-420d-9278-b9fdab939bbc,6a2d0734-bd9e-4ddf-946e-caa52498cb75,c27215d8-6835-4b68-bfbb-bdeac6100c04,b5d6115f-0370-4d7c-aad3-c194cc71cf98,d1346436-ac96-4271-b863-1f4fdead95b0,971bdb23-3ff6-43eb-b422-1c30165a3663,17debcc3-0a6b-4b8a-b00b-dc58b885581e,711ebe11-f673-4cd9-9a83-63c60ba54c5b,c0143906-9aed-447e-9436-2ae8512d1b6e,14da1725-c4c2-42b4-ab08-ee0aeb6898b3,081cab31-dccd-428e-8652-f2404cc81c47,78e0584a-4343-4727-8f37-e14e65c2a2db,ba21476f-2866-4f81-9c4d-6e359316e448,871c3b6c-7379-419d-bda3-794b239ab90d,1d08ef62-a503-4ce2-8b9a-46c90873f7d3,ff9b0199-ce04-4cfe-86cc-6c719f08d6e4,de1c2107-70c8-4021-8459-6399f24d01c6,cbf30902-517f-40dc-af90-a550bac27cf1,5c601d96-e4c7-4698-991b-7ee674b11079
2026-9-7 12:07:49-debug: Init bundle root assets success..., progress: 0%
2026-9-7 12:07:49-debug:   Number of all scripts: 27
2026-9-7 12:07:49-debug:   Number of other assets: 445
2026-9-7 12:07:49-debug:   Number of all scenes: 1
2026-9-7 12:07:49-debug: // ---- build task 查询 Asset Bundle ---- (5ms)
2026-9-7 12:07:49-debug: [Build Memory track]: 查询 Asset Bundle start:298.78MB, end 300.66MB, increase: 1.88MB
2026-9-7 12:07:49-debug: 查询 Asset Bundle start, progress: 5%
2026-9-7 12:07:49-debug: // ---- build task 查询 Asset Bundle ----
2026-9-7 12:07:49-log: run build task 查询 Asset Bundle success in 5 ms√, progress: 5%
2026-9-7 12:07:49-debug: // ---- build task 查询 Asset Bundle ---- (2ms)
2026-9-7 12:07:49-debug: // ---- build task 整理部分构建选项内数据到 settings.json ----
2026-9-7 12:07:49-debug: [Build Memory track]: 查询 Asset Bundle start:300.70MB, end 300.86MB, increase: 162.88KB
2026-9-7 12:07:49-debug: 整理部分构建选项内数据到 settings.json start, progress: 10%
2026-9-7 12:07:49-log: run build task 查询 Asset Bundle success in 2 ms√, progress: 10%
2026-9-7 12:07:49-debug: // ---- build task 整理部分构建选项内数据到 settings.json ---- (2ms)
2026-9-7 12:07:49-debug: 填充脚本数据到 settings.json start, progress: 12%
2026-9-7 12:07:49-log: run build task 整理部分构建选项内数据到 settings.json success in 2 ms√, progress: 12%
2026-9-7 12:07:49-debug: [Build Memory track]: 整理部分构建选项内数据到 settings.json start:300.90MB, end 300.94MB, increase: 39.76KB
2026-9-7 12:07:49-debug: // ---- build task 填充脚本数据到 settings.json ----
2026-9-7 12:07:49-log: run build task 填充脚本数据到 settings.json success in √, progress: 13%
2026-9-7 12:07:49-debug: 整理部分构建选项内数据到 settings.json start, progress: 13%
2026-9-7 12:07:49-debug: [Build Memory track]: 填充脚本数据到 settings.json start:300.98MB, end 301.00MB, increase: 20.60KB
2026-9-7 12:07:49-debug: // ---- build task 整理部分构建选项内数据到 settings.json ----
2026-9-7 12:07:49-debug: // ---- build task 整理部分构建选项内数据到 settings.json ---- (4ms)
2026-9-7 12:07:49-debug: [Build Memory track]: 整理部分构建选项内数据到 settings.json start:301.04MB, end 301.37MB, increase: 337.33KB
2026-9-7 12:07:49-log: run build task 整理部分构建选项内数据到 settings.json success in 4 ms√, progress: 15%
2026-9-7 12:07:49-debug: init custom config: keepNodeUuid: false, useCache: true
2026-9-7 12:07:49-debug: Skip compress image, progress: 0%
2026-9-7 12:07:49-debug: Init all bundles start..., progress: 0%
2026-9-7 12:07:49-debug: // ---- build task 查询 Asset Bundle ----
2026-9-7 12:07:49-debug: 查询 Asset Bundle start, progress: 0%
2026-9-7 12:07:49-debug: Num of bundles: 5..., progress: 0%
2026-9-7 12:07:49-debug: Init bundle root assets start..., progress: 0%
2026-9-7 12:07:49-debug: Query preload assets/scripts from cc.config.json: 60f7195c-ec2a-45eb-ba94-8955f60e81d0,1c02ae6f-4492-4915-b8f8-7492a3b1e4cd,810e96e4-e456-4468-9b59-f4e8f39732c0,efe8e2a3-eace-427b-b4f1-cb8a937ec77d,e9aa9a3e-5b2b-4ac7-a2c7-073de2b2b24f,8bbdbcdd-5cd4-4100-b6d5-b7c9625b6107,50f4348b-c883-4e2f-8f11-ce233b859fa1,fda095cb-831d-4601-ad94-846013963de8,f92806d7-1768-443f-afe8-12bcde84d0f0,dd3a144d-ab7f-41f0-82b8-2e43a090d496,f0416e68-0200-4b77-a926-4f9d16e494da,511d2633-09a7-4bdd-ac42-f778032124b3,5d45aa00-e064-4938-b314-4265f0c2258c,9361fd90-ba52-4f84-aa93-6e878fd576ca,970b0598-bcb0-4714-91fb-2e81440dccd8,bcd64cc6-2dd9-43f6-abbe-66318d332032,d930590d-bb92-4cc8-8bd1-23cd027f9edf,a3cd009f-0ab0-420d-9278-b9fdab939bbc,6a2d0734-bd9e-4ddf-946e-caa52498cb75,c27215d8-6835-4b68-bfbb-bdeac6100c04,b5d6115f-0370-4d7c-aad3-c194cc71cf98,d1346436-ac96-4271-b863-1f4fdead95b0,971bdb23-3ff6-43eb-b422-1c30165a3663,17debcc3-0a6b-4b8a-b00b-dc58b885581e,711ebe11-f673-4cd9-9a83-63c60ba54c5b,c0143906-9aed-447e-9436-2ae8512d1b6e,14da1725-c4c2-42b4-ab08-ee0aeb6898b3,081cab31-dccd-428e-8652-f2404cc81c47,78e0584a-4343-4727-8f37-e14e65c2a2db,ba21476f-2866-4f81-9c4d-6e359316e448,871c3b6c-7379-419d-bda3-794b239ab90d,1d08ef62-a503-4ce2-8b9a-46c90873f7d3,ff9b0199-ce04-4cfe-86cc-6c719f08d6e4,de1c2107-70c8-4021-8459-6399f24d01c6,cbf30902-517f-40dc-af90-a550bac27cf1,5c601d96-e4c7-4698-991b-7ee674b11079
2026-9-7 12:07:49-debug:   Number of other assets: 445
2026-9-7 12:07:49-debug:   Number of all scripts: 27
2026-9-7 12:07:49-debug: Init bundle root assets success..., progress: 0%
2026-9-7 12:07:49-debug:   Number of all scenes: 1
2026-9-7 12:07:49-debug: // ---- build task 查询 Asset Bundle ---- (4ms)
2026-9-7 12:07:49-debug: 查询 Asset Bundle start, progress: 5%
2026-9-7 12:07:49-debug: [Build Memory track]: 查询 Asset Bundle start:301.71MB, end 303.43MB, increase: 1.71MB
2026-9-7 12:07:49-debug: // ---- build task 查询 Asset Bundle ----
2026-9-7 12:07:49-log: run build task 查询 Asset Bundle success in 4 ms√, progress: 5%
2026-9-7 12:07:49-debug: // ---- build task 查询 Asset Bundle ---- (2ms)
2026-9-7 12:07:49-debug: // ---- build task 整理部分构建选项内数据到 settings.json ----
2026-9-7 12:07:49-debug: [Build Memory track]: 查询 Asset Bundle start:303.47MB, end 297.49MB, increase: -6122.54KB
2026-9-7 12:07:49-debug: 整理部分构建选项内数据到 settings.json start, progress: 10%
2026-9-7 12:07:49-log: run build task 查询 Asset Bundle success in 2 ms√, progress: 10%
2026-9-7 12:07:49-log: run build task 整理部分构建选项内数据到 settings.json success in √, progress: 12%
2026-9-7 12:07:49-debug: 填充脚本数据到 settings.json start, progress: 12%
2026-9-7 12:07:49-debug: // ---- build task 填充脚本数据到 settings.json ----
2026-9-7 12:07:49-debug: [Build Memory track]: 整理部分构建选项内数据到 settings.json start:297.53MB, end 297.55MB, increase: 19.93KB
2026-9-7 12:07:49-debug: // ---- build task 填充脚本数据到 settings.json ---- (1ms)
2026-9-7 12:07:49-debug: [Build Memory track]: 填充脚本数据到 settings.json start:297.60MB, end 297.65MB, increase: 47.30KB
2026-9-7 12:07:49-log: run build task 填充脚本数据到 settings.json success in 1 ms√, progress: 13%
2026-9-7 12:07:49-debug: // ---- build task 整理部分构建选项内数据到 settings.json ----
2026-9-7 12:07:49-debug: 整理部分构建选项内数据到 settings.json start, progress: 13%
2026-9-7 12:07:49-debug: // ---- build task 整理部分构建选项内数据到 settings.json ---- (3ms)
2026-9-7 12:07:49-log: run build task 整理部分构建选项内数据到 settings.json success in 3 ms√, progress: 15%
2026-9-7 12:07:49-debug: [Build Memory track]: 整理部分构建选项内数据到 settings.json start:297.68MB, end 297.83MB, increase: 149.66KB
2026-9-7 12:07:50-debug: Query all assets info in project
2026-9-7 12:07:50-debug: init custom config: keepNodeUuid: false, useCache: true
2026-9-7 12:07:50-debug: Skip compress image, progress: 0%
2026-9-7 12:07:50-debug: Init all bundles start..., progress: 0%
2026-9-7 12:07:50-debug: Init bundle root assets start..., progress: 0%
2026-9-7 12:07:50-debug: 查询 Asset Bundle start, progress: 0%
2026-9-7 12:07:50-debug: Num of bundles: 5..., progress: 0%
2026-9-7 12:07:50-debug: // ---- build task 查询 Asset Bundle ----
2026-9-7 12:07:50-debug: Query preload assets/scripts from cc.config.json: 60f7195c-ec2a-45eb-ba94-8955f60e81d0,1c02ae6f-4492-4915-b8f8-7492a3b1e4cd,810e96e4-e456-4468-9b59-f4e8f39732c0,efe8e2a3-eace-427b-b4f1-cb8a937ec77d,e9aa9a3e-5b2b-4ac7-a2c7-073de2b2b24f,8bbdbcdd-5cd4-4100-b6d5-b7c9625b6107,50f4348b-c883-4e2f-8f11-ce233b859fa1,fda095cb-831d-4601-ad94-846013963de8,f92806d7-1768-443f-afe8-12bcde84d0f0,dd3a144d-ab7f-41f0-82b8-2e43a090d496,f0416e68-0200-4b77-a926-4f9d16e494da,511d2633-09a7-4bdd-ac42-f778032124b3,5d45aa00-e064-4938-b314-4265f0c2258c,9361fd90-ba52-4f84-aa93-6e878fd576ca,970b0598-bcb0-4714-91fb-2e81440dccd8,bcd64cc6-2dd9-43f6-abbe-66318d332032,d930590d-bb92-4cc8-8bd1-23cd027f9edf,a3cd009f-0ab0-420d-9278-b9fdab939bbc,6a2d0734-bd9e-4ddf-946e-caa52498cb75,c27215d8-6835-4b68-bfbb-bdeac6100c04,b5d6115f-0370-4d7c-aad3-c194cc71cf98,d1346436-ac96-4271-b863-1f4fdead95b0,971bdb23-3ff6-43eb-b422-1c30165a3663,17debcc3-0a6b-4b8a-b00b-dc58b885581e,711ebe11-f673-4cd9-9a83-63c60ba54c5b,c0143906-9aed-447e-9436-2ae8512d1b6e,14da1725-c4c2-42b4-ab08-ee0aeb6898b3,081cab31-dccd-428e-8652-f2404cc81c47,78e0584a-4343-4727-8f37-e14e65c2a2db,ba21476f-2866-4f81-9c4d-6e359316e448,871c3b6c-7379-419d-bda3-794b239ab90d,1d08ef62-a503-4ce2-8b9a-46c90873f7d3,ff9b0199-ce04-4cfe-86cc-6c719f08d6e4,de1c2107-70c8-4021-8459-6399f24d01c6,cbf30902-517f-40dc-af90-a550bac27cf1,5c601d96-e4c7-4698-991b-7ee674b11079
2026-9-7 12:07:50-debug: Init bundle root assets success..., progress: 0%
2026-9-7 12:07:50-debug:   Number of all scenes: 1
2026-9-7 12:07:50-debug:   Number of other assets: 445
2026-9-7 12:07:50-debug:   Number of all scripts: 27
2026-9-7 12:07:50-debug: // ---- build task 查询 Asset Bundle ---- (4ms)
2026-9-7 12:07:50-debug: [Build Memory track]: 查询 Asset Bundle start:299.90MB, end 301.14MB, increase: 1.24MB
2026-9-7 12:07:50-log: run build task 查询 Asset Bundle success in 4 ms√, progress: 5%
2026-9-7 12:07:50-debug: 查询 Asset Bundle start, progress: 5%
2026-9-7 12:07:50-debug: // ---- build task 查询 Asset Bundle ----
2026-9-7 12:07:50-log: run build task 查询 Asset Bundle success in 17 ms√, progress: 10%
2026-9-7 12:07:50-debug: // ---- build task 查询 Asset Bundle ---- (17ms)
2026-9-7 12:07:50-debug: [Build Memory track]: 查询 Asset Bundle start:301.17MB, end 301.32MB, increase: 146.35KB
2026-9-7 12:07:50-debug: 整理部分构建选项内数据到 settings.json start, progress: 10%
2026-9-7 12:07:50-debug: // ---- build task 整理部分构建选项内数据到 settings.json ----
2026-9-7 12:07:50-debug: // ---- build task 整理部分构建选项内数据到 settings.json ---- (1ms)
2026-9-7 12:07:50-log: run build task 整理部分构建选项内数据到 settings.json success in 1 ms√, progress: 12%
2026-9-7 12:07:50-debug: [Build Memory track]: 整理部分构建选项内数据到 settings.json start:301.36MB, end 301.39MB, increase: 39.27KB
2026-9-7 12:07:50-debug: 填充脚本数据到 settings.json start, progress: 12%
2026-9-7 12:07:50-debug: // ---- build task 填充脚本数据到 settings.json ----
2026-9-7 12:07:50-debug: // ---- build task 填充脚本数据到 settings.json ---- (1ms)
2026-9-7 12:07:50-log: run build task 填充脚本数据到 settings.json success in 1 ms√, progress: 13%
2026-9-7 12:07:50-debug: 整理部分构建选项内数据到 settings.json start, progress: 13%
2026-9-7 12:07:50-debug: // ---- build task 整理部分构建选项内数据到 settings.json ----
2026-9-7 12:07:50-debug: [Build Memory track]: 填充脚本数据到 settings.json start:301.43MB, end 301.46MB, increase: 33.54KB
2026-9-7 12:07:50-debug: // ---- build task 整理部分构建选项内数据到 settings.json ---- (6ms)
2026-9-7 12:07:50-log: run build task 整理部分构建选项内数据到 settings.json success in 6 ms√, progress: 15%
2026-9-7 12:07:50-debug: [Build Memory track]: 整理部分构建选项内数据到 settings.json start:301.50MB, end 301.63MB, increase: 132.53KB
2026-9-7 12:08:06-debug: refresh db internal success
2026-9-7 12:08:06-debug: refresh db assets success
2026-9-7 12:08:06-debug: Run asset db hook engine-extends:afterRefresh ...
2026-9-7 12:08:06-debug: Run asset db hook engine-extends:afterRefresh success!
2026-9-7 12:08:06-debug: asset-db:refresh-all-database (25ms)
2026-9-7 12:08:06-debug: asset-db:worker-effect-data-processing (1ms)
2026-9-7 12:08:06-debug: asset-db-hook-engine-extends-afterRefresh (1ms)
2026-9-7 12:09:23-debug: refresh db internal success
2026-9-7 12:09:23-debug: refresh db assets success
2026-9-7 12:09:23-debug: Run asset db hook engine-extends:afterRefresh ...
2026-9-7 12:09:23-debug: Run asset db hook engine-extends:afterRefresh success!
2026-9-7 12:09:23-debug: asset-db:refresh-all-database (27ms)
2026-9-7 12:09:23-debug: asset-db:worker-effect-data-processing (2ms)
2026-9-7 12:09:23-debug: asset-db-hook-engine-extends-afterRefresh (2ms)
2026-9-7 12:31:14-debug: refresh db internal success
2026-9-7 12:31:14-debug: refresh db assets success
2026-9-7 12:31:14-debug: Run asset db hook engine-extends:afterRefresh ...
2026-9-7 12:31:14-debug: Run asset db hook engine-extends:afterRefresh success!
2026-9-7 12:31:14-debug: asset-db:refresh-all-database (48ms)
2026-9-7 12:31:14-debug: asset-db-hook-engine-extends-afterRefresh (4ms)
2026-9-7 12:31:14-debug: asset-db:worker-effect-data-processing (3ms)
2026-9-7 12:54:48-debug: refresh db internal success
2026-9-7 12:54:48-debug: refresh db assets success
2026-9-7 12:54:48-debug: Run asset db hook engine-extends:afterRefresh ...
2026-9-7 12:54:48-debug: Run asset db hook engine-extends:afterRefresh success!
2026-9-7 12:54:48-debug: asset-db:refresh-all-database (44ms)
2026-9-7 12:54:48-debug: asset-db-hook-engine-extends-afterRefresh (1ms)
2026-9-7 12:55:05-debug: refresh db internal success
2026-9-7 12:55:05-debug: refresh db assets success
2026-9-7 12:55:05-debug: Run asset db hook engine-extends:afterRefresh success!
2026-9-7 12:55:05-debug: Run asset db hook engine-extends:afterRefresh ...
2026-9-7 12:55:05-debug: asset-db:refresh-all-database (28ms)
2026-9-7 13:00:10-debug: refresh db internal success
2026-9-7 13:00:10-debug: refresh db assets success
2026-9-7 13:00:10-debug: Run asset db hook engine-extends:afterRefresh ...
2026-9-7 13:00:10-debug: Run asset db hook engine-extends:afterRefresh success!
2026-9-7 13:00:10-debug: asset-db:refresh-all-database (39ms)
2026-9-7 13:00:10-debug: asset-db:worker-effect-data-processing (1ms)
2026-9-7 13:00:10-debug: asset-db-hook-engine-extends-afterRefresh (1ms)
2026-9-7 14:03:26-debug: refresh db internal success
2026-9-7 14:03:26-debug: refresh db assets success
2026-9-7 14:03:26-debug: Run asset db hook engine-extends:afterRefresh ...
2026-9-7 14:03:26-debug: Run asset db hook engine-extends:afterRefresh success!
2026-9-7 14:03:26-debug: asset-db:refresh-all-database (89ms)
2026-9-7 14:03:26-debug: asset-db:worker-effect-data-processing (1ms)
2026-9-7 14:03:26-debug: asset-db-hook-engine-extends-afterRefresh (2ms)
