2026-9-8 20:54:58-log: Cannot access game frame or container.
2026-9-8 20:54:58-debug: asset-db:require-engine-code (784ms)
2026-9-8 20:54:58-log: meshopt wasm decoder initialized
2026-9-8 20:54:58-log: [bullet]:bullet wasm lib loaded.
2026-9-8 20:54:58-log: [box2d]:box2d wasm lib loaded.
2026-9-8 20:54:58-log: Cocos Creator v3.8.8
2026-9-8 20:54:58-log: Using legacy pipeline
2026-9-8 20:54:58-log: Forward render pipeline initialized.
2026-9-8 20:54:58-debug: [Assets Memory track]: asset-db:worker-init: initEngine start:30.52MB, end 79.22MB, increase: 48.70MB
2026-9-8 20:54:59-debug: [Assets Memory track]: asset-db:worker-init: initPlugin start:79.27MB, end 273.49MB, increase: 194.22MB
2026-9-8 20:54:59-debug: run package(wechatgame) handler(enable) success!
2026-9-8 20:54:59-debug: run package(windows) handler(enable) start
2026-9-8 20:54:59-debug: run package(windows) handler(enable) success!
2026-9-8 20:54:59-debug: run package(wechatprogram) handler(enable) start
2026-9-8 20:54:59-debug: run package(xiaomi-quick-game) handler(enable) success!
2026-9-8 20:54:59-debug: run package(cocos-service) handler(enable) start
2026-9-8 20:54:59-debug: run package(cocos-service) handler(enable) success!
2026-9-8 20:54:59-debug: run package(im-plugin) handler(enable) start
2026-9-8 20:54:59-debug: run package(im-plugin) handler(enable) success!
2026-9-8 20:54:59-debug: run package(hotfix-builder) handler(enable) start
2026-9-8 20:54:59-debug: run package(wechatgame) handler(enable) start
2026-9-8 20:54:59-debug: run package(placeholder) handler(enable) start
2026-9-8 20:54:59-debug: run package(xiaomi-quick-game) handler(enable) start
2026-9-8 20:54:59-debug: run package(wechatprogram) handler(enable) success!
2026-9-8 20:54:59-debug: run package(placeholder) handler(enable) success!
2026-9-8 20:54:59-debug: run package(hotfix-builder) handler(enable) success!
2026-9-8 20:54:59-debug: asset-db:worker-init: initPlugin (984ms)
2026-9-8 20:54:59-debug: [Assets Memory track]: asset-db:worker-init start:30.51MB, end 274.11MB, increase: 243.60MB
2026-9-8 20:54:59-debug: Run asset db hook engine-extends:beforePreStart success!
2026-9-8 20:54:59-debug: Run asset db hook programming:beforePreStart success!
2026-9-8 20:54:59-debug: Run asset db hook engine-extends:beforePreStart ...
2026-9-8 20:54:59-debug: Run asset db hook programming:beforePreStart ...
2026-9-8 20:54:59-debug: asset-db:worker-init (1866ms)
2026-9-8 20:54:59-debug: asset-db-hook-programming-beforePreStart (53ms)
2026-9-8 20:54:59-debug: asset-db-hook-engine-extends-beforePreStart (53ms)
2026-9-8 20:54:59-debug: Preimport db internal success
2026-9-8 20:54:59-debug: Preimport db assets success
2026-9-8 20:54:59-debug: starting packer-driver...
2026-9-8 20:54:59-debug: Run asset db hook programming:afterPreStart ...
2026-9-8 20:55:00-debug: initialize scripting environment...
2026-9-8 20:55:00-debug: [[Executor]] prepare before lock
2026-9-8 20:55:00-debug: Set detail map pack:///resolution-detail-map.json: {}
2026-9-8 20:55:00-debug: [[Executor]] prepare after unlock
2026-9-8 20:55:00-debug: [Assets Memory track]: asset-db:worker-init: preStart start:274.12MB, end 277.94MB, increase: 3.82MB
2026-9-8 20:55:00-debug: Start up the 'internal' database...
2026-9-8 20:55:00-debug: Run asset db hook engine-extends:afterPreStart ...
2026-9-8 20:55:00-debug: Run asset db hook programming:afterPreStart success!
2026-9-8 20:55:00-debug: Run asset db hook engine-extends:afterPreStart success!
2026-9-8 20:55:00-debug: asset-db-hook-programming-afterPreStart (260ms)
2026-9-8 20:55:00-debug: asset-db:worker-effect-data-processing (144ms)
2026-9-8 20:55:00-debug: asset-db-hook-engine-extends-afterPreStart (144ms)
2026-9-8 20:55:00-debug: Run asset db hook engine-extends:afterStartDB ...
2026-9-8 20:55:00-debug: recompile effect.bin success
2026-9-8 20:55:00-debug: Run asset db hook engine-extends:afterStartDB success!
2026-9-8 20:55:00-debug: Start up the 'assets' database...
2026-9-8 20:55:00-debug: asset-db:worker-effect-data-processing (158ms)
2026-9-8 20:55:00-debug: asset-db-hook-engine-extends-afterStartDB (158ms)
2026-9-8 20:55:00-debug: Run asset db hook engine-extends:afterStartDB ...
2026-9-8 20:55:00-debug: recompile effect.bin success
2026-9-8 20:55:00-debug: lazy register asset handler directory
2026-9-8 20:55:00-debug: lazy register asset handler text
2026-9-8 20:55:00-debug: lazy register asset handler json
2026-9-8 20:55:00-debug: lazy register asset handler spine-data
2026-9-8 20:55:00-debug: lazy register asset handler dragonbones
2026-9-8 20:55:00-debug: lazy register asset handler dragonbones-atlas
2026-9-8 20:55:00-debug: lazy register asset handler terrain
2026-9-8 20:55:00-debug: lazy register asset handler javascript
2026-9-8 20:55:00-debug: lazy register asset handler typescript
2026-9-8 20:55:00-debug: lazy register asset handler scene
2026-9-8 20:55:00-debug: lazy register asset handler prefab
2026-9-8 20:55:00-debug: lazy register asset handler sprite-frame
2026-9-8 20:55:00-debug: lazy register asset handler tiled-map
2026-9-8 20:55:00-debug: lazy register asset handler buffer
2026-9-8 20:55:00-debug: lazy register asset handler image
2026-9-8 20:55:00-debug: lazy register asset handler *
2026-9-8 20:55:00-debug: lazy register asset handler alpha-image
2026-9-8 20:55:00-debug: lazy register asset handler texture
2026-9-8 20:55:00-debug: lazy register asset handler texture-cube
2026-9-8 20:55:00-debug: lazy register asset handler erp-texture-cube
2026-9-8 20:55:00-debug: lazy register asset handler render-texture
2026-9-8 20:55:00-debug: lazy register asset handler texture-cube-face
2026-9-8 20:55:00-debug: lazy register asset handler rt-sprite-frame
2026-9-8 20:55:00-debug: lazy register asset handler gltf
2026-9-8 20:55:00-debug: lazy register asset handler sign-image
2026-9-8 20:55:00-debug: lazy register asset handler gltf-animation
2026-9-8 20:55:00-debug: lazy register asset handler gltf-skeleton
2026-9-8 20:55:00-debug: lazy register asset handler gltf-material
2026-9-8 20:55:00-debug: Run asset db hook engine-extends:afterStartDB success!
2026-9-8 20:55:00-debug: lazy register asset handler gltf-embeded-image
2026-9-8 20:55:00-debug: lazy register asset handler gltf-mesh
2026-9-8 20:55:00-debug: lazy register asset handler material
2026-9-8 20:55:00-debug: lazy register asset handler physics-material
2026-9-8 20:55:00-debug: lazy register asset handler effect
2026-9-8 20:55:00-debug: lazy register asset handler effect-header
2026-9-8 20:55:00-debug: lazy register asset handler audio-clip
2026-9-8 20:55:00-debug: lazy register asset handler animation-clip
2026-9-8 20:55:00-debug: lazy register asset handler animation-graph
2026-9-8 20:55:00-debug: lazy register asset handler animation-graph-variant
2026-9-8 20:55:00-debug: lazy register asset handler animation-mask
2026-9-8 20:55:00-debug: lazy register asset handler gltf-scene
2026-9-8 20:55:00-debug: lazy register asset handler bitmap-font
2026-9-8 20:55:00-debug: lazy register asset handler particle
2026-9-8 20:55:00-debug: lazy register asset handler ttf-font
2026-9-8 20:55:00-debug: lazy register asset handler auto-atlas
2026-9-8 20:55:00-debug: lazy register asset handler label-atlas
2026-9-8 20:55:00-debug: lazy register asset handler render-pipeline
2026-9-8 20:55:00-debug: lazy register asset handler render-stage
2026-9-8 20:55:00-debug: lazy register asset handler render-flow
2026-9-8 20:55:00-debug: lazy register asset handler fbx
2026-9-8 20:55:00-debug: lazy register asset handler instantiation-mesh
2026-9-8 20:55:00-debug: lazy register asset handler instantiation-skeleton
2026-9-8 20:55:00-debug: lazy register asset handler instantiation-animation
2026-9-8 20:55:00-debug: lazy register asset handler video-clip
2026-9-8 20:55:00-debug: lazy register asset handler instantiation-material
2026-9-8 20:55:00-debug: [Assets Memory track]: asset-db:worker-init: startup start:277.95MB, end 301.19MB, increase: 23.24MB
2026-9-8 20:55:00-debug: lazy register asset handler sprite-atlas
2026-9-8 20:55:00-debug: asset-db:worker-effect-data-processing (125ms)
2026-9-8 20:55:00-debug: asset-db-hook-engine-extends-afterStartDB (125ms)
2026-9-8 20:55:00-debug: asset-db:start-database (671ms)
2026-9-8 20:55:00-debug: asset-db:ready (3746ms)
2026-9-8 20:55:00-debug: init worker message success
2026-9-8 20:55:00-debug: programming:execute-script (2ms)
2026-9-8 20:55:00-debug: [Build Memory track]: builder:worker-init start:298.96MB, end 309.35MB, increase: 10.39MB
2026-9-8 20:55:00-debug: builder:worker-init (149ms)
2026-9-8 20:55:22-debug: refresh db internal success
2026-9-8 20:55:22-debug: refresh db assets success
2026-9-8 20:55:22-debug: Run asset db hook engine-extends:afterRefresh ...
2026-9-8 20:55:22-debug: Run asset db hook engine-extends:afterRefresh success!
2026-9-8 20:55:22-debug: asset-db:refresh-all-database (46ms)
2026-9-8 20:55:22-debug: asset-db-hook-engine-extends-afterRefresh (1ms)
2026-9-8 20:55:22-debug: asset-db:worker-effect-data-processing (1ms)
2026-9-8 21:55:30-debug: refresh db internal success
2026-9-8 21:55:30-debug: refresh db assets success
2026-9-8 21:55:30-debug: Run asset db hook engine-extends:afterRefresh ...
2026-9-8 21:55:30-debug: Run asset db hook engine-extends:afterRefresh success!
2026-9-8 21:55:30-debug: asset-db:refresh-all-database (139ms)
2026-9-8 21:55:30-debug: asset-db:worker-effect-data-processing (1ms)
2026-9-8 21:55:30-debug: asset-db-hook-engine-extends-afterRefresh (1ms)
2026-9-10 12:22:00-debug: refresh db internal success
2026-9-10 12:22:00-debug: refresh db assets success
2026-9-10 12:22:00-debug: Run asset db hook engine-extends:afterRefresh ...
2026-9-10 12:22:00-debug: Run asset db hook engine-extends:afterRefresh success!
2026-9-10 12:22:00-debug: asset-db:refresh-all-database (66ms)
2026-9-10 12:22:00-debug: asset-db:worker-effect-data-processing (2ms)
2026-9-10 12:22:00-debug: asset-db-hook-engine-extends-afterRefresh (2ms)
2026-9-10 13:27:48-debug: refresh db internal success
2026-9-10 13:27:48-debug: refresh db assets success
2026-9-10 13:27:48-debug: Run asset db hook engine-extends:afterRefresh ...
2026-9-10 13:27:48-debug: Run asset db hook engine-extends:afterRefresh success!
2026-9-10 13:27:48-debug: asset-db:refresh-all-database (50ms)
2026-9-10 13:27:48-debug: asset-db:worker-effect-data-processing (2ms)
2026-9-10 13:27:48-debug: asset-db-hook-engine-extends-afterRefresh (2ms)
